Archive member included to satisfy reference by file (symbol)

app/libapp.a(main.c.obj)      (--whole-archive)
app/libapp.a(bma_sensor.c.obj)
                              (--whole-archive)
app/libapp.a(bma4.c.obj)      (--whole-archive)
app/libapp.a(bma456.c.obj)    (--whole-archive)
app/libapp.a(max30102.c.obj)  (--whole-archive)
app/libapp.a(latchSensor.c.obj)
                              (--whole-archive)
app/libapp.a(max30208.c.obj)  (--whole-archive)
app/libapp.a(lightSensor.c.obj)
                              (--whole-archive)
app/libapp.a(algorithm.c.obj)
                              (--whole-archive)
app/libapp.a(display.c.obj)   (--whole-archive)
app/libapp.a(lcd.c.obj)       (--whole-archive)
app/libapp.a(digitalPins.c.obj)
                              (--whole-archive)
app/libapp.a(hts.c.obj)       (--whole-archive)
zephyr/libzephyr.a(cbprintf.c.obj)
                              (--whole-archive)
zephyr/libzephyr.a(crc32_sw.c.obj)
                              (--whole-archive)
zephyr/libzephyr.a(crc16_sw.c.obj)
                              (--whole-archive)
zephyr/libzephyr.a(crc8_sw.c.obj)
                              (--whole-archive)
zephyr/libzephyr.a(crc7_sw.c.obj)
                              (--whole-archive)
zephyr/libzephyr.a(dec.c.obj)
                              (--whole-archive)
zephyr/libzephyr.a(fdtable.c.obj)
                              (--whole-archive)
zephyr/libzephyr.a(hex.c.obj)
                              (--whole-archive)
zephyr/libzephyr.a(notify.c.obj)
                              (--whole-archive)
zephyr/libzephyr.a(printk.c.obj)
                              (--whole-archive)
zephyr/libzephyr.a(onoff.c.obj)
                              (--whole-archive)
zephyr/libzephyr.a(rb.c.obj)  (--whole-archive)
zephyr/libzephyr.a(sem.c.obj)
                              (--whole-archive)
zephyr/libzephyr.a(thread_entry.c.obj)
                              (--whole-archive)
zephyr/libzephyr.a(timeutil.c.obj)
                              (--whole-archive)
zephyr/libzephyr.a(work_q.c.obj)
                              (--whole-archive)
zephyr/libzephyr.a(heap.c.obj)
                              (--whole-archive)
zephyr/libzephyr.a(heap-validate.c.obj)
                              (--whole-archive)
zephyr/libzephyr.a(cbprintf_complete.c.obj)
                              (--whole-archive)
zephyr/libzephyr.a(configs.c.obj)
                              (--whole-archive)
zephyr/libzephyr.a(validate_base_addresses.c.obj)
                              (--whole-archive)
zephyr/libzephyr.a(validate_enabled_instances.c.obj)
                              (--whole-archive)
zephyr/libzephyr.a(log_list.c.obj)
                              (--whole-archive)
zephyr/libzephyr.a(log_core.c.obj)
                              (--whole-archive)
zephyr/libzephyr.a(log_msg.c.obj)
                              (--whole-archive)
zephyr/libzephyr.a(log_output.c.obj)
                              (--whole-archive)
zephyr/libzephyr.a(log_backend_uart.c.obj)
                              (--whole-archive)
zephyr/libzephyr.a(log_backend_rtt.c.obj)
                              (--whole-archive)
zephyr/libzephyr.a(hrs.c.obj)
                              (--whole-archive)
zephyr/libzephyr.a(nvs.c.obj)
                              (--whole-archive)
zephyr/libzephyr.a(addr_utils.c.obj)
                              (--whole-archive)
zephyr/libzephyr.a(flash_map.c.obj)
                              (--whole-archive)
zephyr/libzephyr.a(flash_map_default.c.obj)
                              (--whole-archive)
zephyr/libzephyr.a(settings_store.c.obj)
                              (--whole-archive)
zephyr/libzephyr.a(settings.c.obj)
                              (--whole-archive)
zephyr/libzephyr.a(settings_init.c.obj)
                              (--whole-archive)
zephyr/libzephyr.a(settings_line.c.obj)
                              (--whole-archive)
zephyr/libzephyr.a(settings_nvs.c.obj)
                              (--whole-archive)
zephyr/libzephyr.a(power.c.obj)
                              (--whole-archive)
zephyr/libzephyr.a(policy_residency.c.obj)
                              (--whole-archive)
zephyr/libzephyr.a(uart_console.c.obj)
                              (--whole-archive)
zephyr/libzephyr.a(clock_control_nrf.c.obj)
                              (--whole-archive)
zephyr/libzephyr.a(sys_clock_init.c.obj)
                              (--whole-archive)
zephyr/libzephyr.a(nrf_rtc_timer.c.obj)
                              (--whole-archive)
zephyr/libzephyr.a(SEGGER_RTT.c.obj)
                              (--whole-archive)
zephyr/libzephyr.a(SEGGER_RTT_zephyr.c.obj)
                              (--whole-archive)
zephyr/libzephyr.a(utils.c.obj)
                              (--whole-archive)
zephyr/libzephyr.a(ecc_dh.c.obj)
                              (--whole-archive)
zephyr/libzephyr.a(ecc.c.obj)
                              (--whole-archive)
[...]
Memory Configuration

Name             Origin             Length             Attributes
FLASH            0x00000000         0x00100000         xr
SRAM             0x20000000         0x00040000         xw
IDT_LIST         0x20040000         0x00000800         xw
*default*        0x00000000         0xffffffff

Linker script and memory map

LOAD zephyr/CMakeFiles/zephyr_final.dir/misc/empty_file.c.obj
LOAD zephyr/CMakeFiles/zephyr_final.dir/isr_tables.c.obj
                0x00000020                _region_min_align = 0x20

.rel.plt        0x00000000        0x0
 *(SORT_BY_ALIGNMENT(.rel.plt))
                [!provide]                PROVIDE (__rel_iplt_start = .)
 *(SORT_BY_ALIGNMENT(.rel.iplt))
 .rel.iplt      0x00000000        0x0 zephyr/CMakeFiles/zephyr_final.dir/isr_tables.c.obj
                [!provide]                PROVIDE (__rel_iplt_end = .)

.rela.plt       0x00000000        0x0
 *(SORT_BY_ALIGNMENT(.rela.plt))
                [!provide]                PROVIDE (__rela_iplt_start = .)
 *(SORT_BY_ALIGNMENT(.rela.iplt))
                [!provide]                PROVIDE (__rela_iplt_end = .)

.rel.dyn
 *(SORT_BY_ALIGNMENT(.rel.*))

.rela.dyn
 *(SORT_BY_ALIGNMENT(.rela.*))

/DISCARD/
 *(SORT_BY_ALIGNMENT(.plt))
 *(SORT_BY_ALIGNMENT(.iplt))
 *(SORT_BY_ALIGNMENT(.got.plt))
 *(SORT_BY_ALIGNMENT(.igot.plt))
 *(SORT_BY_ALIGNMENT(.got))
 *(SORT_BY_ALIGNMENT(.igot))
 *(SORT_BY_ALIGNMENT(.irq_info*))
 *(SORT_BY_ALIGNMENT(.intList*))
 *(SORT_BY_ALIGNMENT(.note.GNU-stack))
                0x00000000                _image_rom_start = 0x0

rom_start       0x00000000      0x100
                0x00000000                . = 0x0
                0x00000000                . = ALIGN (0x4)
                0x00000000                . = ALIGN (0x80)
                0x00000000                . = ALIGN (0x100)
                0x00000000                _vector_start = .
 *(SORT_BY_ALIGNMENT(.exc_vector_table))
 *(SORT_BY_ALIGNMENT(.exc_vector_table.*))
 .exc_vector_table._vector_table_section
                0x00000000       0x40 zephyr/arch/arch/arm/core/aarch32/cortex_m/libarch__arm__core__aarch32__cortex_m.a(vector_table.S.obj)
                0x00000000                _vector_table
 *(SORT_BY_ALIGNMENT(.gnu.linkonce.irq_vector_table*))
 .gnu.linkonce.irq_vector_table
                0x00000040       0xc0 zephyr/CMakeFiles/zephyr_final.dir/isr_tables.c.obj
                0x00000040                _irq_vector_table
 *(SORT_BY_ALIGNMENT(.vectors))
                0x00000100                _vector_end = .
 *(SORT_BY_ALIGNMENT(.openocd_dbg))
 *(SORT_BY_ALIGNMENT(.openocd_dbg.*))

text            0x00000100    0x27326
                0x00000100                _image_text_start = .
 *(SORT_BY_ALIGNMENT(.text))
 .text          0x00000100      0x378 c:/gnu_arm_embedded/bin/../lib/gcc/arm-none-eabi/10.2.1/thumb/v7e-m/nofp\libgcc.a(_arm_addsubdf3.o)
                0x00000100                __aeabi_drsub
                0x00000108                __aeabi_dsub
                0x00000108                __subdf3
                0x0000010c                __aeabi_dadd
                0x0000010c                __adddf3
                0x00000384                __floatunsidf
                0x00000384                __aeabi_ui2d
                0x000003a4                __floatsidf
                0x000003a4                __aeabi_i2d
                0x000003c8                __aeabi_f2d
                0x000003c8                __extendsfdf2
                0x0000040c                __floatundidf
                0x0000040c                __aeabi_ul2d
                0x0000041c                __floatdidf
                0x0000041c                __aeabi_l2d
 .text          0x00000478      0x424 c:/gnu_arm_embedded/bin/../lib/gcc/arm-none-eabi/10.2.1/thumb/v7e-m/nofp\libgcc.a(_arm_muldivdf3.o)
                0x00000478                __aeabi_dmul
                0x00000478                __muldf3
                0x000006cc                __divdf3
                0x000006cc                __aeabi_ddiv
 .text          0x0000089c       0x50 c:/gnu_arm_embedded/bin/../lib/gcc/arm-none-eabi/10.2.1/thumb/v7e-m/nofp\libgcc.a(_arm_fixdfsi.o)
                0x0000089c                __aeabi_d2iz
                0x0000089c                __fixdfsi
 .text          0x000008ec       0x40 c:/gnu_arm_embedded/bin/../lib/gcc/arm-none-eabi/10.2.1/thumb/v7e-m/nofp\libgcc.a(_arm_fixunsdfsi.o)
                0x000008ec                __aeabi_d2uiz
                0x000008ec                __fixunsdfsi
 .text          0x0000092c       0xa0 c:/gnu_arm_embedded/bin/../lib/gcc/arm-none-eabi/10.2.1/thumb/v7e-m/nofp\libgcc.a(_arm_truncdfsf2.o)
                0x0000092c                __truncdfsf2
                0x0000092c                __aeabi_d2f
 .text          0x000009cc      0x21c c:/gnu_arm_embedded/bin/../lib/gcc/arm-none-eabi/10.2.1/thumb/v7e-m/nofp\libgcc.a(_arm_addsubsf3.o)
                0x000009cc                __aeabi_frsub
                0x000009d4                __subsf3
                0x000009d4                __aeabi_fsub
                0x000009d8                __aeabi_fadd
                0x000009d8                __addsf3
                0x00000b38                __aeabi_ui2f
                0x00000b38                __floatunsisf
                0x00000b40                __aeabi_i2f
                0x00000b40                __floatsisf
                0x00000b5c                __aeabi_ul2f
                0x00000b5c                __floatundisf
                0x00000b6c                __aeabi_l2f
                0x00000b6c                __floatdisf
 .text          0x00000be8      0x2a0 c:/gnu_arm_embedded/bin/../lib/gcc/arm-none-eabi/10.2.1/thumb/v7e-m/nofp\libgcc.a(_arm_muldivsf3.o)
                0x00000be8                __mulsf3
                0x00000be8                __aeabi_fmul
                0x00000d50                __aeabi_fdiv
                0x00000d50                __divsf3
 .text          0x00000e88       0x30 c:/gnu_arm_embedded/bin/../lib/gcc/arm-none-eabi/10.2.1/thumb/v7e-m/nofp\libgcc.a(_aeabi_uldivmod.o)
                0x00000e88                __aeabi_uldivmod
 .text          0x00000eb8      0x2d0 c:/gnu_arm_embedded/bin/../lib/gcc/arm-none-eabi/10.2.1/thumb/v7e-m/nofp\libgcc.a(_udivmoddi4.o)
                0x00000eb8                __udivmoddi4
 .text          0x00001188        0x4 c:/gnu_arm_embedded/bin/../lib/gcc/arm-none-eabi/10.2.1/thumb/v7e-m/nofp\libgcc.a(_dvmd_tls.o)
                0x00001188                __aeabi_idiv0
                0x00001188                __aeabi_ldiv0
 *(SORT_BY_ALIGNMENT(.text.*))
 *fill*         0x0000118c        0x4 
 .text.brightness_task
                0x00001190       0x88 app/libapp.a(main.c.obj)
                0x00001190                brightness_task
 .text.main     0x00001218       0xdc app/libapp.a(main.c.obj)
                0x00001218                main
 *fill*         0x000012f4        0x4 
 .text.max30208_read_temp
                0x000012f8       0x40 app/libapp.a(max30208.c.obj)
                0x000012f8                max30208_read_temp
 .text.AnalogRead
                0x00001338       0xc8 app/libapp.a(lightSensor.c.obj)
                0x00001338                AnalogRead
 .text.bt_init  0x00001400      0x554 zephyr/subsys/bluetooth/host/libsubsys__bluetooth__host.a(hci_core.c.obj)
 *fill*         0x00001954        0x4 
 .text.ull_drift_ticks_get
                0x00001958       0x8c zephyr/subsys/bluetooth/controller/libsubsys__bluetooth__controller.a(ull.c.obj)
                0x00001958                ull_drift_ticks_get
 *fill*         0x000019e4        0x4 
 .text.ll_adv_enable
                0x000019e8      0x498 zephyr/subsys/bluetooth/controller/libsubsys__bluetooth__controller.a(ull_adv.c.obj)
                0x000019e8                ll_adv_enable
 .text.event_conn_upd_prep
                0x00001e80      0x540 zephyr/subsys/bluetooth/controller/libsubsys__bluetooth__controller.a(ull_conn.c.obj)
 .text.ull_slave_setup
                0x000023c0      0x3f8 zephyr/subsys/bluetooth/controller/libsubsys__bluetooth__controller.a(ull_slave.c.obj)
                0x000023c0                ull_slave_setup
 .text.nrf_flash_sync_exe
                0x000027b8       0xf8 zephyr/drivers/flash/libdrivers__flash.a(soc_flash_nrf_ticker.c.obj)
                0x000027b8                nrf_flash_sync_exe
 .text.nrf_flash_sync_check_time_limit
                0x000028b0       0x48 zephyr/drivers/flash/libdrivers__flash.a(soc_flash_nrf_ticker.c.obj)
                0x000028b0                nrf_flash_sync_check_time_limit
 .text.vnd_ccc_cfg_changed
                0x000028f8       0x20 app/libapp.a(main.c.obj)
 .text.disconnected
                0x00002918        0xc app/libapp.a(main.c.obj)
 .text.connected
                0x00002924       0x18 app/libapp.a(main.c.obj)
 .text.hrs_notify
                0x0000293c       0x18 app/libapp.a(main.c.obj)
 .text.bt_addr_le_to_str.constprop.0.isra.0
                0x00002954       0x78 app/libapp.a(main.c.obj)
 .text.auth_cancel
                0x000029cc       0x20 app/libapp.a(main.c.obj)
 .text.auth_passkey_display
                0x000029ec       0x24 app/libapp.a(main.c.obj)
 .text.buzzer_task
                0x00002a10       0x1c app/libapp.a(main.c.obj)
                0x00002a10                buzzer_task
 .text.vibration_task
                0x00002a2c       0x20 app/libapp.a(main.c.obj)
                0x00002a2c                vibration_task
 .text.latch_sensor_task
                0x00002a4c       0x20 app/libapp.a(main.c.obj)
                0x00002a4c                latch_sensor_task
 .text.sensors_read_task
                0x00002a6c       0x8c app/libapp.a(main.c.obj)
                0x00002a6c                sensors_read_task
 .text.refresh_display
                0x00002af8       0x20 app/libapp.a(main.c.obj)
                0x00002af8                refresh_display
 .text.display_task
                0x00002b18      0x2c8 app/libapp.a(main.c.obj)
                0x00002b18                display_task
 .text.bma_i2c_read
                0x00002de0       0x44 app/libapp.a(bma_sensor.c.obj)
 .text.bma_i2c_write
                0x00002e24       0x44 app/libapp.a(bma_sensor.c.obj)
 .text.initialize_bma
                0x00002e68       0xb8 app/libapp.a(bma_sensor.c.obj)
                0x00002e68                initialize_bma
 .text.stepCounterEnable
                0x00002f20      0x114 app/libapp.a(bma_sensor.c.obj)
                0x00002f20                stepCounterEnable
 .text.getStepCounterOutput
                0x00003034       0x3c app/libapp.a(bma_sensor.c.obj)
                0x00003034                getStepCounterOutput
 .text.bma4_write_config_file
                0x00003070      0x154 app/libapp.a(bma4.c.obj)
                0x00003070                bma4_write_config_file
 .text.bma4_map_interrupt
                0x000031c4       0x90 app/libapp.a(bma4.c.obj)
                0x000031c4                bma4_map_interrupt
 .text.bma456_write_config_file
                0x00003254       0x40 app/libapp.a(bma456.c.obj)
                0x00003254                bma456_write_config_file
 .text.max30102_i2c_write.constprop.0
                0x00003294       0x38 app/libapp.a(max30102.c.obj)
 .text.max30102_i2c_read.constprop.0
                0x000032cc       0x44 app/libapp.a(max30102.c.obj)
 .text.max30102_reset
                0x00003310       0x28 app/libapp.a(max30102.c.obj)
                0x00003310                max30102_reset
 .text.init_max30102
                0x00003338       0x50 app/libapp.a(max30102.c.obj)
                0x00003338                init_max30102
 .text.max30102_read_fifo
                0x00003388       0xbc app/libapp.a(max30102.c.obj)
                0x00003388                max30102_read_fifo
 .text.first_data_read
                0x00003444       0xc0 app/libapp.a(max30102.c.obj)
                0x00003444                first_data_read
 .text.read_heart_rate_spio2
                0x00003504      0x134 app/libapp.a(max30102.c.obj)
                0x00003504                read_heart_rate_spio2
 .text.button_pressed
                0x00003638        0xc app/libapp.a(latchSensor.c.obj)
                0x00003638                button_pressed
 .text.init_latch
                0x00003644       0xd0 app/libapp.a(latchSensor.c.obj)
                0x00003644                init_latch
 .text.detect_latch
                0x00003714       0x14 app/libapp.a(latchSensor.c.obj)
                0x00003714                detect_latch
 .text.max30208_i2c_write.constprop.0
                0x00003728       0x38 app/libapp.a(max30208.c.obj)
 .text.max30208_i2c_read.constprop.0
                0x00003760       0x40 app/libapp.a(max30208.c.obj)
 .text.mpu6050_i2c_write.constprop.0.isra.0
                0x000037a0       0x34 app/libapp.a(max30208.c.obj)
 .text.mpu6050_i2c_read.constprop.0
                0x000037d4       0x40 app/libapp.a(max30208.c.obj)
 .text.init_max30208
                0x00003814       0x3c app/libapp.a(max30208.c.obj)
                0x00003814                init_max30208
 .text.configure_max30208
                0x00003850       0x6c app/libapp.a(max30208.c.obj)
                0x00003850                configure_max30208
 .text.configure_mpu6050
                0x000038bc       0x38 app/libapp.a(max30208.c.obj)
                0x000038bc                configure_mpu6050
 .text.getAdcDevice
                0x000038f4        0xc app/libapp.a(lightSensor.c.obj)
                0x000038f4                getAdcDevice
 .text.maxim_heart_rate_and_oxygen_saturation
                0x00003900      0x378 app/libapp.a(algorithm.c.obj)
                0x00003900                maxim_heart_rate_and_oxygen_saturation
 .text.init_lcd_output
                0x00003c78       0xc8 app/libapp.a(display.c.obj)
                0x00003c78                init_lcd_output
 .text.setOutputcs
                0x00003d40       0x24 app/libapp.a(display.c.obj)
                0x00003d40                setOutputcs
 .text.setOutputLcdRst
                0x00003d64       0x24 app/libapp.a(display.c.obj)
                0x00003d64                setOutputLcdRst
 .text.setOutputVciEn
                0x00003d88       0x24 app/libapp.a(display.c.obj)
                0x00003d88                setOutputVciEn
 .text.setOutputDcx
                0x00003dac       0x24 app/libapp.a(display.c.obj)
                0x00003dac                setOutputDcx
 .text.write_bytes
                0x00003dd0       0x30 app/libapp.a(display.c.obj)
                0x00003dd0                write_bytes
 .text.device_get_binding.constprop.0
                0x00003e00        0xc app/libapp.a(lcd.c.obj)
 .text.WriteComm
                0x00003e0c       0x70 app/libapp.a(lcd.c.obj)
                0x00003e0c                WriteComm
 .text.WriteData
                0x00003e7c       0x70 app/libapp.a(lcd.c.obj)
                0x00003e7c                WriteData
 .text.DispLogo
                0x00003eec       0xd4 app/libapp.a(lcd.c.obj)
                0x00003eec                DispLogo
 .text.DispIcon
                0x00003fc0       0xe4 app/libapp.a(lcd.c.obj)
                0x00003fc0                DispIcon
 .text.LCD_Init
                0x000040a4       0x70 app/libapp.a(lcd.c.obj)
                0x000040a4                LCD_Init
 .text.WriteOneDot
                0x00004114       0x70 app/libapp.a(lcd.c.obj)
                0x00004114                WriteOneDot
 .text.DispOneChar
                0x00004184       0x50 app/libapp.a(lcd.c.obj)
                0x00004184                DispOneChar
 .text.init_output
                0x000041d4       0x78 app/libapp.a(digitalPins.c.obj)
                0x000041d4                init_output
 .text.toggle_buzzer
                0x0000424c       0x34 app/libapp.a(digitalPins.c.obj)
                0x0000424c                toggle_buzzer
 .text.toggle_motor
                0x00004280       0x2c app/libapp.a(digitalPins.c.obj)
                0x00004280                toggle_motor
 .text.htmc_ccc_cfg_changed
                0x000042ac       0x10 app/libapp.a(hts.c.obj)
 .text.indicate_destroy
                0x000042bc       0x18 app/libapp.a(hts.c.obj)
 .text.indicate_cb
                0x000042d4       0x1c app/libapp.a(hts.c.obj)
 .text.hts_init
                0x000042f0       0x30 app/libapp.a(hts.c.obj)
                0x000042f0                hts_init
 .text.hts_indicate
                0x00004320       0x88 app/libapp.a(hts.c.obj)
                0x00004320                hts_indicate
 .text.crc8_ccitt
                0x000043a8       0x30 zephyr/libzephyr.a(crc8_sw.c.obj)
                0x000043a8                crc8_ccitt
 .text.char_out
                0x000043d8       0x10 zephyr/libzephyr.a(printk.c.obj)
 .text.__printk_hook_install
                0x000043e8        0xc zephyr/libzephyr.a(printk.c.obj)
                0x000043e8                __printk_hook_install
 .text.vprintk  0x000043f4       0x1c zephyr/libzephyr.a(printk.c.obj)
                0x000043f4                vprintk
 .text.vsnprintk
                0x00004410       0x28 zephyr/libzephyr.a(printk.c.obj)
                0x00004410                vsnprintk
 .text.process_event
                0x00004438      0x1c0 zephyr/libzephyr.a(onoff.c.obj)
 .text.cbvprintf
                0x000045f8      0xd08 zephyr/libzephyr.a(cbprintf_complete.c.obj)
                0x000045f8                cbvprintf
 .text.enable_logger
                0x00005300       0x5c zephyr/libzephyr.a(log_core.c.obj)
 .text.log_process_thread_timer_expiry_fn
                0x0000535c        0xc zephyr/libzephyr.a(log_core.c.obj)
 .text.log_core_init
                0x00005368       0x40 zephyr/libzephyr.a(log_core.c.obj)
                0x00005368                log_core_init
 .text.dropped_notify
                0x000053a8       0x4c zephyr/libzephyr.a(log_core.c.obj)
                0x000053a8                dropped_notify
 .text.log_dropped
                0x000053f4       0x20 zephyr/libzephyr.a(log_core.c.obj)
                0x000053f4                log_dropped
 .text.log_source_name_get
                0x00005414       0x1c zephyr/libzephyr.a(log_core.c.obj)
                0x00005414                log_source_name_get
 .text.log_backend_enable
                0x00005430       0x34 zephyr/libzephyr.a(log_core.c.obj)
                0x00005430                log_backend_enable
 .text.log_init
                0x00005464       0x54 zephyr/libzephyr.a(log_core.c.obj)
                0x00005464                log_init
 .text.log_strdup
                0x000054b8       0x6c zephyr/libzephyr.a(log_core.c.obj)
                0x000054b8                log_strdup
 .text.log_is_strdup
                0x00005524       0x1c zephyr/libzephyr.a(log_core.c.obj)
                0x00005524                log_is_strdup
 .text.z_impl_log_process
                0x00005540      0x174 zephyr/libzephyr.a(log_core.c.obj)
                0x00005540                z_impl_log_process
 .text.log_process_thread_func
                0x000056b4       0x48 zephyr/libzephyr.a(log_core.c.obj)
 .text.msg_finalize
                0x000056fc       0xc4 zephyr/libzephyr.a(log_core.c.obj)
 .text.z_impl_log_panic
                0x000057c0       0x48 zephyr/libzephyr.a(log_core.c.obj)
                0x000057c0                z_impl_log_panic
 .text.log_free
                0x00005808       0x34 zephyr/libzephyr.a(log_core.c.obj)
                0x00005808                log_free
 .text.log_msg_pool_init
                0x0000583c       0x14 zephyr/libzephyr.a(log_msg.c.obj)
                0x0000583c                log_msg_pool_init
 .text.log_msg_no_space_handle
                0x00005850       0x30 zephyr/libzephyr.a(log_msg.c.obj)
                0x00005850                log_msg_no_space_handle
 .text.log_msg_chunk_alloc
                0x00005880       0x28 zephyr/libzephyr.a(log_msg.c.obj)
                0x00005880                log_msg_chunk_alloc
 .text.msg_free
                0x000058a8       0x7c zephyr/libzephyr.a(log_msg.c.obj)
 .text.print_formatted
                0x00005924       0x24 zephyr/libzephyr.a(log_output.c.obj)
 .text.hexdump_line_print
                0x00005948       0xdc zephyr/libzephyr.a(log_output.c.obj)
 .text.prefix_print
                0x00005a24      0x11c zephyr/libzephyr.a(log_output.c.obj)
 .text.postfix_print
                0x00005b40       0x3c zephyr/libzephyr.a(log_output.c.obj)
 .text.log_output_msg_process
                0x00005b7c       0xf8 zephyr/libzephyr.a(log_output.c.obj)
                0x00005b7c                log_output_msg_process
 .text.log_output_dropped_process
                0x00005c74       0x58 zephyr/libzephyr.a(log_output.c.obj)
                0x00005c74                log_output_dropped_process
 .text.log_output_timestamp_freq_set
                0x00005ccc       0x30 zephyr/libzephyr.a(log_output.c.obj)
                0x00005ccc                log_output_timestamp_freq_set
 .text.char_out
                0x00005cfc       0x24 zephyr/libzephyr.a(log_backend_uart.c.obj)
 .text.panic    0x00005d20        0xc zephyr/libzephyr.a(log_backend_uart.c.obj)
 .text.dropped  0x00005d2c        0xc zephyr/libzephyr.a(log_backend_uart.c.obj)
 .text.log_backend_uart_init
                0x00005d38       0x18 zephyr/libzephyr.a(log_backend_uart.c.obj)
 .text.put      0x00005d50       0x24 zephyr/libzephyr.a(log_backend_uart.c.obj)
 .text.log_backend_rtt_init
                0x00005d74        0xc zephyr/libzephyr.a(log_backend_rtt.c.obj)
 .text.panic    0x00005d80       0x14 zephyr/libzephyr.a(log_backend_rtt.c.obj)
 .text.dropped  0x00005d94        0xc zephyr/libzephyr.a(log_backend_rtt.c.obj)
 .text.put      0x00005da0       0x24 zephyr/libzephyr.a(log_backend_rtt.c.obj)
 .text.on_failed_write.part.0
                0x00005dc4       0x1c zephyr/libzephyr.a(log_backend_rtt.c.obj)
 .text.data_out_block_mode
                0x00005de0       0x9c zephyr/libzephyr.a(log_backend_rtt.c.obj)
 .text.hrs_init
                0x00005e7c       0x10 zephyr/libzephyr.a(hrs.c.obj)
 .text.read_blsc
                0x00005e8c       0x1c zephyr/libzephyr.a(hrs.c.obj)
 .text.hrmc_ccc_cfg_changed
                0x00005ea8       0x34 zephyr/libzephyr.a(hrs.c.obj)
 .text.bt_hrs_notify
                0x00005edc       0x40 zephyr/libzephyr.a(hrs.c.obj)
                0x00005edc                bt_hrs_notify
 .text.nvs_recover_last_ate
                0x00005f1c       0x60 zephyr/libzephyr.a(nvs.c.obj)
 .text.nvs_gc   0x00005f7c      0x150 zephyr/libzephyr.a(nvs.c.obj)
 .text.nvs_init
                0x000060cc      0x2d8 zephyr/libzephyr.a(nvs.c.obj)
                0x000060cc                nvs_init
 .text.nvs_write
                0x000063a4      0x1a8 zephyr/libzephyr.a(nvs.c.obj)
                0x000063a4                nvs_write
 .text.nvs_read_hist
                0x0000654c       0xd0 zephyr/libzephyr.a(nvs.c.obj)
                0x0000654c                nvs_read_hist
 .text.get_flash_area_from_id
                0x0000661c       0x2c zephyr/libzephyr.a(flash_map.c.obj)
 .text.flash_area_open
                0x00006648       0x28 zephyr/libzephyr.a(flash_map.c.obj)
                0x00006648                flash_area_open
 .text.flash_area_get_sectors
                0x00006670       0x50 zephyr/libzephyr.a(flash_map.c.obj)
                0x00006670                flash_area_get_sectors
 .text.settings_save_one
                0x000066c0       0x4c zephyr/libzephyr.a(settings_store.c.obj)
                0x000066c0                settings_save_one
 .text.settings_src_register
                0x0000670c       0x1c zephyr/libzephyr.a(settings_store.c.obj)
                0x0000670c                settings_src_register
 .text.settings_dst_register
                0x00006728        0xc zephyr/libzephyr.a(settings_store.c.obj)
                0x00006728                settings_dst_register
 .text.settings_load_subtree
                0x00006734       0x4c zephyr/libzephyr.a(settings_store.c.obj)
                0x00006734                settings_load_subtree
 .text.settings_load_subtree_direct
                0x00006780       0x40 zephyr/libzephyr.a(settings_store.c.obj)
                0x00006780                settings_load_subtree_direct
 .text.settings_store_init
                0x000067c0       0x10 zephyr/libzephyr.a(settings_store.c.obj)
                0x000067c0                settings_store_init
 .text.settings_init
                0x000067d0       0x10 zephyr/libzephyr.a(settings.c.obj)
                0x000067d0                settings_init
 .text.settings_parse_and_lookup
                0x000067e0       0x94 zephyr/libzephyr.a(settings.c.obj)
                0x000067e0                settings_parse_and_lookup
 .text.settings_call_set_handler
                0x00006874       0x9c zephyr/libzephyr.a(settings.c.obj)
                0x00006874                settings_call_set_handler
 .text.settings_commit_subtree
                0x00006910       0x78 zephyr/libzephyr.a(settings.c.obj)
                0x00006910                settings_commit_subtree
 .text.settings_subsys_init
                0x00006988       0x20 zephyr/libzephyr.a(settings_init.c.obj)
                0x00006988                settings_subsys_init
 .text.settings_nvs_load
                0x000069a8       0xb8 zephyr/libzephyr.a(settings_nvs.c.obj)
 .text.settings_backend_init
                0x00006a60       0x98 zephyr/libzephyr.a(settings_nvs.c.obj)
                0x00006a60                settings_backend_init
 .text.pm_state_notify
                0x00006af8       0x44 zephyr/libzephyr.a(power.c.obj)
 .text.pm_system_suspend
                0x00006b3c       0x78 zephyr/libzephyr.a(power.c.obj)
                0x00006b3c                pm_system_suspend
 .text.pm_system_resume
                0x00006bb4       0x24 zephyr/libzephyr.a(power.c.obj)
                0x00006bb4                pm_system_resume
 .text.uart_console_init
                0x00006bd8       0x2c zephyr/libzephyr.a(uart_console.c.obj)
 .text.console_out
                0x00006c04       0x28 zephyr/libzephyr.a(uart_console.c.obj)
 .text.onoff_stop
                0x00006c2c       0x30 zephyr/libzephyr.a(clock_control_nrf.c.obj)
 .text.onoff_start
                0x00006c5c       0x44 zephyr/libzephyr.a(clock_control_nrf.c.obj)
 .text.clk_init
                0x00006ca0       0x60 zephyr/libzephyr.a(clock_control_nrf.c.obj)
 .text.clkstarted_handle.constprop.0
                0x00006d00       0x34 zephyr/libzephyr.a(clock_control_nrf.c.obj)
 .text.clock_event_handler
                0x00006d34       0x1c zephyr/libzephyr.a(clock_control_nrf.c.obj)
 .text.generic_hfclk_start
                0x00006d50       0x64 zephyr/libzephyr.a(clock_control_nrf.c.obj)
 .text.api_blocking_start
                0x00006db4       0x3c zephyr/libzephyr.a(clock_control_nrf.c.obj)
 .text.generic_hfclk_stop
                0x00006df0       0x2c zephyr/libzephyr.a(clock_control_nrf.c.obj)
 .text.z_nrf_clock_control_get_onoff
                0x00006e1c       0x10 zephyr/libzephyr.a(clock_control_nrf.c.obj)
                0x00006e1c                z_nrf_clock_control_get_onoff
 .text.z_nrf_clock_bt_ctlr_hf_request
                0x00006e2c       0x2c zephyr/libzephyr.a(clock_control_nrf.c.obj)
                0x00006e2c                z_nrf_clock_bt_ctlr_hf_request
 .text.z_nrf_clock_bt_ctlr_hf_release
                0x00006e58       0x2c zephyr/libzephyr.a(clock_control_nrf.c.obj)
                0x00006e58                z_nrf_clock_bt_ctlr_hf_release
 .text.z_nrf_clock_control_lf_on
                0x00006e84      0x100 zephyr/libzephyr.a(clock_control_nrf.c.obj)
                0x00006e84                z_nrf_clock_control_lf_on
 .text.sys_clock_timeout_handler
                0x00006f84       0x18 zephyr/libzephyr.a(nrf_rtc_timer.c.obj)
 .text.set_absolute_alarm
                0x00006f9c       0x94 zephyr/libzephyr.a(nrf_rtc_timer.c.obj)
 .text.rtc_nrf_isr
                0x00007030       0x50 zephyr/libzephyr.a(nrf_rtc_timer.c.obj)
                0x00007030                rtc_nrf_isr
 .text.z_clock_driver_init
                0x00007080       0x4c zephyr/libzephyr.a(nrf_rtc_timer.c.obj)
                0x00007080                z_clock_driver_init
 .text.z_clock_set_timeout
                0x000070cc       0x64 zephyr/libzephyr.a(nrf_rtc_timer.c.obj)
                0x000070cc                z_clock_set_timeout
 .text.z_clock_elapsed
                0x00007130       0x34 zephyr/libzephyr.a(nrf_rtc_timer.c.obj)
                0x00007130                z_clock_elapsed
 .text.z_timer_cycle_get_32
                0x00007164       0x34 zephyr/libzephyr.a(nrf_rtc_timer.c.obj)
                0x00007164                z_timer_cycle_get_32
 .text._DoInit  0x00007198       0x60 zephyr/libzephyr.a(SEGGER_RTT.c.obj)
 .text.SEGGER_RTT_WriteSkipNoLock
                0x000071f8       0x98 zephyr/libzephyr.a(SEGGER_RTT.c.obj)
                0x000071f8                SEGGER_RTT_WriteSkipNoLock
 .text.SEGGER_RTT_HasDataUp
                0x00007290       0x14 zephyr/libzephyr.a(SEGGER_RTT.c.obj)
                0x00007290                SEGGER_RTT_HasDataUp
 .text.uECC_get_rng
                0x000072a4        0xc zephyr/libzephyr.a(ecc.c.obj)
                0x000072a4                uECC_get_rng
 .text.vli_mmod_fast_secp256r1
                0x000072b0      0x188 zephyr/libzephyr.a(ecc.c.obj)
                0x000072b0                vli_mmod_fast_secp256r1
 .text.sub_bytes
                0x00007438       0x18 zephyr/libzephyr.a(aes_encrypt.c.obj)
 .text.tc_aes128_set_encrypt_key
                0x00007450       0xa4 zephyr/libzephyr.a(aes_encrypt.c.obj)
                0x00007450                tc_aes128_set_encrypt_key
 .text.arch_swap
                0x000074f4       0x38 zephyr/arch/arch/arm/core/aarch32/libarch__arm__core__aarch32.a(swap.c.obj)
                0x000074f4                arch_swap
 .text.z_arm_pendsv
                0x0000752c       0x54 zephyr/arch/arch/arm/core/aarch32/libarch__arm__core__aarch32.a(swap_helper.S.obj)
                0x0000752c                z_arm_pendsv
 .text.z_arm_svc
                0x00007580       0x20 zephyr/arch/arch/arm/core/aarch32/libarch__arm__core__aarch32.a(swap_helper.S.obj)
                0x00007580                z_arm_svc
 .text.arch_irq_enable
                0x000075a0       0x20 zephyr/arch/arch/arm/core/aarch32/libarch__arm__core__aarch32.a(irq_manage.c.obj)
                0x000075a0                arch_irq_enable
 .text.arch_irq_disable
                0x000075c0       0x28 zephyr/arch/arch/arm/core/aarch32/libarch__arm__core__aarch32.a(irq_manage.c.obj)
                0x000075c0                arch_irq_disable
 .text.arch_irq_is_enabled
                0x000075e8       0x1c zephyr/arch/arch/arm/core/aarch32/libarch__arm__core__aarch32.a(irq_manage.c.obj)
                0x000075e8                arch_irq_is_enabled
 .text.z_arm_irq_priority_set
                0x00007604       0x30 zephyr/arch/arch/arm/core/aarch32/libarch__arm__core__aarch32.a(irq_manage.c.obj)
                0x00007604                z_arm_irq_priority_set
 .text._arch_isr_direct_pm
                0x00007634       0x1c zephyr/arch/arch/arm/core/aarch32/libarch__arm__core__aarch32.a(irq_manage.c.obj)
                0x00007634                _arch_isr_direct_pm
 .text.arch_new_thread
                0x00007650       0x38 zephyr/arch/arch/arm/core/aarch32/libarch__arm__core__aarch32.a(thread.c.obj)
                0x00007650                arch_new_thread
 .text.z_check_thread_stack_fail
                0x00007688       0x2c zephyr/arch/arch/arm/core/aarch32/libarch__arm__core__aarch32.a(thread.c.obj)
                0x00007688                z_check_thread_stack_fail
 .text.arch_switch_to_main_thread
                0x000076b4       0x34 zephyr/arch/arch/arm/core/aarch32/libarch__arm__core__aarch32.a(thread.c.obj)
                0x000076b4                arch_switch_to_main_thread
 .text.z_arm_cpu_idle_init
                0x000076e8        0xc zephyr/arch/arch/arm/core/aarch32/libarch__arm__core__aarch32.a(cpu_idle.S.obj)
                0x000076e8                z_arm_cpu_idle_init
 .text.arch_cpu_idle
                0x000076f4       0x1c zephyr/arch/arch/arm/core/aarch32/libarch__arm__core__aarch32.a(cpu_idle.S.obj)
                0x000076f4                arch_cpu_idle
 .text.arch_cpu_atomic_idle
                0x00007710       0x14 zephyr/arch/arch/arm/core/aarch32/libarch__arm__core__aarch32.a(cpu_idle.S.obj)
                0x00007710                arch_cpu_atomic_idle
 .text.z_arm_fatal_error
                0x00007724       0x70 zephyr/arch/arch/arm/core/aarch32/libarch__arm__core__aarch32.a(fatal.c.obj)
                0x00007724                z_arm_fatal_error
 .text.z_SysNmiOnReset
                0x00007794        0x8 zephyr/arch/arch/arm/core/aarch32/libarch__arm__core__aarch32.a(nmi_on_reset.S.obj)
                0x00007794                z_SysNmiOnReset
 .text.z_arm_prep_c
                0x0000779c       0x44 zephyr/arch/arch/arm/core/aarch32/libarch__arm__core__aarch32.a(prep_c.c.obj)
                0x0000779c                z_arm_prep_c
 .text._isr_wrapper
                0x000077e0       0x40 zephyr/arch/arch/arm/core/aarch32/libarch__arm__core__aarch32.a(isr_wrapper.S.obj)
                0x000077e0                _isr_wrapper
 .text._reset_section
                0x00007820       0x30 zephyr/arch/arch/arm/core/aarch32/cortex_m/libarch__arm__core__aarch32__cortex_m.a(reset.S.obj)
                0x00007820                __start
                0x00007820                z_arm_reset
 .text.__fault  0x00007850       0x14 zephyr/arch/arch/arm/core/aarch32/cortex_m/libarch__arm__core__aarch32__cortex_m.a(fault_s.S.obj)
                0x00007850                z_arm_usage_fault
                0x00007850                z_arm_mpu_fault
                0x00007850                z_arm_exc_spurious
                0x00007850                z_arm_debug_monitor
                0x00007850                z_arm_hard_fault
                0x00007850                z_arm_bus_fault
 .text.mem_manage_fault
                0x00007864      0x104 zephyr/arch/arch/arm/core/aarch32/cortex_m/libarch__arm__core__aarch32__cortex_m.a(fault.c.obj)
 .text.usage_fault.constprop.0
                0x00007968       0xb8 zephyr/arch/arch/arm/core/aarch32/cortex_m/libarch__arm__core__aarch32__cortex_m.a(fault.c.obj)
 .text.bus_fault.constprop.0
                0x00007a20       0xdc zephyr/arch/arch/arm/core/aarch32/cortex_m/libarch__arm__core__aarch32__cortex_m.a(fault.c.obj)
 .text.z_arm_fault
                0x00007afc      0x194 zephyr/arch/arch/arm/core/aarch32/cortex_m/libarch__arm__core__aarch32__cortex_m.a(fault.c.obj)
                0x00007afc                z_arm_fault
 .text.z_arm_fault_init
                0x00007c90       0x10 zephyr/arch/arch/arm/core/aarch32/cortex_m/libarch__arm__core__aarch32__cortex_m.a(fault.c.obj)
                0x00007c90                z_arm_fault_init
 .text._HandlerModeExit
                0x00007ca0       0x1c zephyr/arch/arch/arm/core/aarch32/cortex_m/libarch__arm__core__aarch32__cortex_m.a(exc_exit.S.obj)
                0x00007ca0                z_arm_int_exit
                0x00007ca0                z_arm_exc_exit
 .text.z_arm_interrupt_init
                0x00007cbc       0x18 zephyr/arch/arch/arm/core/aarch32/cortex_m/libarch__arm__core__aarch32__cortex_m.a(irq_init.c.obj)
                0x00007cbc                z_arm_interrupt_init
 .text.z_impl_k_thread_abort
                0x00007cd4       0x44 zephyr/arch/arch/arm/core/aarch32/cortex_m/libarch__arm__core__aarch32__cortex_m.a(thread_abort.c.obj)
                0x00007cd4                z_impl_k_thread_abort
 .text.z_arm_configure_static_mpu_regions
                0x00007d18       0x18 zephyr/arch/arch/arm/core/aarch32/cortex_m/mpu/libarch__arm__core__aarch32__cortex_m__mpu.a(arm_core_mpu.c.obj)
                0x00007d18                z_arm_configure_static_mpu_regions
 .text.z_arm_configure_dynamic_mpu_regions
                0x00007d30       0x20 zephyr/arch/arch/arm/core/aarch32/cortex_m/mpu/libarch__arm__core__aarch32__cortex_m__mpu.a(arm_core_mpu.c.obj)
                0x00007d30                z_arm_configure_dynamic_mpu_regions
 .text.mpu_configure_regions
                0x00007d50       0xc0 zephyr/arch/arch/arm/core/aarch32/cortex_m/mpu/libarch__arm__core__aarch32__cortex_m__mpu.a(arm_mpu.c.obj)
 .text.arm_core_mpu_enable
                0x00007e10       0x18 zephyr/arch/arch/arm/core/aarch32/cortex_m/mpu/libarch__arm__core__aarch32__cortex_m__mpu.a(arm_mpu.c.obj)
                0x00007e10                arm_core_mpu_enable
 .text.arm_core_mpu_disable
                0x00007e28       0x14 zephyr/arch/arch/arm/core/aarch32/cortex_m/mpu/libarch__arm__core__aarch32__cortex_m__mpu.a(arm_mpu.c.obj)
                0x00007e28                arm_core_mpu_disable
 .text.arm_mpu_init
                0x00007e3c       0x60 zephyr/arch/arch/arm/core/aarch32/cortex_m/mpu/libarch__arm__core__aarch32__cortex_m__mpu.a(arm_mpu.c.obj)
 .text.arm_core_mpu_configure_static_mpu_regions
                0x00007e9c       0x14 zephyr/arch/arch/arm/core/aarch32/cortex_m/mpu/libarch__arm__core__aarch32__cortex_m__mpu.a(arm_mpu.c.obj)
                0x00007e9c                arm_core_mpu_configure_static_mpu_regions
 .text.arm_core_mpu_configure_dynamic_mpu_regions
                0x00007eb0       0x30 zephyr/arch/arch/arm/core/aarch32/cortex_m/mpu/libarch__arm__core__aarch32__cortex_m__mpu.a(arm_mpu.c.obj)
                0x00007eb0                arm_core_mpu_configure_dynamic_mpu_regions
 .text.__stdout_hook_install
                0x00007ee0        0xc zephyr/lib/libc/minimal/liblib__libc__minimal.a(stdout_console.c.obj)
                0x00007ee0                __stdout_hook_install
 .text.z_impl_zephyr_fputc
                0x00007eec       0x18 zephyr/lib/libc/minimal/liblib__libc__minimal.a(stdout_console.c.obj)
                0x00007eec                z_impl_zephyr_fputc
 .text.sprintf  0x00007f04       0x30 zephyr/lib/libc/minimal/liblib__libc__minimal.a(sprintf.c.obj)
                0x00007f04                sprintf
 .text.printf   0x00007f34       0x24 zephyr/lib/libc/minimal/liblib__libc__minimal.a(fprintf.c.obj)
                0x00007f34                printf
 .text.nordicsemi_nrf52_init
                0x00007f58       0x30 zephyr/soc/arm/nordic_nrf/nrf52/libsoc__arm__nordic_nrf__nrf52.a(soc.c.obj)
 .text.arch_busy_wait
                0x00007f88       0x14 zephyr/soc/arm/nordic_nrf/nrf52/libsoc__arm__nordic_nrf__nrf52.a(soc.c.obj)
                0x00007f88                arch_busy_wait
 .text.bt_hex_real
                0x00007f9c       0x44 zephyr/subsys/bluetooth/common/libsubsys__bluetooth__common.a(log.c.obj)
                0x00007f9c                bt_hex_real
 .text.bt_addr_le_str_real
                0x00007fe0       0x7c zephyr/subsys/bluetooth/common/libsubsys__bluetooth__common.a(log.c.obj)
                0x00007fe0                bt_addr_le_str_real
 .text.ecc_thread
                0x0000805c      0x1c0 zephyr/subsys/bluetooth/host/libsubsys__bluetooth__host.a(hci_ecc.c.obj)
 .text.bt_hci_ecc_send
                0x0000821c      0x110 zephyr/subsys/bluetooth/host/libsubsys__bluetooth__host.a(hci_ecc.c.obj)
                0x0000821c                bt_hci_ecc_send
 .text.bt_hci_ecc_init
                0x0000832c       0x48 zephyr/subsys/bluetooth/host/libsubsys__bluetooth__host.a(hci_ecc.c.obj)
                0x0000832c                bt_hci_ecc_init
 .text.save_id  0x00008374       0x78 zephyr/subsys/bluetooth/host/libsubsys__bluetooth__host.a(settings.c.obj)
 .text.set      0x000083ec      0x150 zephyr/subsys/bluetooth/host/libsubsys__bluetooth__host.a(settings.c.obj)
 .text.bt_settings_encode_key
                0x0000853c       0x60 zephyr/subsys/bluetooth/host/libsubsys__bluetooth__host.a(settings.c.obj)
                0x0000853c                bt_settings_encode_key
 .text.bt_settings_save_id
                0x0000859c       0x30 zephyr/subsys/bluetooth/host/libsubsys__bluetooth__host.a(settings.c.obj)
                0x0000859c                bt_settings_save_id
 .text.commit   0x000085cc       0x90 zephyr/subsys/bluetooth/host/libsubsys__bluetooth__host.a(settings.c.obj)
 .text.bt_settings_init
                0x0000865c       0x30 zephyr/subsys/bluetooth/host/libsubsys__bluetooth__host.a(settings.c.obj)
                0x0000865c                bt_settings_init
 .text.uuid_to_uuid128
                0x0000868c       0x6c zephyr/subsys/bluetooth/host/libsubsys__bluetooth__host.a(uuid.c.obj)
 .text.bt_buf_get_rx
                0x000086f8       0x20 zephyr/subsys/bluetooth/host/libsubsys__bluetooth__host.a(buf.c.obj)
                0x000086f8                bt_buf_get_rx
 .text.bt_buf_get_cmd_complete
                0x00008718       0x4c zephyr/subsys/bluetooth/host/libsubsys__bluetooth__host.a(buf.c.obj)
                0x00008718                bt_buf_get_cmd_complete
 .text.bt_buf_get_evt
                0x00008764       0x54 zephyr/subsys/bluetooth/host/libsubsys__bluetooth__host.a(buf.c.obj)
                0x00008764                bt_buf_get_evt
 .text.bt_adv_foreach
                0x000087b8        0xc zephyr/subsys/bluetooth/host/libsubsys__bluetooth__host.a(hci_core.c.obj)
 .text.le_dhkey_complete
                0x000087c4       0x1c zephyr/subsys/bluetooth/host/libsubsys__bluetooth__host.a(hci_core.c.obj)
 .text.ver_str  0x000087e0       0x38 zephyr/subsys/bluetooth/host/libsubsys__bluetooth__host.a(hci_core.c.obj)
 .text.le_rpa_invalidate
                0x00008818       0x2c zephyr/subsys/bluetooth/host/libsubsys__bluetooth__host.a(hci_core.c.obj)
 .text.hci_data_buf_overflow
                0x00008844       0x24 zephyr/subsys/bluetooth/host/libsubsys__bluetooth__host.a(hci_core.c.obj)
 .text.id_find  0x00008868       0x30 zephyr/subsys/bluetooth/host/libsubsys__bluetooth__host.a(hci_core.c.obj)
 .text.valid_adv_param
                0x00008898       0x90 zephyr/subsys/bluetooth/host/libsubsys__bluetooth__host.a(hci_core.c.obj)
 .text.le_pkey_complete
                0x00008928       0x50 zephyr/subsys/bluetooth/host/libsubsys__bluetooth__host.a(hci_core.c.obj)
 .text.unpair   0x00008978       0x70 zephyr/subsys/bluetooth/host/libsubsys__bluetooth__host.a(hci_core.c.obj)
 .text.le_data_len_change
                0x000089e8       0x3c zephyr/subsys/bluetooth/host/libsubsys__bluetooth__host.a(hci_core.c.obj)
 .text.hci_disconn_complete_prio
                0x00008a24       0x50 zephyr/subsys/bluetooth/host/libsubsys__bluetooth__host.a(hci_core.c.obj)
 .text.hci_disconn_complete
                0x00008a74       0x54 zephyr/subsys/bluetooth/host/libsubsys__bluetooth__host.a(hci_core.c.obj)
 .text.hci_hardware_error
                0x00008ac8       0x30 zephyr/subsys/bluetooth/host/libsubsys__bluetooth__host.a(hci_core.c.obj)
 .text.hci_vendor_event
                0x00008af8       0x38 zephyr/subsys/bluetooth/host/libsubsys__bluetooth__host.a(hci_core.c.obj)
 .text.le_conn_update_complete
                0x00008b30       0xb4 zephyr/subsys/bluetooth/host/libsubsys__bluetooth__host.a(hci_core.c.obj)
 .text.id_create
                0x00008be4       0xb0 zephyr/subsys/bluetooth/host/libsubsys__bluetooth__host.a(hci_core.c.obj)
 .text.le_adv_start_add_conn
                0x00008c94       0xac zephyr/subsys/bluetooth/host/libsubsys__bluetooth__host.a(hci_core.c.obj)
 .text.find_pending_connect.part.0
                0x00008d40       0x40 zephyr/subsys/bluetooth/host/libsubsys__bluetooth__host.a(hci_core.c.obj)
 .text.handle_event
                0x00008d80       0x84 zephyr/subsys/bluetooth/host/libsubsys__bluetooth__host.a(hci_core.c.obj)
 .text.hci_le_meta_event
                0x00008e04       0x20 zephyr/subsys/bluetooth/host/libsubsys__bluetooth__host.a(hci_core.c.obj)
 .text.hci_cmd_done
                0x00008e24       0xf8 zephyr/subsys/bluetooth/host/libsubsys__bluetooth__host.a(hci_core.c.obj)
 .text.hci_cmd_status
                0x00008f1c       0x2c zephyr/subsys/bluetooth/host/libsubsys__bluetooth__host.a(hci_core.c.obj)
 .text.hci_cmd_complete
                0x00008f48       0x30 zephyr/subsys/bluetooth/host/libsubsys__bluetooth__host.a(hci_core.c.obj)
 .text.hci_tx_thread
                0x00008f78      0x188 zephyr/subsys/bluetooth/host/libsubsys__bluetooth__host.a(hci_core.c.obj)
 .text.hci_num_completed_packets
                0x00009100      0x110 zephyr/subsys/bluetooth/host/libsubsys__bluetooth__host.a(hci_core.c.obj)
 .text.bt_hci_cmd_create
                0x00009210       0x74 zephyr/subsys/bluetooth/host/libsubsys__bluetooth__host.a(hci_core.c.obj)
                0x00009210                bt_hci_cmd_create
 .text.bt_hci_cmd_send
                0x00009284       0x64 zephyr/subsys/bluetooth/host/libsubsys__bluetooth__host.a(hci_core.c.obj)
                0x00009284                bt_hci_cmd_send
 .text.le_ltk_request
                0x000092e8       0xc4 zephyr/subsys/bluetooth/host/libsubsys__bluetooth__host.a(hci_core.c.obj)
 .text.le_conn_param_neg_reply
                0x000093ac       0x54 zephyr/subsys/bluetooth/host/libsubsys__bluetooth__host.a(hci_core.c.obj)
 .text.le_conn_param_req
                0x00009400       0xd0 zephyr/subsys/bluetooth/host/libsubsys__bluetooth__host.a(hci_core.c.obj)
 .text.bt_hci_cmd_send_sync
                0x000094d0       0xf4 zephyr/subsys/bluetooth/host/libsubsys__bluetooth__host.a(hci_core.c.obj)
                0x000094d0                bt_hci_cmd_send_sync
 .text.set_random_address
                0x000095c4       0x5c zephyr/subsys/bluetooth/host/libsubsys__bluetooth__host.a(hci_core.c.obj)
 .text.le_set_private_addr
                0x00009620       0x6c zephyr/subsys/bluetooth/host/libsubsys__bluetooth__host.a(hci_core.c.obj)
 .text.le_adv_set_random_addr.isra.0
                0x0000968c       0xc0 zephyr/subsys/bluetooth/host/libsubsys__bluetooth__host.a(hci_core.c.obj)
 .text.set_le_adv_enable_legacy
                0x0000974c       0x5c zephyr/subsys/bluetooth/host/libsubsys__bluetooth__host.a(hci_core.c.obj)
 .text.le_update_private_addr
                0x000097a8       0x7c zephyr/subsys/bluetooth/host/libsubsys__bluetooth__host.a(hci_core.c.obj)
 .text.rpa_timeout
                0x00009824       0x4c zephyr/subsys/bluetooth/host/libsubsys__bluetooth__host.a(hci_core.c.obj)
 .text.hci_le_read_max_data_len
                0x00009870       0x54 zephyr/subsys/bluetooth/host/libsubsys__bluetooth__host.a(hci_core.c.obj)
 .text.hci_id_add
                0x000098c4       0x60 zephyr/subsys/bluetooth/host/libsubsys__bluetooth__host.a(hci_core.c.obj)
 .text.hci_set_ad
                0x00009924       0xe4 zephyr/subsys/bluetooth/host/libsubsys__bluetooth__host.a(hci_core.c.obj)
 .text.le_adv_update.constprop.0
                0x00009a08       0xe8 zephyr/subsys/bluetooth/host/libsubsys__bluetooth__host.a(hci_core.c.obj)
 .text.conn_auto_initiate
                0x00009af0       0xf8 zephyr/subsys/bluetooth/host/libsubsys__bluetooth__host.a(hci_core.c.obj)
 .text.le_phy_update_complete
                0x00009be8       0x64 zephyr/subsys/bluetooth/host/libsubsys__bluetooth__host.a(hci_core.c.obj)
 .text.le_remote_feat_complete
                0x00009c4c       0x60 zephyr/subsys/bluetooth/host/libsubsys__bluetooth__host.a(hci_core.c.obj)
 .text.bt_unpair
                0x00009cac       0x4c zephyr/subsys/bluetooth/host/libsubsys__bluetooth__host.a(hci_core.c.obj)
                0x00009cac                bt_unpair
 .text.bt_security_err_get
                0x00009cf8       0x10 zephyr/subsys/bluetooth/host/libsubsys__bluetooth__host.a(hci_core.c.obj)
                0x00009cf8                bt_security_err_get
 .text.hci_encrypt_key_refresh_complete
                0x00009d08       0xa4 zephyr/subsys/bluetooth/host/libsubsys__bluetooth__host.a(hci_core.c.obj)
 .text.hci_encrypt_change
                0x00009dac       0xa8 zephyr/subsys/bluetooth/host/libsubsys__bluetooth__host.a(hci_core.c.obj)
 .text.bt_id_add
                0x00009e54      0x1a4 zephyr/subsys/bluetooth/host/libsubsys__bluetooth__host.a(hci_core.c.obj)
                0x00009e54                bt_id_add
 .text.bt_id_del
                0x00009ff8      0x138 zephyr/subsys/bluetooth/host/libsubsys__bluetooth__host.a(hci_core.c.obj)
                0x00009ff8                bt_id_del
 .text.hci_event_prio
                0x0000a130       0xa4 zephyr/subsys/bluetooth/host/libsubsys__bluetooth__host.a(hci_core.c.obj)
                0x0000a130                hci_event_prio
 .text.bt_recv  0x0000a1d4      0x148 zephyr/subsys/bluetooth/host/libsubsys__bluetooth__host.a(hci_core.c.obj)
                0x0000a1d4                bt_recv
 .text.bt_recv_prio
                0x0000a31c       0x3c zephyr/subsys/bluetooth/host/libsubsys__bluetooth__host.a(hci_core.c.obj)
                0x0000a31c                bt_recv_prio
 .text.bt_hci_driver_register
                0x0000a358       0x28 zephyr/subsys/bluetooth/host/libsubsys__bluetooth__host.a(hci_core.c.obj)
                0x0000a358                bt_hci_driver_register
 .text.bt_finalize_init
                0x0000a380       0xd8 zephyr/subsys/bluetooth/host/libsubsys__bluetooth__host.a(hci_core.c.obj)
                0x0000a380                bt_finalize_init
 .text.init_work
                0x0000a458       0x18 zephyr/subsys/bluetooth/host/libsubsys__bluetooth__host.a(hci_core.c.obj)
 .text.bt_enable
                0x0000a470       0xf4 zephyr/subsys/bluetooth/host/libsubsys__bluetooth__host.a(hci_core.c.obj)
                0x0000a470                bt_enable
 .text.bt_set_name
                0x0000a564       0xa4 zephyr/subsys/bluetooth/host/libsubsys__bluetooth__host.a(hci_core.c.obj)
                0x0000a564                bt_set_name
 .text.bt_get_name
                0x0000a608        0x8 zephyr/subsys/bluetooth/host/libsubsys__bluetooth__host.a(hci_core.c.obj)
                0x0000a608                bt_get_name
 .text.bt_id_create
                0x0000a610       0xc8 zephyr/subsys/bluetooth/host/libsubsys__bluetooth__host.a(hci_core.c.obj)
                0x0000a610                bt_id_create
 .text.bt_setup_public_id_addr
                0x0000a6d8      0x118 zephyr/subsys/bluetooth/host/libsubsys__bluetooth__host.a(hci_core.c.obj)
                0x0000a6d8                bt_setup_public_id_addr
 .text.bt_read_static_addr
                0x0000a7f0       0xb4 zephyr/subsys/bluetooth/host/libsubsys__bluetooth__host.a(hci_core.c.obj)
                0x0000a7f0                bt_read_static_addr
 .text.bt_setup_random_id_addr
                0x0000a8a4       0x9c zephyr/subsys/bluetooth/host/libsubsys__bluetooth__host.a(hci_core.c.obj)
                0x0000a8a4                bt_setup_random_id_addr
 .text.bt_le_adv_start_legacy
                0x0000a940      0x234 zephyr/subsys/bluetooth/host/libsubsys__bluetooth__host.a(hci_core.c.obj)
                0x0000a940                bt_le_adv_start_legacy
 .text.bt_le_adv_start
                0x0000ab74       0x1c zephyr/subsys/bluetooth/host/libsubsys__bluetooth__host.a(hci_core.c.obj)
                0x0000ab74                bt_le_adv_start
 .text.bt_le_adv_resume
                0x0000ab90       0x8c zephyr/subsys/bluetooth/host/libsubsys__bluetooth__host.a(hci_core.c.obj)
                0x0000ab90                bt_le_adv_resume
 .text.enh_conn_complete
                0x0000ac1c      0x210 zephyr/subsys/bluetooth/host/libsubsys__bluetooth__host.a(hci_core.c.obj)
 .text.le_legacy_conn_complete
                0x0000ae2c       0x6c zephyr/subsys/bluetooth/host/libsubsys__bluetooth__host.a(hci_core.c.obj)
 .text.bt_pub_key_gen
                0x0000ae98       0xa0 zephyr/subsys/bluetooth/host/libsubsys__bluetooth__host.a(hci_core.c.obj)
                0x0000ae98                bt_pub_key_gen
 .text.bt_pub_key_get
                0x0000af38       0x1c zephyr/subsys/bluetooth/host/libsubsys__bluetooth__host.a(hci_core.c.obj)
                0x0000af38                bt_pub_key_get
 .text.bt_dh_key_gen
                0x0000af54       0x7c zephyr/subsys/bluetooth/host/libsubsys__bluetooth__host.a(hci_core.c.obj)
                0x0000af54                bt_dh_key_gen
 .text.tx_free  0x0000afd0       0x14 zephyr/subsys/bluetooth/host/libsubsys__bluetooth__host.a(conn.c.obj)
 .text.notify_connected
                0x0000afe4       0x2c zephyr/subsys/bluetooth/host/libsubsys__bluetooth__host.a(conn.c.obj)
 .text.send_frag
                0x0000b010      0x134 zephyr/subsys/bluetooth/host/libsubsys__bluetooth__host.a(conn.c.obj)
 .text.bt_conn_get_pkts
                0x0000b144        0x8 zephyr/subsys/bluetooth/host/libsubsys__bluetooth__host.a(conn.c.obj)
                0x0000b144                bt_conn_get_pkts
 .text.notify_le_param_updated
                0x0000b14c       0x60 zephyr/subsys/bluetooth/host/libsubsys__bluetooth__host.a(conn.c.obj)
                0x0000b14c                notify_le_param_updated
 .text.le_param_req
                0x0000b1ac       0x40 zephyr/subsys/bluetooth/host/libsubsys__bluetooth__host.a(conn.c.obj)
                0x0000b1ac                le_param_req
 .text.bt_conn_identity_resolved
                0x0000b1ec       0x34 zephyr/subsys/bluetooth/host/libsubsys__bluetooth__host.a(conn.c.obj)
                0x0000b1ec                bt_conn_identity_resolved
 .text.bt_conn_security_changed
                0x0000b220       0x48 zephyr/subsys/bluetooth/host/libsubsys__bluetooth__host.a(conn.c.obj)
                0x0000b220                bt_conn_security_changed
 .text.bt_conn_cb_register
                0x0000b268       0x10 zephyr/subsys/bluetooth/host/libsubsys__bluetooth__host.a(conn.c.obj)
                0x0000b268                bt_conn_cb_register
 .text.conn_cleanup
                0x0000b278       0x44 zephyr/subsys/bluetooth/host/libsubsys__bluetooth__host.a(conn.c.obj)
 .text.bt_conn_recv
                0x0000b2bc      0x10c zephyr/subsys/bluetooth/host/libsubsys__bluetooth__host.a(conn.c.obj)
                0x0000b2bc                bt_conn_recv
 .text.bt_conn_send_cb
                0x0000b3c8       0xd8 zephyr/subsys/bluetooth/host/libsubsys__bluetooth__host.a(conn.c.obj)
                0x0000b3c8                bt_conn_send_cb
 .text.bt_conn_prepare_events
                0x0000b4a0       0x6c zephyr/subsys/bluetooth/host/libsubsys__bluetooth__host.a(conn.c.obj)
                0x0000b4a0                bt_conn_prepare_events
 .text.bt_conn_add_le
                0x0000b50c       0x5c zephyr/subsys/bluetooth/host/libsubsys__bluetooth__host.a(conn.c.obj)
                0x0000b50c                bt_conn_add_le
 .text.bt_conn_lookup_handle
                0x0000b568       0x10 zephyr/subsys/bluetooth/host/libsubsys__bluetooth__host.a(conn.c.obj)
                0x0000b568                bt_conn_lookup_handle
 .text.bt_conn_set_state
                0x0000b578      0x1d8 zephyr/subsys/bluetooth/host/libsubsys__bluetooth__host.a(conn.c.obj)
                0x0000b578                bt_conn_set_state
 .text.bt_conn_lookup_addr_le
                0x0000b750       0x3c zephyr/subsys/bluetooth/host/libsubsys__bluetooth__host.a(conn.c.obj)
                0x0000b750                bt_conn_lookup_addr_le
 .text.bt_conn_exists_le
                0x0000b78c       0x4c zephyr/subsys/bluetooth/host/libsubsys__bluetooth__host.a(conn.c.obj)
                0x0000b78c                bt_conn_exists_le
 .text.bt_conn_lookup_state_le
                0x0000b7d8       0x48 zephyr/subsys/bluetooth/host/libsubsys__bluetooth__host.a(conn.c.obj)
                0x0000b7d8                bt_conn_lookup_state_le
 .text.send_conn_le_param_update
                0x0000b820       0x60 zephyr/subsys/bluetooth/host/libsubsys__bluetooth__host.a(conn.c.obj)
 .text.deferred_work
                0x0000b880       0xa8 zephyr/subsys/bluetooth/host/libsubsys__bluetooth__host.a(conn.c.obj)
 .text.bt_conn_create_pdu_timeout
                0x0000b928       0x48 zephyr/subsys/bluetooth/host/libsubsys__bluetooth__host.a(conn.c.obj)
                0x0000b928                bt_conn_create_pdu_timeout
 .text.bt_conn_create_frag_timeout
                0x0000b970        0xc zephyr/subsys/bluetooth/host/libsubsys__bluetooth__host.a(conn.c.obj)
                0x0000b970                bt_conn_create_frag_timeout
 .text.create_frag
                0x0000b97c       0x6c zephyr/subsys/bluetooth/host/libsubsys__bluetooth__host.a(conn.c.obj)
 .text.bt_conn_process_tx
                0x0000b9e8       0xc0 zephyr/subsys/bluetooth/host/libsubsys__bluetooth__host.a(conn.c.obj)
                0x0000b9e8                bt_conn_process_tx
 .text.bt_conn_auth_cb_register
                0x0000baa8       0x38 zephyr/subsys/bluetooth/host/libsubsys__bluetooth__host.a(conn.c.obj)
                0x0000baa8                bt_conn_auth_cb_register
 .text.bt_conn_index
                0x0000bae0       0x18 zephyr/subsys/bluetooth/host/libsubsys__bluetooth__host.a(conn.c.obj)
                0x0000bae0                bt_conn_index
 .text.bt_conn_init
                0x0000baf8       0x40 zephyr/subsys/bluetooth/host/libsubsys__bluetooth__host.a(conn.c.obj)
                0x0000baf8                bt_conn_init
 .text.l2cap_accept
                0x0000bb38       0x44 zephyr/subsys/bluetooth/host/libsubsys__bluetooth__host.a(l2cap.c.obj)
 .text.l2cap_create_le_sig_pdu.constprop.0
                0x0000bb7c       0x50 zephyr/subsys/bluetooth/host/libsubsys__bluetooth__host.a(l2cap.c.obj)
 .text.l2cap_rtx_timeout
                0x0000bbcc       0x3c zephyr/subsys/bluetooth/host/libsubsys__bluetooth__host.a(l2cap.c.obj)
 .text.bt_l2cap_connected
                0x0000bc08       0xbc zephyr/subsys/bluetooth/host/libsubsys__bluetooth__host.a(l2cap.c.obj)
                0x0000bc08                bt_l2cap_connected
 .text.l2cap_recv
                0x0000bcc4       0xe4 zephyr/subsys/bluetooth/host/libsubsys__bluetooth__host.a(l2cap.c.obj)
 .text.bt_l2cap_recv
                0x0000bda8       0x70 zephyr/subsys/bluetooth/host/libsubsys__bluetooth__host.a(l2cap.c.obj)
                0x0000bda8                bt_l2cap_recv
 .text.bt_l2cap_update_conn_param
                0x0000be18       0x5c zephyr/subsys/bluetooth/host/libsubsys__bluetooth__host.a(l2cap.c.obj)
                0x0000be18                bt_l2cap_update_conn_param
 .text.att_cfm_sent
                0x0000be74       0x10 zephyr/subsys/bluetooth/host/libsubsys__bluetooth__host.a(att.c.obj)
 .text.att_rsp_sent
                0x0000be84       0x10 zephyr/subsys/bluetooth/host/libsubsys__bluetooth__host.a(att.c.obj)
 .text.att_req_sent
                0x0000be94       0x10 zephyr/subsys/bluetooth/host/libsubsys__bluetooth__host.a(att.c.obj)
 .text.att_get  0x0000bea4       0x80 zephyr/subsys/bluetooth/host/libsubsys__bluetooth__host.a(att.c.obj)
 .text.bt_att_released
                0x0000bf24       0x18 zephyr/subsys/bluetooth/host/libsubsys__bluetooth__host.a(att.c.obj)
 .text.find_type_cb
                0x0000bf3c      0x164 zephyr/subsys/bluetooth/host/libsubsys__bluetooth__host.a(att.c.obj)
 .text.chan_req_sent
                0x0000c0a0       0x1c zephyr/subsys/bluetooth/host/libsubsys__bluetooth__host.a(att.c.obj)
 .text.chan_send
                0x0000c0bc       0xdc zephyr/subsys/bluetooth/host/libsubsys__bluetooth__host.a(att.c.obj)
 .text.bt_att_chan_send_rsp.constprop.0
                0x0000c198       0x24 zephyr/subsys/bluetooth/host/libsubsys__bluetooth__host.a(att.c.obj)
 .text.read_group_cb
                0x0000c1bc       0xac zephyr/subsys/bluetooth/host/libsubsys__bluetooth__host.a(att.c.obj)
 .text.read_type_cb
                0x0000c268       0xa8 zephyr/subsys/bluetooth/host/libsubsys__bluetooth__host.a(att.c.obj)
 .text.prep_write_cb
                0x0000c310       0x84 zephyr/subsys/bluetooth/host/libsubsys__bluetooth__host.a(att.c.obj)
 .text.bt_att_accept
                0x0000c394       0xc8 zephyr/subsys/bluetooth/host/libsubsys__bluetooth__host.a(att.c.obj)
 .text.bt_att_connected
                0x0000c45c       0x68 zephyr/subsys/bluetooth/host/libsubsys__bluetooth__host.a(att.c.obj)
 .text.bt_att_chan_create_pdu
                0x0000c4c4       0x88 zephyr/subsys/bluetooth/host/libsubsys__bluetooth__host.a(att.c.obj)
                0x0000c4c4                bt_att_chan_create_pdu
 .text.bt_att_recv
                0x0000c54c      0x160 zephyr/subsys/bluetooth/host/libsubsys__bluetooth__host.a(att.c.obj)
 .text.att_write_rsp
                0x0000c6ac       0xc8 zephyr/subsys/bluetooth/host/libsubsys__bluetooth__host.a(att.c.obj)
 .text.att_signed_write_cmd
                0x0000c774       0x7c zephyr/subsys/bluetooth/host/libsubsys__bluetooth__host.a(att.c.obj)
 .text.bt_att_create_pdu
                0x0000c7f0       0x70 zephyr/subsys/bluetooth/host/libsubsys__bluetooth__host.a(att.c.obj)
                0x0000c7f0                bt_att_create_pdu
 .text.att_prepare_write_req
                0x0000c860       0xdc zephyr/subsys/bluetooth/host/libsubsys__bluetooth__host.a(att.c.obj)
 .text.att_read_group_req
                0x0000c93c      0x104 zephyr/subsys/bluetooth/host/libsubsys__bluetooth__host.a(att.c.obj)
 .text.att_read_mult_req
                0x0000ca40       0x84 zephyr/subsys/bluetooth/host/libsubsys__bluetooth__host.a(att.c.obj)
 .text.att_read_rsp
                0x0000cac4       0x90 zephyr/subsys/bluetooth/host/libsubsys__bluetooth__host.a(att.c.obj)
 .text.att_read_type_req
                0x0000cb54       0xc0 zephyr/subsys/bluetooth/host/libsubsys__bluetooth__host.a(att.c.obj)
 .text.att_find_type_req
                0x0000cc14       0xd4 zephyr/subsys/bluetooth/host/libsubsys__bluetooth__host.a(att.c.obj)
 .text.att_find_info_req
                0x0000cce8       0x70 zephyr/subsys/bluetooth/host/libsubsys__bluetooth__host.a(att.c.obj)
 .text.bt_att_req_alloc
                0x0000cd58       0x2c zephyr/subsys/bluetooth/host/libsubsys__bluetooth__host.a(att.c.obj)
                0x0000cd58                bt_att_req_alloc
 .text.bt_att_req_free
                0x0000cd84       0x24 zephyr/subsys/bluetooth/host/libsubsys__bluetooth__host.a(att.c.obj)
                0x0000cd84                bt_att_req_free
 .text.att_handle_rsp
                0x0000cda8       0xe4 zephyr/subsys/bluetooth/host/libsubsys__bluetooth__host.a(att.c.obj)
 .text.bt_att_disconnected
                0x0000ce8c       0xc4 zephyr/subsys/bluetooth/host/libsubsys__bluetooth__host.a(att.c.obj)
 .text.att_timeout
                0x0000cf50       0x30 zephyr/subsys/bluetooth/host/libsubsys__bluetooth__host.a(att.c.obj)
 .text.db_hash_store
                0x0000cf80       0x40 zephyr/subsys/bluetooth/host/libsubsys__bluetooth__host.a(gatt.c.obj)
 .text.db_hash_set
                0x0000cfc0       0x40 zephyr/subsys/bluetooth/host/libsubsys__bluetooth__host.a(gatt.c.obj)
 .text.find_cf_cfg
                0x0000d000       0x44 zephyr/subsys/bluetooth/host/libsubsys__bluetooth__host.a(gatt.c.obj)
 .text.cf_write
                0x0000d044       0xc8 zephyr/subsys/bluetooth/host/libsubsys__bluetooth__host.a(gatt.c.obj)
 .text.sc_store
                0x0000d10c       0x64 zephyr/subsys/bluetooth/host/libsubsys__bluetooth__host.a(gatt.c.obj)
 .text.gatt_indicate
                0x0000d170       0xac zephyr/subsys/bluetooth/host/libsubsys__bluetooth__host.a(gatt.c.obj)
 .text.gatt_notify
                0x0000d21c       0x74 zephyr/subsys/bluetooth/host/libsubsys__bluetooth__host.a(gatt.c.obj)
 .text.find_cf_cfg_by_addr
                0x0000d290       0x44 zephyr/subsys/bluetooth/host/libsubsys__bluetooth__host.a(gatt.c.obj)
 .text.cf_set   0x0000d2d4       0xfc zephyr/subsys/bluetooth/host/libsubsys__bluetooth__host.a(gatt.c.obj)
 .text.remove_peer_from_attr
                0x0000d3d0       0x28 zephyr/subsys/bluetooth/host/libsubsys__bluetooth__host.a(gatt.c.obj)
 .text.ccc_save
                0x0000d3f8       0x38 zephyr/subsys/bluetooth/host/libsubsys__bluetooth__host.a(gatt.c.obj)
 .text.ccc_load
                0x0000d430       0x8c zephyr/subsys/bluetooth/host/libsubsys__bluetooth__host.a(gatt.c.obj)
 .text.bt_gatt_attr_write_ccc
                0x0000d4bc       0xc0 zephyr/subsys/bluetooth/host/libsubsys__bluetooth__host.a(gatt.c.obj)
                0x0000d4bc                bt_gatt_attr_write_ccc
 .text.find_sc_cfg
                0x0000d57c       0x44 zephyr/subsys/bluetooth/host/libsubsys__bluetooth__host.a(gatt.c.obj)
 .text.sc_save  0x0000d5c0       0x8c zephyr/subsys/bluetooth/host/libsubsys__bluetooth__host.a(gatt.c.obj)
 .text.notify_cb
                0x0000d64c       0xe0 zephyr/subsys/bluetooth/host/libsubsys__bluetooth__host.a(gatt.c.obj)
 .text.bt_gatt_clear_sc
                0x0000d72c       0x70 zephyr/subsys/bluetooth/host/libsubsys__bluetooth__host.a(gatt.c.obj)
 .text.sc_clear
                0x0000d79c       0x58 zephyr/subsys/bluetooth/host/libsubsys__bluetooth__host.a(gatt.c.obj)
 .text.disconnected_cb
                0x0000d7f4       0x8c zephyr/subsys/bluetooth/host/libsubsys__bluetooth__host.a(gatt.c.obj)
 .text.sc_set   0x0000d880      0x108 zephyr/subsys/bluetooth/host/libsubsys__bluetooth__host.a(gatt.c.obj)
 .text.sc_commit
                0x0000d988       0x3c zephyr/subsys/bluetooth/host/libsubsys__bluetooth__host.a(gatt.c.obj)
 .text.sc_indicate_rsp
                0x0000d9c4       0x54 zephyr/subsys/bluetooth/host/libsubsys__bluetooth__host.a(gatt.c.obj)
 .text.bt_gatt_init
                0x0000da18       0xc4 zephyr/subsys/bluetooth/host/libsubsys__bluetooth__host.a(gatt.c.obj)
                0x0000da18                bt_gatt_init
 .text.bt_gatt_attr_get_handle
                0x0000dadc       0x60 zephyr/subsys/bluetooth/host/libsubsys__bluetooth__host.a(gatt.c.obj)
                0x0000dadc                bt_gatt_attr_get_handle
 .text.bt_gatt_foreach_attr_type
                0x0000db3c       0xb4 zephyr/subsys/bluetooth/host/libsubsys__bluetooth__host.a(gatt.c.obj)
                0x0000db3c                bt_gatt_foreach_attr_type
 .text.db_hash_gen
                0x0000dbf0       0x98 zephyr/subsys/bluetooth/host/libsubsys__bluetooth__host.a(gatt.c.obj)
 .text.db_hash_commit
                0x0000dc88       0xa4 zephyr/subsys/bluetooth/host/libsubsys__bluetooth__host.a(gatt.c.obj)
 .text.ccc_set_direct
                0x0000dd2c      0x110 zephyr/subsys/bluetooth/host/libsubsys__bluetooth__host.a(gatt.c.obj)
 .text.bt_gatt_notify_cb
                0x0000de3c       0xec zephyr/subsys/bluetooth/host/libsubsys__bluetooth__host.a(gatt.c.obj)
                0x0000de3c                bt_gatt_notify_cb
 .text.bt_gatt_indicate
                0x0000df28       0xf4 zephyr/subsys/bluetooth/host/libsubsys__bluetooth__host.a(gatt.c.obj)
                0x0000df28                bt_gatt_indicate
 .text.sc_process
                0x0000e01c       0x64 zephyr/subsys/bluetooth/host/libsubsys__bluetooth__host.a(gatt.c.obj)
 .text.update_ccc
                0x0000e080      0x124 zephyr/subsys/bluetooth/host/libsubsys__bluetooth__host.a(gatt.c.obj)
 .text.bt_gatt_connected
                0x0000e1a4       0x78 zephyr/subsys/bluetooth/host/libsubsys__bluetooth__host.a(gatt.c.obj)
                0x0000e1a4                bt_gatt_connected
 .text.bt_gatt_encrypt_change
                0x0000e21c       0x20 zephyr/subsys/bluetooth/host/libsubsys__bluetooth__host.a(gatt.c.obj)
                0x0000e21c                bt_gatt_encrypt_change
 .text.db_hash_read
                0x0000e23c       0x50 zephyr/subsys/bluetooth/host/libsubsys__bluetooth__host.a(gatt.c.obj)
 .text.bt_gatt_store_ccc
                0x0000e28c       0x88 zephyr/subsys/bluetooth/host/libsubsys__bluetooth__host.a(gatt.c.obj)
                0x0000e28c                bt_gatt_store_ccc
 .text.bt_gatt_clear
                0x0000e314       0x9c zephyr/subsys/bluetooth/host/libsubsys__bluetooth__host.a(gatt.c.obj)
                0x0000e314                bt_gatt_clear
 .text.bt_gatt_disconnected
                0x0000e3b0      0x110 zephyr/subsys/bluetooth/host/libsubsys__bluetooth__host.a(gatt.c.obj)
                0x0000e3b0                bt_gatt_disconnected
 .text.get_io_capa
                0x0000e4c0       0x4c zephyr/subsys/bluetooth/host/libsubsys__bluetooth__host.a(smp.c.obj)
 .text.smp_sign_buf
                0x0000e50c       0x80 zephyr/subsys/bluetooth/host/libsubsys__bluetooth__host.a(smp.c.obj)
 .text.smp_chan_get
                0x0000e58c       0x30 zephyr/subsys/bluetooth/host/libsubsys__bluetooth__host.a(smp.c.obj)
 .text.bt_smp_accept
                0x0000e5bc       0x44 zephyr/subsys/bluetooth/host/libsubsys__bluetooth__host.a(smp.c.obj)
 .text.get_auth.constprop.0
                0x0000e600       0x3c zephyr/subsys/bluetooth/host/libsubsys__bluetooth__host.a(smp.c.obj)
 .text.smp_send.constprop.0
                0x0000e63c       0x30 zephyr/subsys/bluetooth/host/libsubsys__bluetooth__host.a(smp.c.obj)
 .text.smp_init
                0x0000e66c       0x3c zephyr/subsys/bluetooth/host/libsubsys__bluetooth__host.a(smp.c.obj)
 .text.smp_dhkey_generate
                0x0000e6a8       0x4c zephyr/subsys/bluetooth/host/libsubsys__bluetooth__host.a(smp.c.obj)
 .text.smp_find
                0x0000e6f4       0x1c zephyr/subsys/bluetooth/host/libsubsys__bluetooth__host.a(smp.c.obj)
 .text.smp_ident_info
                0x0000e710       0x70 zephyr/subsys/bluetooth/host/libsubsys__bluetooth__host.a(smp.c.obj)
 .text.smp_encrypt_info
                0x0000e780       0x70 zephyr/subsys/bluetooth/host/libsubsys__bluetooth__host.a(smp.c.obj)
 .text.smp_pairing_req
                0x0000e7f0      0x3f4 zephyr/subsys/bluetooth/host/libsubsys__bluetooth__host.a(smp.c.obj)
 .text.compute_and_check_and_send_slave_dhcheck
                0x0000ebe4      0x23c zephyr/subsys/bluetooth/host/libsubsys__bluetooth__host.a(smp.c.obj)
 .text.smp_send_pairing_confirm
                0x0000ee20       0xa0 zephyr/subsys/bluetooth/host/libsubsys__bluetooth__host.a(smp.c.obj)
 .text.smp_public_key_slave
                0x0000eec0      0x164 zephyr/subsys/bluetooth/host/libsubsys__bluetooth__host.a(smp.c.obj)
 .text.smp_public_key
                0x0000f024       0xb0 zephyr/subsys/bluetooth/host/libsubsys__bluetooth__host.a(smp.c.obj)
 .text.bt_smp_connected
                0x0000f0d4       0x24 zephyr/subsys/bluetooth/host/libsubsys__bluetooth__host.a(smp.c.obj)
 .text.smp_pairing_confirm
                0x0000f0f8       0x90 zephyr/subsys/bluetooth/host/libsubsys__bluetooth__host.a(smp.c.obj)
 .text.smp_pairing_random
                0x0000f188      0x280 zephyr/subsys/bluetooth/host/libsubsys__bluetooth__host.a(smp.c.obj)
 .text.bt_smp_sign_verify
                0x0000f408       0xf8 zephyr/subsys/bluetooth/host/libsubsys__bluetooth__host.a(smp.c.obj)
                0x0000f408                bt_smp_sign_verify
 .text.bt_smp_sign
                0x0000f500       0xb4 zephyr/subsys/bluetooth/host/libsubsys__bluetooth__host.a(smp.c.obj)
                0x0000f500                bt_smp_sign
 .text.bt_smp_start_security
                0x0000f5b4      0x178 zephyr/subsys/bluetooth/host/libsubsys__bluetooth__host.a(smp.c.obj)
                0x0000f5b4                bt_smp_start_security
 .text.smp_pairing_complete
                0x0000f72c       0xbc zephyr/subsys/bluetooth/host/libsubsys__bluetooth__host.a(smp.c.obj)
 .text.bt_smp_recv
                0x0000f7e8      0x118 zephyr/subsys/bluetooth/host/libsubsys__bluetooth__host.a(smp.c.obj)
 .text.bt_smp_pkey_ready
                0x0000f900       0x68 zephyr/subsys/bluetooth/host/libsubsys__bluetooth__host.a(smp.c.obj)
 .text.smp_signing_info
                0x0000f968       0x80 zephyr/subsys/bluetooth/host/libsubsys__bluetooth__host.a(smp.c.obj)
 .text.smp_ident_addr_info
                0x0000f9e8      0x13c zephyr/subsys/bluetooth/host/libsubsys__bluetooth__host.a(smp.c.obj)
 .text.smp_master_ident
                0x0000fb24       0xa8 zephyr/subsys/bluetooth/host/libsubsys__bluetooth__host.a(smp.c.obj)
 .text.smp_pairing_failed
                0x0000fbcc       0x68 zephyr/subsys/bluetooth/host/libsubsys__bluetooth__host.a(smp.c.obj)
 .text.bt_smp_encrypt_change
                0x0000fc34      0x34c zephyr/subsys/bluetooth/host/libsubsys__bluetooth__host.a(smp.c.obj)
 .text.smp_timeout
                0x0000ff80       0x3c zephyr/subsys/bluetooth/host/libsubsys__bluetooth__host.a(smp.c.obj)
 .text.bt_smp_update_keys
                0x0000ffbc      0x120 zephyr/subsys/bluetooth/host/libsubsys__bluetooth__host.a(smp.c.obj)
                0x0000ffbc                bt_smp_update_keys
 .text.bt_smp_init
                0x000100dc       0x2c zephyr/subsys/bluetooth/host/libsubsys__bluetooth__host.a(smp.c.obj)
                0x000100dc                bt_smp_init
 .text.bt_keys_get_addr
                0x00010108       0x90 zephyr/subsys/bluetooth/host/libsubsys__bluetooth__host.a(keys.c.obj)
                0x00010108                bt_keys_get_addr
 .text.bt_foreach_bond
                0x00010198       0x2c zephyr/subsys/bluetooth/host/libsubsys__bluetooth__host.a(keys.c.obj)
                0x00010198                bt_foreach_bond
 .text.bt_keys_foreach
                0x000101c4       0x1c zephyr/subsys/bluetooth/host/libsubsys__bluetooth__host.a(keys.c.obj)
                0x000101c4                bt_keys_foreach
 .text.keys_commit
                0x000101e0       0x14 zephyr/subsys/bluetooth/host/libsubsys__bluetooth__host.a(keys.c.obj)
 .text.bt_keys_find
                0x000101f4       0x2c zephyr/subsys/bluetooth/host/libsubsys__bluetooth__host.a(keys.c.obj)
                0x000101f4                bt_keys_find
 .text.bt_keys_find_irk
                0x00010220       0x70 zephyr/subsys/bluetooth/host/libsubsys__bluetooth__host.a(keys.c.obj)
                0x00010220                bt_keys_find_irk
 .text.bt_keys_find_addr
                0x00010290       0x20 zephyr/subsys/bluetooth/host/libsubsys__bluetooth__host.a(keys.c.obj)
                0x00010290                bt_keys_find_addr
 .text.bt_keys_clear
                0x000102b0       0x50 zephyr/subsys/bluetooth/host/libsubsys__bluetooth__host.a(keys.c.obj)
                0x000102b0                bt_keys_clear
 .text.keys_set
                0x00010300      0x17c zephyr/subsys/bluetooth/host/libsubsys__bluetooth__host.a(keys.c.obj)
 .text.bt_keys_store
                0x0001047c       0x68 zephyr/subsys/bluetooth/host/libsubsys__bluetooth__host.a(keys.c.obj)
                0x0001047c                bt_keys_store
 .text.bt_keys_update_usage
                0x000104e4       0x28 zephyr/subsys/bluetooth/host/libsubsys__bluetooth__host.a(keys.c.obj)
                0x000104e4                bt_keys_update_usage
 .text.mem_init
                0x0001050c       0x60 zephyr/subsys/bluetooth/controller/libsubsys__bluetooth__controller.a(mem.c.obj)
                0x0001050c                mem_init
 .text.mem_acquire
                0x0001056c       0x34 zephyr/subsys/bluetooth/controller/libsubsys__bluetooth__controller.a(mem.c.obj)
                0x0001056c                mem_acquire
 .text.mem_release
                0x000105a0       0x30 zephyr/subsys/bluetooth/controller/libsubsys__bluetooth__controller.a(mem.c.obj)
                0x000105a0                mem_release
 .text.mem_get  0x000105d0        0x8 zephyr/subsys/bluetooth/controller/libsubsys__bluetooth__controller.a(mem.c.obj)
                0x000105d0                mem_get
 .text.mem_index_get
                0x000105d8        0xc zephyr/subsys/bluetooth/controller/libsubsys__bluetooth__controller.a(mem.c.obj)
                0x000105d8                mem_index_get
 .text.mem_rcopy
                0x000105e4       0x1c zephyr/subsys/bluetooth/controller/libsubsys__bluetooth__controller.a(mem.c.obj)
                0x000105e4                mem_rcopy
 .text.mem_nz   0x00010600       0x18 zephyr/subsys/bluetooth/controller/libsubsys__bluetooth__controller.a(mem.c.obj)
                0x00010600                mem_nz
 .text.memq_init
                0x00010618        0x8 zephyr/subsys/bluetooth/controller/libsubsys__bluetooth__controller.a(memq.c.obj)
                0x00010618                memq_init
 .text.memq_deinit
                0x00010620       0x14 zephyr/subsys/bluetooth/controller/libsubsys__bluetooth__controller.a(memq.c.obj)
                0x00010620                memq_deinit
 .text.memq_enqueue
                0x00010634       0x14 zephyr/subsys/bluetooth/controller/libsubsys__bluetooth__controller.a(memq.c.obj)
                0x00010634                memq_enqueue
 .text.memq_peek
                0x00010648       0x10 zephyr/subsys/bluetooth/controller/libsubsys__bluetooth__controller.a(memq.c.obj)
                0x00010648                memq_peek
 .text.memq_dequeue
                0x00010658       0x20 zephyr/subsys/bluetooth/controller/libsubsys__bluetooth__controller.a(memq.c.obj)
                0x00010658                memq_dequeue
 .text.mayfly_init
                0x00010678       0x40 zephyr/subsys/bluetooth/controller/libsubsys__bluetooth__controller.a(mayfly.c.obj)
                0x00010678                mayfly_init
 .text.mayfly_enable
                0x000106b8       0x64 zephyr/subsys/bluetooth/controller/libsubsys__bluetooth__controller.a(mayfly.c.obj)
                0x000106b8                mayfly_enable
 .text.mayfly_enqueue
                0x0001071c       0xa8 zephyr/subsys/bluetooth/controller/libsubsys__bluetooth__controller.a(mayfly.c.obj)
                0x0001071c                mayfly_enqueue
 .text.mayfly_run
                0x000107c4      0x148 zephyr/subsys/bluetooth/controller/libsubsys__bluetooth__controller.a(mayfly.c.obj)
                0x000107c4                mayfly_run
 .text.util_ones_count_get
                0x0001090c       0x30 zephyr/subsys/bluetooth/controller/libsubsys__bluetooth__controller.a(util.c.obj)
                0x0001090c                util_ones_count_get
 .text.ticks_to_expire_prep
                0x0001093c       0x48 zephyr/subsys/bluetooth/controller/libsubsys__bluetooth__controller.a(ticker.c.obj)
 .text.ticker_job_list_insert
                0x00010984      0x20c zephyr/subsys/bluetooth/controller/libsubsys__bluetooth__controller.a(ticker.c.obj)
 .text.ticker_worker
                0x00010b90      0x2d0 zephyr/subsys/bluetooth/controller/libsubsys__bluetooth__controller.a(ticker.c.obj)
                0x00010b90                ticker_worker
 .text.ticker_job
                0x00010e60      0xa20 zephyr/subsys/bluetooth/controller/libsubsys__bluetooth__controller.a(ticker.c.obj)
                0x00010e60                ticker_job
 .text.ticker_init
                0x00011880       0x88 zephyr/subsys/bluetooth/controller/libsubsys__bluetooth__controller.a(ticker.c.obj)
                0x00011880                ticker_init
 .text.ticker_is_initialized
                0x00011908       0x18 zephyr/subsys/bluetooth/controller/libsubsys__bluetooth__controller.a(ticker.c.obj)
                0x00011908                ticker_is_initialized
 .text.ticker_trigger
                0x00011920       0x30 zephyr/subsys/bluetooth/controller/libsubsys__bluetooth__controller.a(ticker.c.obj)
                0x00011920                ticker_trigger
 .text.ticker_start_ext
                0x00011950       0xac zephyr/subsys/bluetooth/controller/libsubsys__bluetooth__controller.a(ticker.c.obj)
                0x00011950                ticker_start_ext
 .text.ticker_start
                0x000119fc       0x38 zephyr/subsys/bluetooth/controller/libsubsys__bluetooth__controller.a(ticker.c.obj)
                0x000119fc                ticker_start
 .text.ticker_update_ext
                0x00011a34       0xac zephyr/subsys/bluetooth/controller/libsubsys__bluetooth__controller.a(ticker.c.obj)
                0x00011a34                ticker_update_ext
 .text.ticker_update
                0x00011ae0       0x30 zephyr/subsys/bluetooth/controller/libsubsys__bluetooth__controller.a(ticker.c.obj)
                0x00011ae0                ticker_update
 .text.ticker_stop
                0x00011b10       0x84 zephyr/subsys/bluetooth/controller/libsubsys__bluetooth__controller.a(ticker.c.obj)
                0x00011b10                ticker_stop
 .text.ticker_ticks_now_get
                0x00011b94        0x4 zephyr/subsys/bluetooth/controller/libsubsys__bluetooth__controller.a(ticker.c.obj)
                0x00011b94                ticker_ticks_now_get
 .text.ticker_ticks_diff_get
                0x00011b98        0x8 zephyr/subsys/bluetooth/controller/libsubsys__bluetooth__controller.a(ticker.c.obj)
                0x00011b98                ticker_ticks_diff_get
 .text.ll_addr_get
                0x00011ba0       0x3c zephyr/subsys/bluetooth/controller/libsubsys__bluetooth__controller.a(ll_addr.c.obj)
                0x00011ba0                ll_addr_get
 .text.ll_addr_set
                0x00011bdc       0x3c zephyr/subsys/bluetooth/controller/libsubsys__bluetooth__controller.a(ll_addr.c.obj)
                0x00011bdc                ll_addr_set
 .text.ll_tx_pwr_lvl_get
                0x00011c18       0x20 zephyr/subsys/bluetooth/controller/libsubsys__bluetooth__controller.a(ll_tx_pwr.c.obj)
                0x00011c18                ll_tx_pwr_lvl_get
 .text.ll_tx_pwr_get
                0x00011c38        0x8 zephyr/subsys/bluetooth/controller/libsubsys__bluetooth__controller.a(ll_tx_pwr.c.obj)
                0x00011c38                ll_tx_pwr_get
 .text.hci_driver_init
                0x00011c40       0x10 zephyr/subsys/bluetooth/controller/libsubsys__bluetooth__controller.a(hci_driver.c.obj)
 .text.hci_driver_send
                0x00011c50       0xb0 zephyr/subsys/bluetooth/controller/libsubsys__bluetooth__controller.a(hci_driver.c.obj)
 .text.recv_thread
                0x00011d00       0xf0 zephyr/subsys/bluetooth/controller/libsubsys__bluetooth__controller.a(hci_driver.c.obj)
 .text.prio_recv_thread
                0x00011df0       0xc0 zephyr/subsys/bluetooth/controller/libsubsys__bluetooth__controller.a(hci_driver.c.obj)
 .text.hci_driver_open
                0x00011eb0       0xb8 zephyr/subsys/bluetooth/controller/libsubsys__bluetooth__controller.a(hci_driver.c.obj)
 .text.le_remote_feat_complete
                0x00011f68       0x70 zephyr/subsys/bluetooth/controller/libsubsys__bluetooth__controller.a(hci.c.obj)
 .text.hci_vendor_cmd_handle_common
                0x00011fd8      0x180 zephyr/subsys/bluetooth/controller/libsubsys__bluetooth__controller.a(hci.c.obj)
                0x00011fd8                hci_vendor_cmd_handle_common
 .text.hci_cmd_handle
                0x00012158      0x9b0 zephyr/subsys/bluetooth/controller/libsubsys__bluetooth__controller.a(hci.c.obj)
                0x00012158                hci_cmd_handle
 .text.hci_acl_handle
                0x00012b08      0x12c zephyr/subsys/bluetooth/controller/libsubsys__bluetooth__controller.a(hci.c.obj)
                0x00012b08                hci_acl_handle
 .text.hci_disconn_complete_encode
                0x00012c34       0x40 zephyr/subsys/bluetooth/controller/libsubsys__bluetooth__controller.a(hci.c.obj)
                0x00012c34                hci_disconn_complete_encode
 .text.hci_disconn_complete_process
                0x00012c74       0x10 zephyr/subsys/bluetooth/controller/libsubsys__bluetooth__controller.a(hci.c.obj)
                0x00012c74                hci_disconn_complete_process
 .text.hci_acl_encode
                0x00012c84       0x74 zephyr/subsys/bluetooth/controller/libsubsys__bluetooth__controller.a(hci.c.obj)
                0x00012c84                hci_acl_encode
 .text.hci_evt_encode
                0x00012cf8      0x5d4 zephyr/subsys/bluetooth/controller/libsubsys__bluetooth__controller.a(hci.c.obj)
                0x00012cf8                hci_evt_encode
 .text.hci_num_cmplt_encode
                0x000132cc       0x30 zephyr/subsys/bluetooth/controller/libsubsys__bluetooth__controller.a(hci.c.obj)
                0x000132cc                hci_num_cmplt_encode
 .text.hci_get_class
                0x000132fc       0x2c zephyr/subsys/bluetooth/controller/libsubsys__bluetooth__controller.a(hci.c.obj)
                0x000132fc                hci_get_class
 .text.hci_init
                0x00013328       0x40 zephyr/subsys/bluetooth/controller/libsubsys__bluetooth__controller.a(hci.c.obj)
                0x00013328                hci_init
 .text.bt_rand  0x00013368        0x4 zephyr/subsys/bluetooth/controller/libsubsys__bluetooth__controller.a(crypto.c.obj)
                0x00013368                bt_rand
 .text.bt_encrypt_le
                0x0001336c        0xc zephyr/subsys/bluetooth/controller/libsubsys__bluetooth__controller.a(crypto.c.obj)
                0x0001336c                bt_encrypt_le
 .text.perform_lll_reset
                0x00013378       0x94 zephyr/subsys/bluetooth/controller/libsubsys__bluetooth__controller.a(ull.c.obj)
 .text.ull_ticker_status_give
                0x0001340c        0xc zephyr/subsys/bluetooth/controller/libsubsys__bluetooth__controller.a(ull.c.obj)
                0x0001340c                ull_ticker_status_give
 .text.disabled_cb
                0x00013418        0x4 zephyr/subsys/bluetooth/controller/libsubsys__bluetooth__controller.a(ull.c.obj)
 .text.tx_cmplt_get
                0x0001341c       0xcc zephyr/subsys/bluetooth/controller/libsubsys__bluetooth__controller.a(ull.c.obj)
 .text.rx_alloc
                0x000134e8       0xf8 zephyr/subsys/bluetooth/controller/libsubsys__bluetooth__controller.a(ull.c.obj)
 .text.init_reset
                0x000135e0      0x118 zephyr/subsys/bluetooth/controller/libsubsys__bluetooth__controller.a(ull.c.obj)
 .text.rx_demux
                0x000136f8      0x364 zephyr/subsys/bluetooth/controller/libsubsys__bluetooth__controller.a(ull.c.obj)
 .text.ll_init  0x00013a5c       0xdc zephyr/subsys/bluetooth/controller/libsubsys__bluetooth__controller.a(ull.c.obj)
                0x00013a5c                ll_init
 .text.ll_reset
                0x00013b38      0x12c zephyr/subsys/bluetooth/controller/libsubsys__bluetooth__controller.a(ull.c.obj)
                0x00013b38                ll_reset
 .text.ll_rx_get
                0x00013c64      0x1cc zephyr/subsys/bluetooth/controller/libsubsys__bluetooth__controller.a(ull.c.obj)
                0x00013c64                ll_rx_get
 .text.ll_rx_dequeue
                0x00013e30      0x19c zephyr/subsys/bluetooth/controller/libsubsys__bluetooth__controller.a(ull.c.obj)
                0x00013e30                ll_rx_dequeue
 .text.ll_rx_mem_release
                0x00013fcc      0x184 zephyr/subsys/bluetooth/controller/libsubsys__bluetooth__controller.a(ull.c.obj)
                0x00013fcc                ll_rx_mem_release
 .text.ll_rx_link_alloc
                0x00014150        0xc zephyr/subsys/bluetooth/controller/libsubsys__bluetooth__controller.a(ull.c.obj)
                0x00014150                ll_rx_link_alloc
 .text.ll_rx_link_release
                0x0001415c        0xc zephyr/subsys/bluetooth/controller/libsubsys__bluetooth__controller.a(ull.c.obj)
                0x0001415c                ll_rx_link_release
 .text.ll_rx_alloc
                0x00014168        0xc zephyr/subsys/bluetooth/controller/libsubsys__bluetooth__controller.a(ull.c.obj)
                0x00014168                ll_rx_alloc
 .text.ll_rx_release
                0x00014174        0xc zephyr/subsys/bluetooth/controller/libsubsys__bluetooth__controller.a(ull.c.obj)
                0x00014174                ll_rx_release
 .text.ll_rx_put
                0x00014180       0x14 zephyr/subsys/bluetooth/controller/libsubsys__bluetooth__controller.a(ull.c.obj)
                0x00014180                ll_rx_put
 .text.ll_rx_sched
                0x00014194        0xc zephyr/subsys/bluetooth/controller/libsubsys__bluetooth__controller.a(ull.c.obj)
                0x00014194                ll_rx_sched
 .text.ll_pdu_rx_alloc_peek
                0x000141a0       0x3c zephyr/subsys/bluetooth/controller/libsubsys__bluetooth__controller.a(ull.c.obj)
                0x000141a0                ll_pdu_rx_alloc_peek
 .text.ll_pdu_rx_alloc
                0x000141dc       0x2c zephyr/subsys/bluetooth/controller/libsubsys__bluetooth__controller.a(ull.c.obj)
                0x000141dc                ll_pdu_rx_alloc
 .text.ll_tx_ack_put
                0x00014208       0x68 zephyr/subsys/bluetooth/controller/libsubsys__bluetooth__controller.a(ull.c.obj)
                0x00014208                ll_tx_ack_put
 .text.ll_timeslice_ticker_id_get
                0x00014270        0xc zephyr/subsys/bluetooth/controller/libsubsys__bluetooth__controller.a(ull.c.obj)
                0x00014270                ll_timeslice_ticker_id_get
 .text.ll_radio_state_abort
                0x0001427c       0x40 zephyr/subsys/bluetooth/controller/libsubsys__bluetooth__controller.a(ull.c.obj)
                0x0001427c                ll_radio_state_abort
 .text.ull_ticker_status_take
                0x000142bc       0x50 zephyr/subsys/bluetooth/controller/libsubsys__bluetooth__controller.a(ull.c.obj)
                0x000142bc                ull_ticker_status_take
 .text.ull_disable_mark
                0x0001430c       0x14 zephyr/subsys/bluetooth/controller/libsubsys__bluetooth__controller.a(ull.c.obj)
                0x0001430c                ull_disable_mark
 .text.ull_disable_unmark
                0x00014320       0x18 zephyr/subsys/bluetooth/controller/libsubsys__bluetooth__controller.a(ull.c.obj)
                0x00014320                ull_disable_unmark
 .text.ull_disable_mark_get
                0x00014338        0xc zephyr/subsys/bluetooth/controller/libsubsys__bluetooth__controller.a(ull.c.obj)
                0x00014338                ull_disable_mark_get
 .text.ull_update_mark
                0x00014344       0x14 zephyr/subsys/bluetooth/controller/libsubsys__bluetooth__controller.a(ull.c.obj)
                0x00014344                ull_update_mark
 .text.ull_update_unmark
                0x00014358       0x18 zephyr/subsys/bluetooth/controller/libsubsys__bluetooth__controller.a(ull.c.obj)
                0x00014358                ull_update_unmark
 .text.ull_update_mark_get
                0x00014370        0xc zephyr/subsys/bluetooth/controller/libsubsys__bluetooth__controller.a(ull.c.obj)
                0x00014370                ull_update_mark_get
 .text.ull_disable
                0x0001437c       0x7c zephyr/subsys/bluetooth/controller/libsubsys__bluetooth__controller.a(ull.c.obj)
                0x0001437c                ull_disable
 .text.ull_ticker_stop_with_mark
                0x000143f8       0x80 zephyr/subsys/bluetooth/controller/libsubsys__bluetooth__controller.a(ull.c.obj)
                0x000143f8                ull_ticker_stop_with_mark
 .text.ull_pdu_rx_alloc_peek
                0x00014478       0x3c zephyr/subsys/bluetooth/controller/libsubsys__bluetooth__controller.a(ull.c.obj)
                0x00014478                ull_pdu_rx_alloc_peek
 .text.ull_pdu_rx_alloc
                0x000144b4       0x2c zephyr/subsys/bluetooth/controller/libsubsys__bluetooth__controller.a(ull.c.obj)
                0x000144b4                ull_pdu_rx_alloc
 .text.ull_rx_put
                0x000144e0       0x20 zephyr/subsys/bluetooth/controller/libsubsys__bluetooth__controller.a(ull.c.obj)
                0x000144e0                ull_rx_put
 .text.ull_rx_sched
                0x00014500       0x10 zephyr/subsys/bluetooth/controller/libsubsys__bluetooth__controller.a(ull.c.obj)
                0x00014500                ull_rx_sched
 .text.ull_prepare_enqueue
                0x00014510       0x6c zephyr/subsys/bluetooth/controller/libsubsys__bluetooth__controller.a(ull.c.obj)
                0x00014510                ull_prepare_enqueue
 .text.ull_prepare_dequeue_get
                0x0001457c       0x1c zephyr/subsys/bluetooth/controller/libsubsys__bluetooth__controller.a(ull.c.obj)
                0x0001457c                ull_prepare_dequeue_get
 .text.ull_prepare_dequeue_iter
                0x00014598       0x40 zephyr/subsys/bluetooth/controller/libsubsys__bluetooth__controller.a(ull.c.obj)
                0x00014598                ull_prepare_dequeue_iter
 .text.ull_event_done_extra_get
                0x000145d8       0x20 zephyr/subsys/bluetooth/controller/libsubsys__bluetooth__controller.a(ull.c.obj)
                0x000145d8                ull_event_done_extra_get
 .text.ull_event_done
                0x000145f8       0x60 zephyr/subsys/bluetooth/controller/libsubsys__bluetooth__controller.a(ull.c.obj)
                0x000145f8                ull_event_done
 .text.ticker_stop_cb
                0x00014658       0x88 zephyr/subsys/bluetooth/controller/libsubsys__bluetooth__controller.a(ull_adv.c.obj)
 .text.disabled_cb
                0x000146e0       0x94 zephyr/subsys/bluetooth/controller/libsubsys__bluetooth__controller.a(ull_adv.c.obj)
 .text.ticker_cb
                0x00014774      0x12c zephyr/subsys/bluetooth/controller/libsubsys__bluetooth__controller.a(ull_adv.c.obj)
 .text.ticker_op_stop_cb
                0x000148a0       0xbc zephyr/subsys/bluetooth/controller/libsubsys__bluetooth__controller.a(ull_adv.c.obj)
 .text.ticker_op_update_cb
                0x0001495c       0x38 zephyr/subsys/bluetooth/controller/libsubsys__bluetooth__controller.a(ull_adv.c.obj)
 .text.conn_release.constprop.0
                0x00014994       0x84 zephyr/subsys/bluetooth/controller/libsubsys__bluetooth__controller.a(ull_adv.c.obj)
 .text.disable.part.0
                0x00014a18      0x148 zephyr/subsys/bluetooth/controller/libsubsys__bluetooth__controller.a(ull_adv.c.obj)
 .text.ll_adv_params_set
                0x00014b60      0x144 zephyr/subsys/bluetooth/controller/libsubsys__bluetooth__controller.a(ull_adv.c.obj)
                0x00014b60                ll_adv_params_set
 .text.ll_adv_data_set
                0x00014ca4       0x8c zephyr/subsys/bluetooth/controller/libsubsys__bluetooth__controller.a(ull_adv.c.obj)
                0x00014ca4                ll_adv_data_set
 .text.ull_adv_init
                0x00014d30       0x1c zephyr/subsys/bluetooth/controller/libsubsys__bluetooth__controller.a(ull_adv.c.obj)
                0x00014d30                ull_adv_init
 .text.ull_adv_reset
                0x00014d4c       0x18 zephyr/subsys/bluetooth/controller/libsubsys__bluetooth__controller.a(ull_adv.c.obj)
                0x00014d4c                ull_adv_reset