Archive member included to satisfy reference by file (symbol)

app/libapp.a(main.c.obj)      (--whole-archive)
app/libapp.a(bma_sensor.c.obj)
                              (--whole-archive)
app/libapp.a(bma4.c.obj)      (--whole-archive)
app/libapp.a(bma456.c.obj)    (--whole-archive)
app/libapp.a(max30102.c.obj)  (--whole-archive)
app/libapp.a(latchSensor.c.obj)
                              (--whole-archive)
app/libapp.a(max30208.c.obj)  (--whole-archive)
app/libapp.a(lightSensor.c.obj)
                              (--whole-archive)
app/libapp.a(algorithm.c.obj)
                              (--whole-archive)
app/libapp.a(display.c.obj)   (--whole-archive)
app/libapp.a(lcd.c.obj)       (--whole-archive)
app/libapp.a(digitalPins.c.obj)
                              (--whole-archive)
app/libapp.a(hts.c.obj)       (--whole-archive)
zephyr/libzephyr.a(cbprintf.c.obj)
                              (--whole-archive)
zephyr/libzephyr.a(crc32_sw.c.obj)
                              (--whole-archive)
zephyr/libzephyr.a(crc16_sw.c.obj)
                              (--whole-archive)
zephyr/libzephyr.a(crc8_sw.c.obj)
                              (--whole-archive)
zephyr/libzephyr.a(crc7_sw.c.obj)
                              (--whole-archive)
zephyr/libzephyr.a(dec.c.obj)
                              (--whole-archive)
zephyr/libzephyr.a(fdtable.c.obj)
                              (--whole-archive)
zephyr/libzephyr.a(hex.c.obj)
                              (--whole-archive)
zephyr/libzephyr.a(notify.c.obj)
                              (--whole-archive)
zephyr/libzephyr.a(printk.c.obj)
                              (--whole-archive)
zephyr/libzephyr.a(onoff.c.obj)
                              (--whole-archive)
zephyr/libzephyr.a(rb.c.obj)  (--whole-archive)
zephyr/libzephyr.a(sem.c.obj)
                              (--whole-archive)
zephyr/libzephyr.a(thread_entry.c.obj)
                              (--whole-archive)
zephyr/libzephyr.a(timeutil.c.obj)
                              (--whole-archive)
zephyr/libzephyr.a(work_q.c.obj)
                              (--whole-archive)
zephyr/libzephyr.a(heap.c.obj)
                              (--whole-archive)
zephyr/libzephyr.a(heap-validate.c.obj)
                              (--whole-archive)
zephyr/libzephyr.a(cbprintf_complete.c.obj)
                              (--whole-archive)
zephyr/libzephyr.a(configs.c.obj)
                              (--whole-archive)
zephyr/libzephyr.a(validate_base_addresses.c.obj)
                              (--whole-archive)
zephyr/libzephyr.a(validate_enabled_instances.c.obj)
                              (--whole-archive)
zephyr/libzephyr.a(log_list.c.obj)
                              (--whole-archive)
zephyr/libzephyr.a(log_core.c.obj)
                              (--whole-archive)
zephyr/libzephyr.a(log_msg.c.obj)
                              (--whole-archive)
zephyr/libzephyr.a(log_output.c.obj)
                              (--whole-archive)
zephyr/libzephyr.a(log_backend_uart.c.obj)
                              (--whole-archive)
zephyr/libzephyr.a(log_backend_rtt.c.obj)
                              (--whole-archive)
zephyr/libzephyr.a(hrs.c.obj)
                              (--whole-archive)
zephyr/libzephyr.a(nvs.c.obj)
                              (--whole-archive)
zephyr/libzephyr.a(addr_utils.c.obj)
                              (--whole-archive)
zephyr/libzephyr.a(flash_map.c.obj)
                              (--whole-archive)
zephyr/libzephyr.a(flash_map_default.c.obj)
                              (--whole-archive)
zephyr/libzephyr.a(settings_store.c.obj)
                              (--whole-archive)
zephyr/libzephyr.a(settings.c.obj)
                              (--whole-archive)
zephyr/libzephyr.a(settings_init.c.obj)
                              (--whole-archive)
zephyr/libzephyr.a(settings_line.c.obj)
                              (--whole-archive)
zephyr/libzephyr.a(settings_nvs.c.obj)
                              (--whole-archive)
zephyr/libzephyr.a(power.c.obj)
                              (--whole-archive)
zephyr/libzephyr.a(policy_residency.c.obj)
                              (--whole-archive)
zephyr/libzephyr.a(uart_console.c.obj)
                              (--whole-archive)
zephyr/libzephyr.a(clock_control_nrf.c.obj)
                              (--whole-archive)
zephyr/libzephyr.a(sys_clock_init.c.obj)
                              (--whole-archive)
zephyr/libzephyr.a(nrf_rtc_timer.c.obj)
                              (--whole-archive)
zephyr/libzephyr.a(SEGGER_RTT.c.obj)
                              (--whole-archive)
zephyr/libzephyr.a(SEGGER_RTT_zephyr.c.obj)
                              (--whole-archive)
zephyr/libzephyr.a(utils.c.obj)
                              (--whole-archive)
zephyr/libzephyr.a(ecc_dh.c.obj)
                              (--whole-archive)
zephyr/libzephyr.a(ecc.c.obj)
                              (--whole-archive)
[...]
Memory Configuration

Name             Origin             Length             Attributes
FLASH            0x00000000         0x00100000         xr
SRAM             0x20000000         0x00040000         xw
IDT_LIST         0x20040000         0x00000800         xw
*default*        0x00000000         0xffffffff

Linker script and memory map

LOAD zephyr/CMakeFiles/zephyr_final.dir/misc/empty_file.c.obj
LOAD zephyr/CMakeFiles/zephyr_final.dir/isr_tables.c.obj
                0x00000020                _region_min_align = 0x20

.rel.plt        0x00000000        0x0
 *(SORT_BY_ALIGNMENT(.rel.plt))
                [!provide]                PROVIDE (__rel_iplt_start = .)
 *(SORT_BY_ALIGNMENT(.rel.iplt))
 .rel.iplt      0x00000000        0x0 zephyr/CMakeFiles/zephyr_final.dir/isr_tables.c.obj
                [!provide]                PROVIDE (__rel_iplt_end = .)

.rela.plt       0x00000000        0x0
 *(SORT_BY_ALIGNMENT(.rela.plt))
                [!provide]                PROVIDE (__rela_iplt_start = .)
 *(SORT_BY_ALIGNMENT(.rela.iplt))
                [!provide]                PROVIDE (__rela_iplt_end = .)

.rel.dyn
 *(SORT_BY_ALIGNMENT(.rel.*))

.rela.dyn
 *(SORT_BY_ALIGNMENT(.rela.*))

/DISCARD/
 *(SORT_BY_ALIGNMENT(.plt))
 *(SORT_BY_ALIGNMENT(.iplt))
 *(SORT_BY_ALIGNMENT(.got.plt))
 *(SORT_BY_ALIGNMENT(.igot.plt))
 *(SORT_BY_ALIGNMENT(.got))
 *(SORT_BY_ALIGNMENT(.igot))
 *(SORT_BY_ALIGNMENT(.irq_info*))
 *(SORT_BY_ALIGNMENT(.intList*))
 *(SORT_BY_ALIGNMENT(.note.GNU-stack))
                0x00000000                _image_rom_start = 0x0

rom_start       0x00000000      0x100
                0x00000000                . = 0x0
                0x00000000                . = ALIGN (0x4)
                0x00000000                . = ALIGN (0x80)
                0x00000000                . = ALIGN (0x100)
                0x00000000                _vector_start = .
 *(SORT_BY_ALIGNMENT(.exc_vector_table))
 *(SORT_BY_ALIGNMENT(.exc_vector_table.*))
 .exc_vector_table._vector_table_section
                0x00000000       0x40 zephyr/arch/arch/arm/core/aarch32/cortex_m/libarch__arm__core__aarch32__cortex_m.a(vector_table.S.obj)
                0x00000000                _vector_table
 *(SORT_BY_ALIGNMENT(.gnu.linkonce.irq_vector_table*))
 .gnu.linkonce.irq_vector_table
                0x00000040       0xc0 zephyr/CMakeFiles/zephyr_final.dir/isr_tables.c.obj
                0x00000040                _irq_vector_table
 *(SORT_BY_ALIGNMENT(.vectors))
                0x00000100                _vector_end = .
 *(SORT_BY_ALIGNMENT(.openocd_dbg))
 *(SORT_BY_ALIGNMENT(.openocd_dbg.*))

text            0x00000100    0x274d2
                0x00000100                _image_text_start = .
 *(SORT_BY_ALIGNMENT(.text))
 .text          0x00000100      0x378 c:/gnu_arm_embedded/bin/../lib/gcc/arm-none-eabi/10.2.1/thumb/v7e-m/nofp\libgcc.a(_arm_addsubdf3.o)
                0x00000100                __aeabi_drsub
                0x00000108                __aeabi_dsub
                0x00000108                __subdf3
                0x0000010c                __aeabi_dadd
                0x0000010c                __adddf3
                0x00000384                __floatunsidf
                0x00000384                __aeabi_ui2d
                0x000003a4                __floatsidf
                0x000003a4                __aeabi_i2d
                0x000003c8                __aeabi_f2d
                0x000003c8                __extendsfdf2
                0x0000040c                __floatundidf
                0x0000040c                __aeabi_ul2d
                0x0000041c                __floatdidf
                0x0000041c                __aeabi_l2d
 .text          0x00000478      0x424 c:/gnu_arm_embedded/bin/../lib/gcc/arm-none-eabi/10.2.1/thumb/v7e-m/nofp\libgcc.a(_arm_muldivdf3.o)
                0x00000478                __aeabi_dmul
                0x00000478                __muldf3
                0x000006cc                __divdf3
                0x000006cc                __aeabi_ddiv
 .text          0x0000089c      0x110 c:/gnu_arm_embedded/bin/../lib/gcc/arm-none-eabi/10.2.1/thumb/v7e-m/nofp\libgcc.a(_arm_cmpdf2.o)
                0x0000089c                __gtdf2
                0x0000089c                __gedf2
                0x000008a4                __ltdf2
                0x000008a4                __ledf2
                0x000008ac                __nedf2
                0x000008ac                __eqdf2
                0x000008ac                __cmpdf2
                0x00000928                __aeabi_cdrcmple
                0x00000938                __aeabi_cdcmpeq
                0x00000938                __aeabi_cdcmple
                0x00000948                __aeabi_dcmpeq
                0x0000095c                __aeabi_dcmplt
                0x00000970                __aeabi_dcmple
                0x00000984                __aeabi_dcmpge
                0x00000998                __aeabi_dcmpgt
 .text          0x000009ac       0x50 c:/gnu_arm_embedded/bin/../lib/gcc/arm-none-eabi/10.2.1/thumb/v7e-m/nofp\libgcc.a(_arm_fixdfsi.o)
                0x000009ac                __aeabi_d2iz
                0x000009ac                __fixdfsi
 .text          0x000009fc       0x40 c:/gnu_arm_embedded/bin/../lib/gcc/arm-none-eabi/10.2.1/thumb/v7e-m/nofp\libgcc.a(_arm_fixunsdfsi.o)
                0x000009fc                __aeabi_d2uiz
                0x000009fc                __fixunsdfsi
 .text          0x00000a3c       0xa0 c:/gnu_arm_embedded/bin/../lib/gcc/arm-none-eabi/10.2.1/thumb/v7e-m/nofp\libgcc.a(_arm_truncdfsf2.o)
                0x00000a3c                __truncdfsf2
                0x00000a3c                __aeabi_d2f
 .text          0x00000adc      0x21c c:/gnu_arm_embedded/bin/../lib/gcc/arm-none-eabi/10.2.1/thumb/v7e-m/nofp\libgcc.a(_arm_addsubsf3.o)
                0x00000adc                __aeabi_frsub
                0x00000ae4                __subsf3
                0x00000ae4                __aeabi_fsub
                0x00000ae8                __aeabi_fadd
                0x00000ae8                __addsf3
                0x00000c48                __aeabi_ui2f
                0x00000c48                __floatunsisf
                0x00000c50                __aeabi_i2f
                0x00000c50                __floatsisf
                0x00000c6c                __aeabi_ul2f
                0x00000c6c                __floatundisf
                0x00000c7c                __aeabi_l2f
                0x00000c7c                __floatdisf
 .text          0x00000cf8      0x2a0 c:/gnu_arm_embedded/bin/../lib/gcc/arm-none-eabi/10.2.1/thumb/v7e-m/nofp\libgcc.a(_arm_muldivsf3.o)
                0x00000cf8                __mulsf3
                0x00000cf8                __aeabi_fmul
                0x00000e60                __aeabi_fdiv
                0x00000e60                __divsf3
 .text          0x00000f98       0x30 c:/gnu_arm_embedded/bin/../lib/gcc/arm-none-eabi/10.2.1/thumb/v7e-m/nofp\libgcc.a(_aeabi_uldivmod.o)
                0x00000f98                __aeabi_uldivmod
 .text          0x00000fc8      0x2d0 c:/gnu_arm_embedded/bin/../lib/gcc/arm-none-eabi/10.2.1/thumb/v7e-m/nofp\libgcc.a(_udivmoddi4.o)
                0x00000fc8                __udivmoddi4
 .text          0x00001298        0x4 c:/gnu_arm_embedded/bin/../lib/gcc/arm-none-eabi/10.2.1/thumb/v7e-m/nofp\libgcc.a(_dvmd_tls.o)
                0x00001298                __aeabi_idiv0
                0x00001298                __aeabi_ldiv0
 *(SORT_BY_ALIGNMENT(.text.*))
 *fill*         0x0000129c        0x4 
 .text.brightness_task
                0x000012a0       0x88 app/libapp.a(main.c.obj)
                0x000012a0                brightness_task
 .text.max30208_read_temp
                0x00001328       0x40 app/libapp.a(max30208.c.obj)
                0x00001328                max30208_read_temp
 .text.AnalogRead
                0x00001368       0xc8 app/libapp.a(lightSensor.c.obj)
                0x00001368                AnalogRead
 .text.hts_indicate
                0x00001430      0x138 app/libapp.a(hts.c.obj)
                0x00001430                hts_indicate
 .text.bt_init  0x00001568      0x554 zephyr/subsys/bluetooth/host/libsubsys__bluetooth__host.a(hci_core.c.obj)
 *fill*         0x00001abc        0x4 
 .text.ull_drift_ticks_get
                0x00001ac0       0x8c zephyr/subsys/bluetooth/controller/libsubsys__bluetooth__controller.a(ull.c.obj)
                0x00001ac0                ull_drift_ticks_get
 *fill*         0x00001b4c        0x4 
 .text.ll_adv_enable
                0x00001b50      0x498 zephyr/subsys/bluetooth/controller/libsubsys__bluetooth__controller.a(ull_adv.c.obj)
                0x00001b50                ll_adv_enable
 .text.event_conn_upd_prep
                0x00001fe8      0x540 zephyr/subsys/bluetooth/controller/libsubsys__bluetooth__controller.a(ull_conn.c.obj)
 .text.ull_slave_setup
                0x00002528      0x3f8 zephyr/subsys/bluetooth/controller/libsubsys__bluetooth__controller.a(ull_slave.c.obj)
                0x00002528                ull_slave_setup
 .text.nrf_flash_sync_exe
                0x00002920       0xf8 zephyr/drivers/flash/libdrivers__flash.a(soc_flash_nrf_ticker.c.obj)
                0x00002920                nrf_flash_sync_exe
 .text.nrf_flash_sync_check_time_limit
                0x00002a18       0x48 zephyr/drivers/flash/libdrivers__flash.a(soc_flash_nrf_ticker.c.obj)
                0x00002a18                nrf_flash_sync_check_time_limit
 .text.vnd_ccc_cfg_changed
                0x00002a60       0x20 app/libapp.a(main.c.obj)
 .text.disconnected
                0x00002a80        0xc app/libapp.a(main.c.obj)
 .text.connected
                0x00002a8c       0x18 app/libapp.a(main.c.obj)
 .text.hrs_notify
                0x00002aa4       0x18 app/libapp.a(main.c.obj)
 .text.bt_addr_le_to_str.constprop.0.isra.0
                0x00002abc       0x78 app/libapp.a(main.c.obj)
 .text.auth_cancel
                0x00002b34       0x20 app/libapp.a(main.c.obj)
 .text.auth_passkey_display
                0x00002b54       0x24 app/libapp.a(main.c.obj)
 .text.buzzer_task
                0x00002b78       0x1c app/libapp.a(main.c.obj)
                0x00002b78                buzzer_task
 .text.vibration_task
                0x00002b94       0x20 app/libapp.a(main.c.obj)
                0x00002b94                vibration_task
 .text.latch_sensor_task
                0x00002bb4       0x20 app/libapp.a(main.c.obj)
                0x00002bb4                latch_sensor_task
 .text.sensors_read_task
                0x00002bd4       0x8c app/libapp.a(main.c.obj)
                0x00002bd4                sensors_read_task
 .text.main     0x00002c60       0xc4 app/libapp.a(main.c.obj)
                0x00002c60                main
 .text.refresh_display
                0x00002d24       0x20 app/libapp.a(main.c.obj)
                0x00002d24                refresh_display
 .text.display_task
                0x00002d44      0x2c8 app/libapp.a(main.c.obj)
                0x00002d44                display_task
 .text.bma_i2c_read
                0x0000300c       0x44 app/libapp.a(bma_sensor.c.obj)
 .text.bma_i2c_write
                0x00003050       0x44 app/libapp.a(bma_sensor.c.obj)
 .text.initialize_bma
                0x00003094       0xb8 app/libapp.a(bma_sensor.c.obj)
                0x00003094                initialize_bma
 .text.stepCounterEnable
                0x0000314c      0x114 app/libapp.a(bma_sensor.c.obj)
                0x0000314c                stepCounterEnable
 .text.getStepCounterOutput
                0x00003260       0x3c app/libapp.a(bma_sensor.c.obj)
                0x00003260                getStepCounterOutput
 .text.bma4_write_config_file
                0x0000329c      0x154 app/libapp.a(bma4.c.obj)
                0x0000329c                bma4_write_config_file
 .text.bma4_map_interrupt
                0x000033f0       0x90 app/libapp.a(bma4.c.obj)
                0x000033f0                bma4_map_interrupt
 .text.bma456_write_config_file
                0x00003480       0x40 app/libapp.a(bma456.c.obj)
                0x00003480                bma456_write_config_file
 .text.max30102_i2c_write.constprop.0
                0x000034c0       0x38 app/libapp.a(max30102.c.obj)
 .text.max30102_i2c_read.constprop.0
                0x000034f8       0x44 app/libapp.a(max30102.c.obj)
 .text.max30102_reset
                0x0000353c       0x28 app/libapp.a(max30102.c.obj)
                0x0000353c                max30102_reset
 .text.init_max30102
                0x00003564       0x50 app/libapp.a(max30102.c.obj)
                0x00003564                init_max30102
 .text.max30102_read_fifo
                0x000035b4       0xbc app/libapp.a(max30102.c.obj)
                0x000035b4                max30102_read_fifo
 .text.first_data_read
                0x00003670       0xc0 app/libapp.a(max30102.c.obj)
                0x00003670                first_data_read
 .text.read_heart_rate_spio2
                0x00003730      0x134 app/libapp.a(max30102.c.obj)
                0x00003730                read_heart_rate_spio2
 .text.button_pressed
                0x00003864        0xc app/libapp.a(latchSensor.c.obj)
                0x00003864                button_pressed
 .text.init_latch
                0x00003870       0xd0 app/libapp.a(latchSensor.c.obj)
                0x00003870                init_latch
 .text.detect_latch
                0x00003940       0x14 app/libapp.a(latchSensor.c.obj)
                0x00003940                detect_latch
 .text.max30208_i2c_write.constprop.0
                0x00003954       0x38 app/libapp.a(max30208.c.obj)
 .text.max30208_i2c_read.constprop.0
                0x0000398c       0x40 app/libapp.a(max30208.c.obj)
 .text.mpu6050_i2c_write.constprop.0.isra.0
                0x000039cc       0x34 app/libapp.a(max30208.c.obj)
 .text.mpu6050_i2c_read.constprop.0
                0x00003a00       0x40 app/libapp.a(max30208.c.obj)
 .text.init_max30208
                0x00003a40       0x3c app/libapp.a(max30208.c.obj)
                0x00003a40                init_max30208
 .text.configure_max30208
                0x00003a7c       0x6c app/libapp.a(max30208.c.obj)
                0x00003a7c                configure_max30208
 .text.configure_mpu6050
                0x00003ae8       0x38 app/libapp.a(max30208.c.obj)
                0x00003ae8                configure_mpu6050
 .text.getAdcDevice
                0x00003b20        0xc app/libapp.a(lightSensor.c.obj)
                0x00003b20                getAdcDevice
 .text.maxim_heart_rate_and_oxygen_saturation
                0x00003b2c      0x378 app/libapp.a(algorithm.c.obj)
                0x00003b2c                maxim_heart_rate_and_oxygen_saturation
 .text.init_lcd_output
                0x00003ea4       0xc8 app/libapp.a(display.c.obj)
                0x00003ea4                init_lcd_output
 .text.setOutputcs
                0x00003f6c       0x24 app/libapp.a(display.c.obj)
                0x00003f6c                setOutputcs
 .text.setOutputLcdRst
                0x00003f90       0x24 app/libapp.a(display.c.obj)
                0x00003f90                setOutputLcdRst
 .text.setOutputVciEn
                0x00003fb4       0x24 app/libapp.a(display.c.obj)
                0x00003fb4                setOutputVciEn
 .text.setOutputDcx
                0x00003fd8       0x24 app/libapp.a(display.c.obj)
                0x00003fd8                setOutputDcx
 .text.write_bytes
                0x00003ffc       0x30 app/libapp.a(display.c.obj)
                0x00003ffc                write_bytes
 .text.device_get_binding.constprop.0
                0x0000402c        0xc app/libapp.a(lcd.c.obj)
 .text.WriteComm
                0x00004038       0x70 app/libapp.a(lcd.c.obj)
                0x00004038                WriteComm
 .text.WriteData
                0x000040a8       0x70 app/libapp.a(lcd.c.obj)
                0x000040a8                WriteData
 .text.DispLogo
                0x00004118       0xd4 app/libapp.a(lcd.c.obj)
                0x00004118                DispLogo
 .text.DispIcon
                0x000041ec       0xe4 app/libapp.a(lcd.c.obj)
                0x000041ec                DispIcon
 .text.LCD_Init
                0x000042d0       0x70 app/libapp.a(lcd.c.obj)
                0x000042d0                LCD_Init
 .text.WriteOneDot
                0x00004340       0x70 app/libapp.a(lcd.c.obj)
                0x00004340                WriteOneDot
 .text.DispOneChar
                0x000043b0       0x50 app/libapp.a(lcd.c.obj)
                0x000043b0                DispOneChar
 .text.init_output
                0x00004400       0x78 app/libapp.a(digitalPins.c.obj)
                0x00004400                init_output
 .text.toggle_buzzer
                0x00004478       0x34 app/libapp.a(digitalPins.c.obj)
                0x00004478                toggle_buzzer
 .text.toggle_motor
                0x000044ac       0x2c app/libapp.a(digitalPins.c.obj)
                0x000044ac                toggle_motor
 .text.htmc_ccc_cfg_changed
                0x000044d8       0x10 app/libapp.a(hts.c.obj)
 .text.indicate_destroy
                0x000044e8       0x18 app/libapp.a(hts.c.obj)
 .text.indicate_cb
                0x00004500       0x1c app/libapp.a(hts.c.obj)
 .text.hts_init
                0x0000451c       0x38 app/libapp.a(hts.c.obj)
                0x0000451c                hts_init
 .text.crc8_ccitt
                0x00004554       0x30 zephyr/libzephyr.a(crc8_sw.c.obj)
                0x00004554                crc8_ccitt
 .text.char_out
                0x00004584       0x10 zephyr/libzephyr.a(printk.c.obj)
 .text.__printk_hook_install
                0x00004594        0xc zephyr/libzephyr.a(printk.c.obj)
                0x00004594                __printk_hook_install
 .text.vprintk  0x000045a0       0x1c zephyr/libzephyr.a(printk.c.obj)
                0x000045a0                vprintk
 .text.vsnprintk
                0x000045bc       0x28 zephyr/libzephyr.a(printk.c.obj)
                0x000045bc                vsnprintk
 .text.process_event
                0x000045e4      0x1c0 zephyr/libzephyr.a(onoff.c.obj)
 .text.cbvprintf
                0x000047a4      0xd08 zephyr/libzephyr.a(cbprintf_complete.c.obj)
                0x000047a4                cbvprintf
 .text.enable_logger
                0x000054ac       0x5c zephyr/libzephyr.a(log_core.c.obj)
 .text.log_process_thread_timer_expiry_fn
                0x00005508        0xc zephyr/libzephyr.a(log_core.c.obj)
 .text.log_core_init
                0x00005514       0x40 zephyr/libzephyr.a(log_core.c.obj)
                0x00005514                log_core_init
 .text.dropped_notify
                0x00005554       0x4c zephyr/libzephyr.a(log_core.c.obj)
                0x00005554                dropped_notify
 .text.log_dropped
                0x000055a0       0x20 zephyr/libzephyr.a(log_core.c.obj)
                0x000055a0                log_dropped
 .text.log_source_name_get
                0x000055c0       0x1c zephyr/libzephyr.a(log_core.c.obj)
                0x000055c0                log_source_name_get
 .text.log_backend_enable
                0x000055dc       0x34 zephyr/libzephyr.a(log_core.c.obj)
                0x000055dc                log_backend_enable
 .text.log_init
                0x00005610       0x54 zephyr/libzephyr.a(log_core.c.obj)
                0x00005610                log_init
 .text.log_strdup
                0x00005664       0x6c zephyr/libzephyr.a(log_core.c.obj)
                0x00005664                log_strdup
 .text.log_is_strdup
                0x000056d0       0x1c zephyr/libzephyr.a(log_core.c.obj)
                0x000056d0                log_is_strdup
 .text.z_impl_log_process
                0x000056ec      0x174 zephyr/libzephyr.a(log_core.c.obj)
                0x000056ec                z_impl_log_process
 .text.log_process_thread_func
                0x00005860       0x48 zephyr/libzephyr.a(log_core.c.obj)
 .text.msg_finalize
                0x000058a8       0xc4 zephyr/libzephyr.a(log_core.c.obj)
 .text.z_impl_log_panic
                0x0000596c       0x48 zephyr/libzephyr.a(log_core.c.obj)
                0x0000596c                z_impl_log_panic
 .text.log_free
                0x000059b4       0x34 zephyr/libzephyr.a(log_core.c.obj)
                0x000059b4                log_free
 .text.log_msg_pool_init
                0x000059e8       0x14 zephyr/libzephyr.a(log_msg.c.obj)
                0x000059e8                log_msg_pool_init
 .text.log_msg_no_space_handle
                0x000059fc       0x30 zephyr/libzephyr.a(log_msg.c.obj)
                0x000059fc                log_msg_no_space_handle
 .text.log_msg_chunk_alloc
                0x00005a2c       0x28 zephyr/libzephyr.a(log_msg.c.obj)
                0x00005a2c                log_msg_chunk_alloc
 .text.msg_free
                0x00005a54       0x7c zephyr/libzephyr.a(log_msg.c.obj)
 .text.print_formatted
                0x00005ad0       0x24 zephyr/libzephyr.a(log_output.c.obj)
 .text.hexdump_line_print
                0x00005af4       0xdc zephyr/libzephyr.a(log_output.c.obj)
 .text.prefix_print
                0x00005bd0      0x11c zephyr/libzephyr.a(log_output.c.obj)
 .text.postfix_print
                0x00005cec       0x3c zephyr/libzephyr.a(log_output.c.obj)
 .text.log_output_msg_process
                0x00005d28       0xf8 zephyr/libzephyr.a(log_output.c.obj)
                0x00005d28                log_output_msg_process
 .text.log_output_dropped_process
                0x00005e20       0x58 zephyr/libzephyr.a(log_output.c.obj)
                0x00005e20                log_output_dropped_process
 .text.log_output_timestamp_freq_set
                0x00005e78       0x30 zephyr/libzephyr.a(log_output.c.obj)
                0x00005e78                log_output_timestamp_freq_set
 .text.char_out
                0x00005ea8       0x24 zephyr/libzephyr.a(log_backend_uart.c.obj)
 .text.panic    0x00005ecc        0xc zephyr/libzephyr.a(log_backend_uart.c.obj)
 .text.dropped  0x00005ed8        0xc zephyr/libzephyr.a(log_backend_uart.c.obj)
 .text.log_backend_uart_init
                0x00005ee4       0x18 zephyr/libzephyr.a(log_backend_uart.c.obj)
 .text.put      0x00005efc       0x24 zephyr/libzephyr.a(log_backend_uart.c.obj)
 .text.log_backend_rtt_init
                0x00005f20        0xc zephyr/libzephyr.a(log_backend_rtt.c.obj)
 .text.panic    0x00005f2c       0x14 zephyr/libzephyr.a(log_backend_rtt.c.obj)
 .text.dropped  0x00005f40        0xc zephyr/libzephyr.a(log_backend_rtt.c.obj)
 .text.put      0x00005f4c       0x24 zephyr/libzephyr.a(log_backend_rtt.c.obj)
 .text.on_failed_write.part.0
                0x00005f70       0x1c zephyr/libzephyr.a(log_backend_rtt.c.obj)
 .text.data_out_block_mode
                0x00005f8c       0x9c zephyr/libzephyr.a(log_backend_rtt.c.obj)
 .text.hrs_init
                0x00006028       0x10 zephyr/libzephyr.a(hrs.c.obj)
 .text.read_blsc
                0x00006038       0x1c zephyr/libzephyr.a(hrs.c.obj)
 .text.hrmc_ccc_cfg_changed
                0x00006054       0x34 zephyr/libzephyr.a(hrs.c.obj)
 .text.bt_hrs_notify
                0x00006088       0x40 zephyr/libzephyr.a(hrs.c.obj)
                0x00006088                bt_hrs_notify
 .text.nvs_recover_last_ate
                0x000060c8       0x60 zephyr/libzephyr.a(nvs.c.obj)
 .text.nvs_gc   0x00006128      0x150 zephyr/libzephyr.a(nvs.c.obj)
 .text.nvs_init
                0x00006278      0x2d8 zephyr/libzephyr.a(nvs.c.obj)
                0x00006278                nvs_init
 .text.nvs_write
                0x00006550      0x1a8 zephyr/libzephyr.a(nvs.c.obj)
                0x00006550                nvs_write
 .text.nvs_read_hist
                0x000066f8       0xd0 zephyr/libzephyr.a(nvs.c.obj)
                0x000066f8                nvs_read_hist
 .text.get_flash_area_from_id
                0x000067c8       0x2c zephyr/libzephyr.a(flash_map.c.obj)
 .text.flash_area_open
                0x000067f4       0x28 zephyr/libzephyr.a(flash_map.c.obj)
                0x000067f4                flash_area_open
 .text.flash_area_get_sectors
                0x0000681c       0x50 zephyr/libzephyr.a(flash_map.c.obj)
                0x0000681c                flash_area_get_sectors
 .text.settings_save_one
                0x0000686c       0x4c zephyr/libzephyr.a(settings_store.c.obj)
                0x0000686c                settings_save_one
 .text.settings_src_register
                0x000068b8       0x1c zephyr/libzephyr.a(settings_store.c.obj)
                0x000068b8                settings_src_register
 .text.settings_dst_register
                0x000068d4        0xc zephyr/libzephyr.a(settings_store.c.obj)
                0x000068d4                settings_dst_register
 .text.settings_load_subtree
                0x000068e0       0x4c zephyr/libzephyr.a(settings_store.c.obj)
                0x000068e0                settings_load_subtree
 .text.settings_load_subtree_direct
                0x0000692c       0x40 zephyr/libzephyr.a(settings_store.c.obj)
                0x0000692c                settings_load_subtree_direct
 .text.settings_store_init
                0x0000696c       0x10 zephyr/libzephyr.a(settings_store.c.obj)
                0x0000696c                settings_store_init
 .text.settings_init
                0x0000697c       0x10 zephyr/libzephyr.a(settings.c.obj)
                0x0000697c                settings_init
 .text.settings_parse_and_lookup
                0x0000698c       0x94 zephyr/libzephyr.a(settings.c.obj)
                0x0000698c                settings_parse_and_lookup
 .text.settings_call_set_handler
                0x00006a20       0x9c zephyr/libzephyr.a(settings.c.obj)
                0x00006a20                settings_call_set_handler
 .text.settings_commit_subtree
                0x00006abc       0x78 zephyr/libzephyr.a(settings.c.obj)
                0x00006abc                settings_commit_subtree
 .text.settings_subsys_init
                0x00006b34       0x20 zephyr/libzephyr.a(settings_init.c.obj)
                0x00006b34                settings_subsys_init
 .text.settings_nvs_load
                0x00006b54       0xb8 zephyr/libzephyr.a(settings_nvs.c.obj)
 .text.settings_backend_init
                0x00006c0c       0x98 zephyr/libzephyr.a(settings_nvs.c.obj)
                0x00006c0c                settings_backend_init
 .text.pm_state_notify
                0x00006ca4       0x44 zephyr/libzephyr.a(power.c.obj)
 .text.pm_system_suspend
                0x00006ce8       0x78 zephyr/libzephyr.a(power.c.obj)
                0x00006ce8                pm_system_suspend
 .text.pm_system_resume
                0x00006d60       0x24 zephyr/libzephyr.a(power.c.obj)
                0x00006d60                pm_system_resume
 .text.uart_console_init
                0x00006d84       0x2c zephyr/libzephyr.a(uart_console.c.obj)
 .text.console_out
                0x00006db0       0x28 zephyr/libzephyr.a(uart_console.c.obj)
 .text.onoff_stop
                0x00006dd8       0x30 zephyr/libzephyr.a(clock_control_nrf.c.obj)
 .text.onoff_start
                0x00006e08       0x44 zephyr/libzephyr.a(clock_control_nrf.c.obj)
 .text.clk_init
                0x00006e4c       0x60 zephyr/libzephyr.a(clock_control_nrf.c.obj)
 .text.clkstarted_handle.constprop.0
                0x00006eac       0x34 zephyr/libzephyr.a(clock_control_nrf.c.obj)
 .text.clock_event_handler
                0x00006ee0       0x1c zephyr/libzephyr.a(clock_control_nrf.c.obj)
 .text.generic_hfclk_start
                0x00006efc       0x64 zephyr/libzephyr.a(clock_control_nrf.c.obj)
 .text.api_blocking_start
                0x00006f60       0x3c zephyr/libzephyr.a(clock_control_nrf.c.obj)
 .text.generic_hfclk_stop
                0x00006f9c       0x2c zephyr/libzephyr.a(clock_control_nrf.c.obj)
 .text.z_nrf_clock_control_get_onoff
                0x00006fc8       0x10 zephyr/libzephyr.a(clock_control_nrf.c.obj)
                0x00006fc8                z_nrf_clock_control_get_onoff
 .text.z_nrf_clock_bt_ctlr_hf_request
                0x00006fd8       0x2c zephyr/libzephyr.a(clock_control_nrf.c.obj)
                0x00006fd8                z_nrf_clock_bt_ctlr_hf_request
 .text.z_nrf_clock_bt_ctlr_hf_release
                0x00007004       0x2c zephyr/libzephyr.a(clock_control_nrf.c.obj)
                0x00007004                z_nrf_clock_bt_ctlr_hf_release
 .text.z_nrf_clock_control_lf_on
                0x00007030      0x100 zephyr/libzephyr.a(clock_control_nrf.c.obj)
                0x00007030                z_nrf_clock_control_lf_on
 .text.sys_clock_timeout_handler
                0x00007130       0x18 zephyr/libzephyr.a(nrf_rtc_timer.c.obj)
 .text.set_absolute_alarm
                0x00007148       0x94 zephyr/libzephyr.a(nrf_rtc_timer.c.obj)
 .text.rtc_nrf_isr
                0x000071dc       0x50 zephyr/libzephyr.a(nrf_rtc_timer.c.obj)
                0x000071dc                rtc_nrf_isr
 .text.z_clock_driver_init
                0x0000722c       0x4c zephyr/libzephyr.a(nrf_rtc_timer.c.obj)
                0x0000722c                z_clock_driver_init
 .text.z_clock_set_timeout
                0x00007278       0x64 zephyr/libzephyr.a(nrf_rtc_timer.c.obj)
                0x00007278                z_clock_set_timeout
 .text.z_clock_elapsed
                0x000072dc       0x34 zephyr/libzephyr.a(nrf_rtc_timer.c.obj)
                0x000072dc                z_clock_elapsed
 .text.z_timer_cycle_get_32
                0x00007310       0x34 zephyr/libzephyr.a(nrf_rtc_timer.c.obj)
                0x00007310                z_timer_cycle_get_32
 .text._DoInit  0x00007344       0x60 zephyr/libzephyr.a(SEGGER_RTT.c.obj)
 .text.SEGGER_RTT_WriteSkipNoLock
                0x000073a4       0x98 zephyr/libzephyr.a(SEGGER_RTT.c.obj)
                0x000073a4                SEGGER_RTT_WriteSkipNoLock
 .text.SEGGER_RTT_HasDataUp
                0x0000743c       0x14 zephyr/libzephyr.a(SEGGER_RTT.c.obj)
                0x0000743c                SEGGER_RTT_HasDataUp
 .text.uECC_get_rng
                0x00007450        0xc zephyr/libzephyr.a(ecc.c.obj)
                0x00007450                uECC_get_rng
 .text.vli_mmod_fast_secp256r1
                0x0000745c      0x188 zephyr/libzephyr.a(ecc.c.obj)
                0x0000745c                vli_mmod_fast_secp256r1
 .text.sub_bytes
                0x000075e4       0x18 zephyr/libzephyr.a(aes_encrypt.c.obj)
 .text.tc_aes128_set_encrypt_key
                0x000075fc       0xa4 zephyr/libzephyr.a(aes_encrypt.c.obj)
                0x000075fc                tc_aes128_set_encrypt_key
 .text.arch_swap
                0x000076a0       0x38 zephyr/arch/arch/arm/core/aarch32/libarch__arm__core__aarch32.a(swap.c.obj)
                0x000076a0                arch_swap
 .text.z_arm_pendsv
                0x000076d8       0x54 zephyr/arch/arch/arm/core/aarch32/libarch__arm__core__aarch32.a(swap_helper.S.obj)
                0x000076d8                z_arm_pendsv
 .text.z_arm_svc
                0x0000772c       0x20 zephyr/arch/arch/arm/core/aarch32/libarch__arm__core__aarch32.a(swap_helper.S.obj)
                0x0000772c                z_arm_svc
 .text.arch_irq_enable
                0x0000774c       0x20 zephyr/arch/arch/arm/core/aarch32/libarch__arm__core__aarch32.a(irq_manage.c.obj)
                0x0000774c                arch_irq_enable
 .text.arch_irq_disable
                0x0000776c       0x28 zephyr/arch/arch/arm/core/aarch32/libarch__arm__core__aarch32.a(irq_manage.c.obj)
                0x0000776c                arch_irq_disable
 .text.arch_irq_is_enabled
                0x00007794       0x1c zephyr/arch/arch/arm/core/aarch32/libarch__arm__core__aarch32.a(irq_manage.c.obj)
                0x00007794                arch_irq_is_enabled
 .text.z_arm_irq_priority_set
                0x000077b0       0x30 zephyr/arch/arch/arm/core/aarch32/libarch__arm__core__aarch32.a(irq_manage.c.obj)
                0x000077b0                z_arm_irq_priority_set
 .text._arch_isr_direct_pm
                0x000077e0       0x1c zephyr/arch/arch/arm/core/aarch32/libarch__arm__core__aarch32.a(irq_manage.c.obj)
                0x000077e0                _arch_isr_direct_pm
 .text.arch_new_thread
                0x000077fc       0x38 zephyr/arch/arch/arm/core/aarch32/libarch__arm__core__aarch32.a(thread.c.obj)
                0x000077fc                arch_new_thread
 .text.z_check_thread_stack_fail
                0x00007834       0x2c zephyr/arch/arch/arm/core/aarch32/libarch__arm__core__aarch32.a(thread.c.obj)
                0x00007834                z_check_thread_stack_fail
 .text.arch_switch_to_main_thread
                0x00007860       0x34 zephyr/arch/arch/arm/core/aarch32/libarch__arm__core__aarch32.a(thread.c.obj)
                0x00007860                arch_switch_to_main_thread
 .text.z_arm_cpu_idle_init
                0x00007894        0xc zephyr/arch/arch/arm/core/aarch32/libarch__arm__core__aarch32.a(cpu_idle.S.obj)
                0x00007894                z_arm_cpu_idle_init
 .text.arch_cpu_idle
                0x000078a0       0x1c zephyr/arch/arch/arm/core/aarch32/libarch__arm__core__aarch32.a(cpu_idle.S.obj)
                0x000078a0                arch_cpu_idle
 .text.arch_cpu_atomic_idle
                0x000078bc       0x14 zephyr/arch/arch/arm/core/aarch32/libarch__arm__core__aarch32.a(cpu_idle.S.obj)
                0x000078bc                arch_cpu_atomic_idle
 .text.z_arm_fatal_error
                0x000078d0       0x70 zephyr/arch/arch/arm/core/aarch32/libarch__arm__core__aarch32.a(fatal.c.obj)
                0x000078d0                z_arm_fatal_error
 .text.z_SysNmiOnReset
                0x00007940        0x8 zephyr/arch/arch/arm/core/aarch32/libarch__arm__core__aarch32.a(nmi_on_reset.S.obj)
                0x00007940                z_SysNmiOnReset
 .text.z_arm_prep_c
                0x00007948       0x44 zephyr/arch/arch/arm/core/aarch32/libarch__arm__core__aarch32.a(prep_c.c.obj)
                0x00007948                z_arm_prep_c
 .text._isr_wrapper
                0x0000798c       0x40 zephyr/arch/arch/arm/core/aarch32/libarch__arm__core__aarch32.a(isr_wrapper.S.obj)
                0x0000798c                _isr_wrapper
 .text._reset_section
                0x000079cc       0x30 zephyr/arch/arch/arm/core/aarch32/cortex_m/libarch__arm__core__aarch32__cortex_m.a(reset.S.obj)
                0x000079cc                __start
                0x000079cc                z_arm_reset
 .text.__fault  0x000079fc       0x14 zephyr/arch/arch/arm/core/aarch32/cortex_m/libarch__arm__core__aarch32__cortex_m.a(fault_s.S.obj)
                0x000079fc                z_arm_usage_fault
                0x000079fc                z_arm_mpu_fault
                0x000079fc                z_arm_exc_spurious
                0x000079fc                z_arm_debug_monitor
                0x000079fc                z_arm_hard_fault
                0x000079fc                z_arm_bus_fault
 .text.mem_manage_fault
                0x00007a10      0x104 zephyr/arch/arch/arm/core/aarch32/cortex_m/libarch__arm__core__aarch32__cortex_m.a(fault.c.obj)
 .text.usage_fault.constprop.0
                0x00007b14       0xb8 zephyr/arch/arch/arm/core/aarch32/cortex_m/libarch__arm__core__aarch32__cortex_m.a(fault.c.obj)
 .text.bus_fault.constprop.0
                0x00007bcc       0xdc zephyr/arch/arch/arm/core/aarch32/cortex_m/libarch__arm__core__aarch32__cortex_m.a(fault.c.obj)
 .text.z_arm_fault
                0x00007ca8      0x194 zephyr/arch/arch/arm/core/aarch32/cortex_m/libarch__arm__core__aarch32__cortex_m.a(fault.c.obj)
                0x00007ca8                z_arm_fault
 .text.z_arm_fault_init
                0x00007e3c       0x10 zephyr/arch/arch/arm/core/aarch32/cortex_m/libarch__arm__core__aarch32__cortex_m.a(fault.c.obj)
                0x00007e3c                z_arm_fault_init
 .text._HandlerModeExit
                0x00007e4c       0x1c zephyr/arch/arch/arm/core/aarch32/cortex_m/libarch__arm__core__aarch32__cortex_m.a(exc_exit.S.obj)
                0x00007e4c                z_arm_int_exit
                0x00007e4c                z_arm_exc_exit
 .text.z_arm_interrupt_init
                0x00007e68       0x18 zephyr/arch/arch/arm/core/aarch32/cortex_m/libarch__arm__core__aarch32__cortex_m.a(irq_init.c.obj)
                0x00007e68                z_arm_interrupt_init
 .text.z_impl_k_thread_abort
                0x00007e80       0x44 zephyr/arch/arch/arm/core/aarch32/cortex_m/libarch__arm__core__aarch32__cortex_m.a(thread_abort.c.obj)
                0x00007e80                z_impl_k_thread_abort
 .text.z_arm_configure_static_mpu_regions
                0x00007ec4       0x18 zephyr/arch/arch/arm/core/aarch32/cortex_m/mpu/libarch__arm__core__aarch32__cortex_m__mpu.a(arm_core_mpu.c.obj)
                0x00007ec4                z_arm_configure_static_mpu_regions
 .text.z_arm_configure_dynamic_mpu_regions
                0x00007edc       0x20 zephyr/arch/arch/arm/core/aarch32/cortex_m/mpu/libarch__arm__core__aarch32__cortex_m__mpu.a(arm_core_mpu.c.obj)
                0x00007edc                z_arm_configure_dynamic_mpu_regions
 .text.mpu_configure_regions
                0x00007efc       0xc0 zephyr/arch/arch/arm/core/aarch32/cortex_m/mpu/libarch__arm__core__aarch32__cortex_m__mpu.a(arm_mpu.c.obj)
 .text.arm_core_mpu_enable
                0x00007fbc       0x18 zephyr/arch/arch/arm/core/aarch32/cortex_m/mpu/libarch__arm__core__aarch32__cortex_m__mpu.a(arm_mpu.c.obj)
                0x00007fbc                arm_core_mpu_enable
 .text.arm_core_mpu_disable
                0x00007fd4       0x14 zephyr/arch/arch/arm/core/aarch32/cortex_m/mpu/libarch__arm__core__aarch32__cortex_m__mpu.a(arm_mpu.c.obj)
                0x00007fd4                arm_core_mpu_disable
 .text.arm_mpu_init
                0x00007fe8       0x60 zephyr/arch/arch/arm/core/aarch32/cortex_m/mpu/libarch__arm__core__aarch32__cortex_m__mpu.a(arm_mpu.c.obj)
 .text.arm_core_mpu_configure_static_mpu_regions
                0x00008048       0x14 zephyr/arch/arch/arm/core/aarch32/cortex_m/mpu/libarch__arm__core__aarch32__cortex_m__mpu.a(arm_mpu.c.obj)
                0x00008048                arm_core_mpu_configure_static_mpu_regions
 .text.arm_core_mpu_configure_dynamic_mpu_regions
                0x0000805c       0x30 zephyr/arch/arch/arm/core/aarch32/cortex_m/mpu/libarch__arm__core__aarch32__cortex_m__mpu.a(arm_mpu.c.obj)
                0x0000805c                arm_core_mpu_configure_dynamic_mpu_regions
 .text.__stdout_hook_install
                0x0000808c        0xc zephyr/lib/libc/minimal/liblib__libc__minimal.a(stdout_console.c.obj)
                0x0000808c                __stdout_hook_install
 .text.z_impl_zephyr_fputc
                0x00008098       0x18 zephyr/lib/libc/minimal/liblib__libc__minimal.a(stdout_console.c.obj)
                0x00008098                z_impl_zephyr_fputc
 .text.sprintf  0x000080b0       0x30 zephyr/lib/libc/minimal/liblib__libc__minimal.a(sprintf.c.obj)
                0x000080b0                sprintf
 .text.printf   0x000080e0       0x24 zephyr/lib/libc/minimal/liblib__libc__minimal.a(fprintf.c.obj)
                0x000080e0                printf
 .text.nordicsemi_nrf52_init
                0x00008104       0x30 zephyr/soc/arm/nordic_nrf/nrf52/libsoc__arm__nordic_nrf__nrf52.a(soc.c.obj)
 .text.arch_busy_wait
                0x00008134       0x14 zephyr/soc/arm/nordic_nrf/nrf52/libsoc__arm__nordic_nrf__nrf52.a(soc.c.obj)
                0x00008134                arch_busy_wait
 .text.bt_hex_real
                0x00008148       0x44 zephyr/subsys/bluetooth/common/libsubsys__bluetooth__common.a(log.c.obj)
                0x00008148                bt_hex_real
 .text.bt_addr_le_str_real
                0x0000818c       0x7c zephyr/subsys/bluetooth/common/libsubsys__bluetooth__common.a(log.c.obj)
                0x0000818c                bt_addr_le_str_real
 .text.ecc_thread
                0x00008208      0x1c0 zephyr/subsys/bluetooth/host/libsubsys__bluetooth__host.a(hci_ecc.c.obj)
 .text.bt_hci_ecc_send
                0x000083c8      0x110 zephyr/subsys/bluetooth/host/libsubsys__bluetooth__host.a(hci_ecc.c.obj)
                0x000083c8                bt_hci_ecc_send
 .text.bt_hci_ecc_init
                0x000084d8       0x48 zephyr/subsys/bluetooth/host/libsubsys__bluetooth__host.a(hci_ecc.c.obj)
                0x000084d8                bt_hci_ecc_init
 .text.save_id  0x00008520       0x78 zephyr/subsys/bluetooth/host/libsubsys__bluetooth__host.a(settings.c.obj)
 .text.set      0x00008598      0x150 zephyr/subsys/bluetooth/host/libsubsys__bluetooth__host.a(settings.c.obj)
 .text.bt_settings_encode_key
                0x000086e8       0x60 zephyr/subsys/bluetooth/host/libsubsys__bluetooth__host.a(settings.c.obj)
                0x000086e8                bt_settings_encode_key
 .text.bt_settings_save_id
                0x00008748       0x30 zephyr/subsys/bluetooth/host/libsubsys__bluetooth__host.a(settings.c.obj)
                0x00008748                bt_settings_save_id
 .text.commit   0x00008778       0x90 zephyr/subsys/bluetooth/host/libsubsys__bluetooth__host.a(settings.c.obj)
 .text.bt_settings_init
                0x00008808       0x30 zephyr/subsys/bluetooth/host/libsubsys__bluetooth__host.a(settings.c.obj)
                0x00008808                bt_settings_init
 .text.uuid_to_uuid128
                0x00008838       0x6c zephyr/subsys/bluetooth/host/libsubsys__bluetooth__host.a(uuid.c.obj)
 .text.bt_buf_get_rx
                0x000088a4       0x20 zephyr/subsys/bluetooth/host/libsubsys__bluetooth__host.a(buf.c.obj)
                0x000088a4                bt_buf_get_rx
 .text.bt_buf_get_cmd_complete
                0x000088c4       0x4c zephyr/subsys/bluetooth/host/libsubsys__bluetooth__host.a(buf.c.obj)
                0x000088c4                bt_buf_get_cmd_complete
 .text.bt_buf_get_evt
                0x00008910       0x54 zephyr/subsys/bluetooth/host/libsubsys__bluetooth__host.a(buf.c.obj)
                0x00008910                bt_buf_get_evt
 .text.bt_adv_foreach
                0x00008964        0xc zephyr/subsys/bluetooth/host/libsubsys__bluetooth__host.a(hci_core.c.obj)
 .text.le_dhkey_complete
                0x00008970       0x1c zephyr/subsys/bluetooth/host/libsubsys__bluetooth__host.a(hci_core.c.obj)
 .text.ver_str  0x0000898c       0x38 zephyr/subsys/bluetooth/host/libsubsys__bluetooth__host.a(hci_core.c.obj)
 .text.le_rpa_invalidate
                0x000089c4       0x2c zephyr/subsys/bluetooth/host/libsubsys__bluetooth__host.a(hci_core.c.obj)
 .text.hci_data_buf_overflow
                0x000089f0       0x24 zephyr/subsys/bluetooth/host/libsubsys__bluetooth__host.a(hci_core.c.obj)
 .text.id_find  0x00008a14       0x30 zephyr/subsys/bluetooth/host/libsubsys__bluetooth__host.a(hci_core.c.obj)
 .text.valid_adv_param
                0x00008a44       0x90 zephyr/subsys/bluetooth/host/libsubsys__bluetooth__host.a(hci_core.c.obj)
 .text.le_pkey_complete
                0x00008ad4       0x50 zephyr/subsys/bluetooth/host/libsubsys__bluetooth__host.a(hci_core.c.obj)
 .text.unpair   0x00008b24       0x70 zephyr/subsys/bluetooth/host/libsubsys__bluetooth__host.a(hci_core.c.obj)
 .text.le_data_len_change
                0x00008b94       0x3c zephyr/subsys/bluetooth/host/libsubsys__bluetooth__host.a(hci_core.c.obj)
 .text.hci_disconn_complete_prio
                0x00008bd0       0x50 zephyr/subsys/bluetooth/host/libsubsys__bluetooth__host.a(hci_core.c.obj)
 .text.hci_disconn_complete
                0x00008c20       0x54 zephyr/subsys/bluetooth/host/libsubsys__bluetooth__host.a(hci_core.c.obj)
 .text.hci_hardware_error
                0x00008c74       0x30 zephyr/subsys/bluetooth/host/libsubsys__bluetooth__host.a(hci_core.c.obj)
 .text.hci_vendor_event
                0x00008ca4       0x38 zephyr/subsys/bluetooth/host/libsubsys__bluetooth__host.a(hci_core.c.obj)
 .text.le_conn_update_complete
                0x00008cdc       0xb4 zephyr/subsys/bluetooth/host/libsubsys__bluetooth__host.a(hci_core.c.obj)
 .text.id_create
                0x00008d90       0xb0 zephyr/subsys/bluetooth/host/libsubsys__bluetooth__host.a(hci_core.c.obj)
 .text.le_adv_start_add_conn
                0x00008e40       0xac zephyr/subsys/bluetooth/host/libsubsys__bluetooth__host.a(hci_core.c.obj)
 .text.find_pending_connect.part.0
                0x00008eec       0x40 zephyr/subsys/bluetooth/host/libsubsys__bluetooth__host.a(hci_core.c.obj)
 .text.handle_event
                0x00008f2c       0x84 zephyr/subsys/bluetooth/host/libsubsys__bluetooth__host.a(hci_core.c.obj)
 .text.hci_le_meta_event
                0x00008fb0       0x20 zephyr/subsys/bluetooth/host/libsubsys__bluetooth__host.a(hci_core.c.obj)
 .text.hci_cmd_done
                0x00008fd0       0xf8 zephyr/subsys/bluetooth/host/libsubsys__bluetooth__host.a(hci_core.c.obj)
 .text.hci_cmd_status
                0x000090c8       0x2c zephyr/subsys/bluetooth/host/libsubsys__bluetooth__host.a(hci_core.c.obj)
 .text.hci_cmd_complete
                0x000090f4       0x30 zephyr/subsys/bluetooth/host/libsubsys__bluetooth__host.a(hci_core.c.obj)
 .text.hci_tx_thread
                0x00009124      0x188 zephyr/subsys/bluetooth/host/libsubsys__bluetooth__host.a(hci_core.c.obj)
 .text.hci_num_completed_packets
                0x000092ac      0x110 zephyr/subsys/bluetooth/host/libsubsys__bluetooth__host.a(hci_core.c.obj)
 .text.bt_hci_cmd_create
                0x000093bc       0x74 zephyr/subsys/bluetooth/host/libsubsys__bluetooth__host.a(hci_core.c.obj)
                0x000093bc                bt_hci_cmd_create
 .text.bt_hci_cmd_send
                0x00009430       0x64 zephyr/subsys/bluetooth/host/libsubsys__bluetooth__host.a(hci_core.c.obj)
                0x00009430                bt_hci_cmd_send
 .text.le_ltk_request
                0x00009494       0xc4 zephyr/subsys/bluetooth/host/libsubsys__bluetooth__host.a(hci_core.c.obj)
 .text.le_conn_param_neg_reply
                0x00009558       0x54 zephyr/subsys/bluetooth/host/libsubsys__bluetooth__host.a(hci_core.c.obj)
 .text.le_conn_param_req
                0x000095ac       0xd0 zephyr/subsys/bluetooth/host/libsubsys__bluetooth__host.a(hci_core.c.obj)
 .text.bt_hci_cmd_send_sync
                0x0000967c       0xf4 zephyr/subsys/bluetooth/host/libsubsys__bluetooth__host.a(hci_core.c.obj)
                0x0000967c                bt_hci_cmd_send_sync
 .text.set_random_address
                0x00009770       0x5c zephyr/subsys/bluetooth/host/libsubsys__bluetooth__host.a(hci_core.c.obj)
 .text.le_set_private_addr
                0x000097cc       0x6c zephyr/subsys/bluetooth/host/libsubsys__bluetooth__host.a(hci_core.c.obj)
 .text.le_adv_set_random_addr.isra.0
                0x00009838       0xc0 zephyr/subsys/bluetooth/host/libsubsys__bluetooth__host.a(hci_core.c.obj)
 .text.set_le_adv_enable_legacy
                0x000098f8       0x5c zephyr/subsys/bluetooth/host/libsubsys__bluetooth__host.a(hci_core.c.obj)
 .text.le_update_private_addr
                0x00009954       0x7c zephyr/subsys/bluetooth/host/libsubsys__bluetooth__host.a(hci_core.c.obj)
 .text.rpa_timeout
                0x000099d0       0x4c zephyr/subsys/bluetooth/host/libsubsys__bluetooth__host.a(hci_core.c.obj)
 .text.hci_le_read_max_data_len
                0x00009a1c       0x54 zephyr/subsys/bluetooth/host/libsubsys__bluetooth__host.a(hci_core.c.obj)
 .text.hci_id_add
                0x00009a70       0x60 zephyr/subsys/bluetooth/host/libsubsys__bluetooth__host.a(hci_core.c.obj)
 .text.hci_set_ad
                0x00009ad0       0xe4 zephyr/subsys/bluetooth/host/libsubsys__bluetooth__host.a(hci_core.c.obj)
 .text.le_adv_update.constprop.0
                0x00009bb4       0xe8 zephyr/subsys/bluetooth/host/libsubsys__bluetooth__host.a(hci_core.c.obj)
 .text.conn_auto_initiate
                0x00009c9c       0xf8 zephyr/subsys/bluetooth/host/libsubsys__bluetooth__host.a(hci_core.c.obj)
 .text.le_phy_update_complete
                0x00009d94       0x64 zephyr/subsys/bluetooth/host/libsubsys__bluetooth__host.a(hci_core.c.obj)
 .text.le_remote_feat_complete
                0x00009df8       0x60 zephyr/subsys/bluetooth/host/libsubsys__bluetooth__host.a(hci_core.c.obj)
 .text.bt_unpair
                0x00009e58       0x4c zephyr/subsys/bluetooth/host/libsubsys__bluetooth__host.a(hci_core.c.obj)
                0x00009e58                bt_unpair
 .text.bt_security_err_get
                0x00009ea4       0x10 zephyr/subsys/bluetooth/host/libsubsys__bluetooth__host.a(hci_core.c.obj)
                0x00009ea4                bt_security_err_get
 .text.hci_encrypt_key_refresh_complete
                0x00009eb4       0xa4 zephyr/subsys/bluetooth/host/libsubsys__bluetooth__host.a(hci_core.c.obj)
 .text.hci_encrypt_change
                0x00009f58       0xa8 zephyr/subsys/bluetooth/host/libsubsys__bluetooth__host.a(hci_core.c.obj)
 .text.bt_id_add
                0x0000a000      0x1a4 zephyr/subsys/bluetooth/host/libsubsys__bluetooth__host.a(hci_core.c.obj)
                0x0000a000                bt_id_add
 .text.bt_id_del
                0x0000a1a4      0x138 zephyr/subsys/bluetooth/host/libsubsys__bluetooth__host.a(hci_core.c.obj)
                0x0000a1a4                bt_id_del
 .text.hci_event_prio
                0x0000a2dc       0xa4 zephyr/subsys/bluetooth/host/libsubsys__bluetooth__host.a(hci_core.c.obj)
                0x0000a2dc                hci_event_prio
 .text.bt_recv  0x0000a380      0x148 zephyr/subsys/bluetooth/host/libsubsys__bluetooth__host.a(hci_core.c.obj)
                0x0000a380                bt_recv
 .text.bt_recv_prio
                0x0000a4c8       0x3c zephyr/subsys/bluetooth/host/libsubsys__bluetooth__host.a(hci_core.c.obj)
                0x0000a4c8                bt_recv_prio
 .text.bt_hci_driver_register
                0x0000a504       0x28 zephyr/subsys/bluetooth/host/libsubsys__bluetooth__host.a(hci_core.c.obj)
                0x0000a504                bt_hci_driver_register
 .text.bt_finalize_init
                0x0000a52c       0xd8 zephyr/subsys/bluetooth/host/libsubsys__bluetooth__host.a(hci_core.c.obj)
                0x0000a52c                bt_finalize_init
 .text.init_work
                0x0000a604       0x18 zephyr/subsys/bluetooth/host/libsubsys__bluetooth__host.a(hci_core.c.obj)
 .text.bt_enable
                0x0000a61c       0xf4 zephyr/subsys/bluetooth/host/libsubsys__bluetooth__host.a(hci_core.c.obj)
                0x0000a61c                bt_enable
 .text.bt_set_name
                0x0000a710       0xa4 zephyr/subsys/bluetooth/host/libsubsys__bluetooth__host.a(hci_core.c.obj)
                0x0000a710                bt_set_name
 .text.bt_get_name
                0x0000a7b4        0x8 zephyr/subsys/bluetooth/host/libsubsys__bluetooth__host.a(hci_core.c.obj)
                0x0000a7b4                bt_get_name
 .text.bt_id_create
                0x0000a7bc       0xc8 zephyr/subsys/bluetooth/host/libsubsys__bluetooth__host.a(hci_core.c.obj)
                0x0000a7bc                bt_id_create
 .text.bt_setup_public_id_addr
                0x0000a884      0x118 zephyr/subsys/bluetooth/host/libsubsys__bluetooth__host.a(hci_core.c.obj)
                0x0000a884                bt_setup_public_id_addr
 .text.bt_read_static_addr
                0x0000a99c       0xb4 zephyr/subsys/bluetooth/host/libsubsys__bluetooth__host.a(hci_core.c.obj)
                0x0000a99c                bt_read_static_addr
 .text.bt_setup_random_id_addr
                0x0000aa50       0x9c zephyr/subsys/bluetooth/host/libsubsys__bluetooth__host.a(hci_core.c.obj)
                0x0000aa50                bt_setup_random_id_addr
 .text.bt_le_adv_start_legacy
                0x0000aaec      0x234 zephyr/subsys/bluetooth/host/libsubsys__bluetooth__host.a(hci_core.c.obj)
                0x0000aaec                bt_le_adv_start_legacy
 .text.bt_le_adv_start
                0x0000ad20       0x1c zephyr/subsys/bluetooth/host/libsubsys__bluetooth__host.a(hci_core.c.obj)
                0x0000ad20                bt_le_adv_start
 .text.bt_le_adv_resume
                0x0000ad3c       0x8c zephyr/subsys/bluetooth/host/libsubsys__bluetooth__host.a(hci_core.c.obj)
                0x0000ad3c                bt_le_adv_resume
 .text.enh_conn_complete
                0x0000adc8      0x210 zephyr/subsys/bluetooth/host/libsubsys__bluetooth__host.a(hci_core.c.obj)
 .text.le_legacy_conn_complete
                0x0000afd8       0x6c zephyr/subsys/bluetooth/host/libsubsys__bluetooth__host.a(hci_core.c.obj)
 .text.bt_pub_key_gen
                0x0000b044       0xa0 zephyr/subsys/bluetooth/host/libsubsys__bluetooth__host.a(hci_core.c.obj)
                0x0000b044                bt_pub_key_gen
 .text.bt_pub_key_get
                0x0000b0e4       0x1c zephyr/subsys/bluetooth/host/libsubsys__bluetooth__host.a(hci_core.c.obj)
                0x0000b0e4                bt_pub_key_get
 .text.bt_dh_key_gen
                0x0000b100       0x7c zephyr/subsys/bluetooth/host/libsubsys__bluetooth__host.a(hci_core.c.obj)
                0x0000b100                bt_dh_key_gen
 .text.tx_free  0x0000b17c       0x14 zephyr/subsys/bluetooth/host/libsubsys__bluetooth__host.a(conn.c.obj)
 .text.notify_connected
                0x0000b190       0x2c zephyr/subsys/bluetooth/host/libsubsys__bluetooth__host.a(conn.c.obj)
 .text.send_frag
                0x0000b1bc      0x134 zephyr/subsys/bluetooth/host/libsubsys__bluetooth__host.a(conn.c.obj)
 .text.bt_conn_get_pkts
                0x0000b2f0        0x8 zephyr/subsys/bluetooth/host/libsubsys__bluetooth__host.a(conn.c.obj)
                0x0000b2f0                bt_conn_get_pkts
 .text.notify_le_param_updated
                0x0000b2f8       0x60 zephyr/subsys/bluetooth/host/libsubsys__bluetooth__host.a(conn.c.obj)
                0x0000b2f8                notify_le_param_updated
 .text.le_param_req
                0x0000b358       0x40 zephyr/subsys/bluetooth/host/libsubsys__bluetooth__host.a(conn.c.obj)
                0x0000b358                le_param_req
 .text.bt_conn_identity_resolved
                0x0000b398       0x34 zephyr/subsys/bluetooth/host/libsubsys__bluetooth__host.a(conn.c.obj)
                0x0000b398                bt_conn_identity_resolved
 .text.bt_conn_security_changed
                0x0000b3cc       0x48 zephyr/subsys/bluetooth/host/libsubsys__bluetooth__host.a(conn.c.obj)
                0x0000b3cc                bt_conn_security_changed
 .text.bt_conn_cb_register
                0x0000b414       0x10 zephyr/subsys/bluetooth/host/libsubsys__bluetooth__host.a(conn.c.obj)
                0x0000b414                bt_conn_cb_register
 .text.conn_cleanup
                0x0000b424       0x44 zephyr/subsys/bluetooth/host/libsubsys__bluetooth__host.a(conn.c.obj)
 .text.bt_conn_recv
                0x0000b468      0x10c zephyr/subsys/bluetooth/host/libsubsys__bluetooth__host.a(conn.c.obj)
                0x0000b468                bt_conn_recv
 .text.bt_conn_send_cb
                0x0000b574       0xd8 zephyr/subsys/bluetooth/host/libsubsys__bluetooth__host.a(conn.c.obj)
                0x0000b574                bt_conn_send_cb
 .text.bt_conn_prepare_events
                0x0000b64c       0x6c zephyr/subsys/bluetooth/host/libsubsys__bluetooth__host.a(conn.c.obj)
                0x0000b64c                bt_conn_prepare_events
 .text.bt_conn_add_le
                0x0000b6b8       0x5c zephyr/subsys/bluetooth/host/libsubsys__bluetooth__host.a(conn.c.obj)
                0x0000b6b8                bt_conn_add_le
 .text.bt_conn_lookup_handle
                0x0000b714       0x10 zephyr/subsys/bluetooth/host/libsubsys__bluetooth__host.a(conn.c.obj)
                0x0000b714                bt_conn_lookup_handle
 .text.bt_conn_set_state
                0x0000b724      0x1d8 zephyr/subsys/bluetooth/host/libsubsys__bluetooth__host.a(conn.c.obj)
                0x0000b724                bt_conn_set_state
 .text.bt_conn_lookup_addr_le
                0x0000b8fc       0x3c zephyr/subsys/bluetooth/host/libsubsys__bluetooth__host.a(conn.c.obj)
                0x0000b8fc                bt_conn_lookup_addr_le
 .text.bt_conn_exists_le
                0x0000b938       0x4c zephyr/subsys/bluetooth/host/libsubsys__bluetooth__host.a(conn.c.obj)
                0x0000b938                bt_conn_exists_le
 .text.bt_conn_lookup_state_le
                0x0000b984       0x48 zephyr/subsys/bluetooth/host/libsubsys__bluetooth__host.a(conn.c.obj)
                0x0000b984                bt_conn_lookup_state_le
 .text.send_conn_le_param_update
                0x0000b9cc       0x60 zephyr/subsys/bluetooth/host/libsubsys__bluetooth__host.a(conn.c.obj)
 .text.deferred_work
                0x0000ba2c       0xa8 zephyr/subsys/bluetooth/host/libsubsys__bluetooth__host.a(conn.c.obj)
 .text.bt_conn_create_pdu_timeout
                0x0000bad4       0x48 zephyr/subsys/bluetooth/host/libsubsys__bluetooth__host.a(conn.c.obj)
                0x0000bad4                bt_conn_create_pdu_timeout
 .text.bt_conn_create_frag_timeout
                0x0000bb1c        0xc zephyr/subsys/bluetooth/host/libsubsys__bluetooth__host.a(conn.c.obj)
                0x0000bb1c                bt_conn_create_frag_timeout
 .text.create_frag
                0x0000bb28       0x6c zephyr/subsys/bluetooth/host/libsubsys__bluetooth__host.a(conn.c.obj)
 .text.bt_conn_process_tx
                0x0000bb94       0xc0 zephyr/subsys/bluetooth/host/libsubsys__bluetooth__host.a(conn.c.obj)
                0x0000bb94                bt_conn_process_tx
 .text.bt_conn_auth_cb_register
                0x0000bc54       0x38 zephyr/subsys/bluetooth/host/libsubsys__bluetooth__host.a(conn.c.obj)
                0x0000bc54                bt_conn_auth_cb_register
 .text.bt_conn_index
                0x0000bc8c       0x18 zephyr/subsys/bluetooth/host/libsubsys__bluetooth__host.a(conn.c.obj)
                0x0000bc8c                bt_conn_index
 .text.bt_conn_init
                0x0000bca4       0x40 zephyr/subsys/bluetooth/host/libsubsys__bluetooth__host.a(conn.c.obj)
                0x0000bca4                bt_conn_init
 .text.l2cap_accept
                0x0000bce4       0x44 zephyr/subsys/bluetooth/host/libsubsys__bluetooth__host.a(l2cap.c.obj)
 .text.l2cap_create_le_sig_pdu.constprop.0
                0x0000bd28       0x50 zephyr/subsys/bluetooth/host/libsubsys__bluetooth__host.a(l2cap.c.obj)
 .text.l2cap_rtx_timeout
                0x0000bd78       0x3c zephyr/subsys/bluetooth/host/libsubsys__bluetooth__host.a(l2cap.c.obj)
 .text.bt_l2cap_connected
                0x0000bdb4       0xbc zephyr/subsys/bluetooth/host/libsubsys__bluetooth__host.a(l2cap.c.obj)
                0x0000bdb4                bt_l2cap_connected
 .text.l2cap_recv
                0x0000be70       0xe4 zephyr/subsys/bluetooth/host/libsubsys__bluetooth__host.a(l2cap.c.obj)
 .text.bt_l2cap_recv
                0x0000bf54       0x70 zephyr/subsys/bluetooth/host/libsubsys__bluetooth__host.a(l2cap.c.obj)
                0x0000bf54                bt_l2cap_recv
 .text.bt_l2cap_update_conn_param
                0x0000bfc4       0x5c zephyr/subsys/bluetooth/host/libsubsys__bluetooth__host.a(l2cap.c.obj)
                0x0000bfc4                bt_l2cap_update_conn_param
 .text.att_cfm_sent
                0x0000c020       0x10 zephyr/subsys/bluetooth/host/libsubsys__bluetooth__host.a(att.c.obj)
 .text.att_rsp_sent
                0x0000c030       0x10 zephyr/subsys/bluetooth/host/libsubsys__bluetooth__host.a(att.c.obj)
 .text.att_req_sent
                0x0000c040       0x10 zephyr/subsys/bluetooth/host/libsubsys__bluetooth__host.a(att.c.obj)
 .text.att_get  0x0000c050       0x80 zephyr/subsys/bluetooth/host/libsubsys__bluetooth__host.a(att.c.obj)
 .text.bt_att_released
                0x0000c0d0       0x18 zephyr/subsys/bluetooth/host/libsubsys__bluetooth__host.a(att.c.obj)
 .text.find_type_cb
                0x0000c0e8      0x164 zephyr/subsys/bluetooth/host/libsubsys__bluetooth__host.a(att.c.obj)
 .text.chan_req_sent
                0x0000c24c       0x1c zephyr/subsys/bluetooth/host/libsubsys__bluetooth__host.a(att.c.obj)
 .text.chan_send
                0x0000c268       0xdc zephyr/subsys/bluetooth/host/libsubsys__bluetooth__host.a(att.c.obj)
 .text.bt_att_chan_send_rsp.constprop.0
                0x0000c344       0x24 zephyr/subsys/bluetooth/host/libsubsys__bluetooth__host.a(att.c.obj)
 .text.read_group_cb
                0x0000c368       0xac zephyr/subsys/bluetooth/host/libsubsys__bluetooth__host.a(att.c.obj)
 .text.read_type_cb
                0x0000c414       0xa8 zephyr/subsys/bluetooth/host/libsubsys__bluetooth__host.a(att.c.obj)
 .text.prep_write_cb
                0x0000c4bc       0x84 zephyr/subsys/bluetooth/host/libsubsys__bluetooth__host.a(att.c.obj)
 .text.bt_att_accept
                0x0000c540       0xc8 zephyr/subsys/bluetooth/host/libsubsys__bluetooth__host.a(att.c.obj)
 .text.bt_att_connected
                0x0000c608       0x68 zephyr/subsys/bluetooth/host/libsubsys__bluetooth__host.a(att.c.obj)
 .text.bt_att_chan_create_pdu
                0x0000c670       0x88 zephyr/subsys/bluetooth/host/libsubsys__bluetooth__host.a(att.c.obj)
                0x0000c670                bt_att_chan_create_pdu
 .text.bt_att_recv
                0x0000c6f8      0x160 zephyr/subsys/bluetooth/host/libsubsys__bluetooth__host.a(att.c.obj)
 .text.att_write_rsp
                0x0000c858       0xc8 zephyr/subsys/bluetooth/host/libsubsys__bluetooth__host.a(att.c.obj)
 .text.att_signed_write_cmd
                0x0000c920       0x7c zephyr/subsys/bluetooth/host/libsubsys__bluetooth__host.a(att.c.obj)
 .text.bt_att_create_pdu
                0x0000c99c       0x70 zephyr/subsys/bluetooth/host/libsubsys__bluetooth__host.a(att.c.obj)
                0x0000c99c                bt_att_create_pdu
 .text.att_prepare_write_req
                0x0000ca0c       0xdc zephyr/subsys/bluetooth/host/libsubsys__bluetooth__host.a(att.c.obj)
 .text.att_read_group_req
                0x0000cae8      0x104 zephyr/subsys/bluetooth/host/libsubsys__bluetooth__host.a(att.c.obj)
 .text.att_read_mult_req
                0x0000cbec       0x84 zephyr/subsys/bluetooth/host/libsubsys__bluetooth__host.a(att.c.obj)
 .text.att_read_rsp
                0x0000cc70       0x90 zephyr/subsys/bluetooth/host/libsubsys__bluetooth__host.a(att.c.obj)
 .text.att_read_type_req
                0x0000cd00       0xc0 zephyr/subsys/bluetooth/host/libsubsys__bluetooth__host.a(att.c.obj)
 .text.att_find_type_req
                0x0000cdc0       0xd4 zephyr/subsys/bluetooth/host/libsubsys__bluetooth__host.a(att.c.obj)
 .text.att_find_info_req
                0x0000ce94       0x70 zephyr/subsys/bluetooth/host/libsubsys__bluetooth__host.a(att.c.obj)
 .text.bt_att_req_alloc
                0x0000cf04       0x2c zephyr/subsys/bluetooth/host/libsubsys__bluetooth__host.a(att.c.obj)
                0x0000cf04                bt_att_req_alloc
 .text.bt_att_req_free
                0x0000cf30       0x24 zephyr/subsys/bluetooth/host/libsubsys__bluetooth__host.a(att.c.obj)
                0x0000cf30                bt_att_req_free
 .text.att_handle_rsp
                0x0000cf54       0xe4 zephyr/subsys/bluetooth/host/libsubsys__bluetooth__host.a(att.c.obj)
 .text.bt_att_disconnected
                0x0000d038       0xc4 zephyr/subsys/bluetooth/host/libsubsys__bluetooth__host.a(att.c.obj)
 .text.att_timeout
                0x0000d0fc       0x30 zephyr/subsys/bluetooth/host/libsubsys__bluetooth__host.a(att.c.obj)
 .text.db_hash_store
                0x0000d12c       0x40 zephyr/subsys/bluetooth/host/libsubsys__bluetooth__host.a(gatt.c.obj)
 .text.db_hash_set
                0x0000d16c       0x40 zephyr/subsys/bluetooth/host/libsubsys__bluetooth__host.a(gatt.c.obj)
 .text.find_cf_cfg
                0x0000d1ac       0x44 zephyr/subsys/bluetooth/host/libsubsys__bluetooth__host.a(gatt.c.obj)
 .text.cf_write
                0x0000d1f0       0xc8 zephyr/subsys/bluetooth/host/libsubsys__bluetooth__host.a(gatt.c.obj)
 .text.sc_store
                0x0000d2b8       0x64 zephyr/subsys/bluetooth/host/libsubsys__bluetooth__host.a(gatt.c.obj)
 .text.gatt_indicate
                0x0000d31c       0xac zephyr/subsys/bluetooth/host/libsubsys__bluetooth__host.a(gatt.c.obj)
 .text.gatt_notify
                0x0000d3c8       0x74 zephyr/subsys/bluetooth/host/libsubsys__bluetooth__host.a(gatt.c.obj)
 .text.find_cf_cfg_by_addr
                0x0000d43c       0x44 zephyr/subsys/bluetooth/host/libsubsys__bluetooth__host.a(gatt.c.obj)
 .text.cf_set   0x0000d480       0xfc zephyr/subsys/bluetooth/host/libsubsys__bluetooth__host.a(gatt.c.obj)
 .text.remove_peer_from_attr
                0x0000d57c       0x28 zephyr/subsys/bluetooth/host/libsubsys__bluetooth__host.a(gatt.c.obj)
 .text.ccc_save
                0x0000d5a4       0x38 zephyr/subsys/bluetooth/host/libsubsys__bluetooth__host.a(gatt.c.obj)
 .text.ccc_load
                0x0000d5dc       0x8c zephyr/subsys/bluetooth/host/libsubsys__bluetooth__host.a(gatt.c.obj)
 .text.bt_gatt_attr_write_ccc
                0x0000d668       0xc0 zephyr/subsys/bluetooth/host/libsubsys__bluetooth__host.a(gatt.c.obj)
                0x0000d668                bt_gatt_attr_write_ccc
 .text.find_sc_cfg
                0x0000d728       0x44 zephyr/subsys/bluetooth/host/libsubsys__bluetooth__host.a(gatt.c.obj)
 .text.sc_save  0x0000d76c       0x8c zephyr/subsys/bluetooth/host/libsubsys__bluetooth__host.a(gatt.c.obj)
 .text.notify_cb
                0x0000d7f8       0xe0 zephyr/subsys/bluetooth/host/libsubsys__bluetooth__host.a(gatt.c.obj)
 .text.bt_gatt_clear_sc
                0x0000d8d8       0x70 zephyr/subsys/bluetooth/host/libsubsys__bluetooth__host.a(gatt.c.obj)
 .text.sc_clear
                0x0000d948       0x58 zephyr/subsys/bluetooth/host/libsubsys__bluetooth__host.a(gatt.c.obj)
 .text.disconnected_cb
                0x0000d9a0       0x8c zephyr/subsys/bluetooth/host/libsubsys__bluetooth__host.a(gatt.c.obj)
 .text.sc_set   0x0000da2c      0x108 zephyr/subsys/bluetooth/host/libsubsys__bluetooth__host.a(gatt.c.obj)
 .text.sc_commit
                0x0000db34       0x3c zephyr/subsys/bluetooth/host/libsubsys__bluetooth__host.a(gatt.c.obj)
 .text.sc_indicate_rsp
                0x0000db70       0x54 zephyr/subsys/bluetooth/host/libsubsys__bluetooth__host.a(gatt.c.obj)
 .text.bt_gatt_init
                0x0000dbc4       0xc4 zephyr/subsys/bluetooth/host/libsubsys__bluetooth__host.a(gatt.c.obj)
                0x0000dbc4                bt_gatt_init
 .text.bt_gatt_attr_get_handle
                0x0000dc88       0x60 zephyr/subsys/bluetooth/host/libsubsys__bluetooth__host.a(gatt.c.obj)
                0x0000dc88                bt_gatt_attr_get_handle
 .text.bt_gatt_foreach_attr_type
                0x0000dce8       0xb4 zephyr/subsys/bluetooth/host/libsubsys__bluetooth__host.a(gatt.c.obj)
                0x0000dce8                bt_gatt_foreach_attr_type
 .text.db_hash_gen
                0x0000dd9c       0x98 zephyr/subsys/bluetooth/host/libsubsys__bluetooth__host.a(gatt.c.obj)
 .text.db_hash_commit
                0x0000de34       0xa4 zephyr/subsys/bluetooth/host/libsubsys__bluetooth__host.a(gatt.c.obj)
 .text.ccc_set_direct
                0x0000ded8      0x110 zephyr/subsys/bluetooth/host/libsubsys__bluetooth__host.a(gatt.c.obj)
 .text.bt_gatt_notify_cb
                0x0000dfe8       0xec zephyr/subsys/bluetooth/host/libsubsys__bluetooth__host.a(gatt.c.obj)
                0x0000dfe8                bt_gatt_notify_cb
 .text.bt_gatt_indicate
                0x0000e0d4       0xf4 zephyr/subsys/bluetooth/host/libsubsys__bluetooth__host.a(gatt.c.obj)
                0x0000e0d4                bt_gatt_indicate
 .text.sc_process
                0x0000e1c8       0x64 zephyr/subsys/bluetooth/host/libsubsys__bluetooth__host.a(gatt.c.obj)
 .text.update_ccc
                0x0000e22c      0x124 zephyr/subsys/bluetooth/host/libsubsys__bluetooth__host.a(gatt.c.obj)
 .text.bt_gatt_connected
                0x0000e350       0x78 zephyr/subsys/bluetooth/host/libsubsys__bluetooth__host.a(gatt.c.obj)
                0x0000e350                bt_gatt_connected
 .text.bt_gatt_encrypt_change
                0x0000e3c8       0x20 zephyr/subsys/bluetooth/host/libsubsys__bluetooth__host.a(gatt.c.obj)
                0x0000e3c8                bt_gatt_encrypt_change
 .text.db_hash_read
                0x0000e3e8       0x50 zephyr/subsys/bluetooth/host/libsubsys__bluetooth__host.a(gatt.c.obj)
 .text.bt_gatt_store_ccc
                0x0000e438       0x88 zephyr/subsys/bluetooth/host/libsubsys__bluetooth__host.a(gatt.c.obj)
                0x0000e438                bt_gatt_store_ccc
 .text.bt_gatt_clear
                0x0000e4c0       0x9c zephyr/subsys/bluetooth/host/libsubsys__bluetooth__host.a(gatt.c.obj)
                0x0000e4c0                bt_gatt_clear
 .text.bt_gatt_disconnected
                0x0000e55c      0x110 zephyr/subsys/bluetooth/host/libsubsys__bluetooth__host.a(gatt.c.obj)
                0x0000e55c                bt_gatt_disconnected
 .text.get_io_capa
                0x0000e66c       0x4c zephyr/subsys/bluetooth/host/libsubsys__bluetooth__host.a(smp.c.obj)
 .text.smp_sign_buf
                0x0000e6b8       0x80 zephyr/subsys/bluetooth/host/libsubsys__bluetooth__host.a(smp.c.obj)
 .text.smp_chan_get
                0x0000e738       0x30 zephyr/subsys/bluetooth/host/libsubsys__bluetooth__host.a(smp.c.obj)
 .text.bt_smp_accept
                0x0000e768       0x44 zephyr/subsys/bluetooth/host/libsubsys__bluetooth__host.a(smp.c.obj)
 .text.get_auth.constprop.0
                0x0000e7ac       0x3c zephyr/subsys/bluetooth/host/libsubsys__bluetooth__host.a(smp.c.obj)
 .text.smp_send.constprop.0
                0x0000e7e8       0x30 zephyr/subsys/bluetooth/host/libsubsys__bluetooth__host.a(smp.c.obj)
 .text.smp_init
                0x0000e818       0x3c zephyr/subsys/bluetooth/host/libsubsys__bluetooth__host.a(smp.c.obj)
 .text.smp_dhkey_generate
                0x0000e854       0x4c zephyr/subsys/bluetooth/host/libsubsys__bluetooth__host.a(smp.c.obj)
 .text.smp_find
                0x0000e8a0       0x1c zephyr/subsys/bluetooth/host/libsubsys__bluetooth__host.a(smp.c.obj)
 .text.smp_ident_info
                0x0000e8bc       0x70 zephyr/subsys/bluetooth/host/libsubsys__bluetooth__host.a(smp.c.obj)
 .text.smp_encrypt_info
                0x0000e92c       0x70 zephyr/subsys/bluetooth/host/libsubsys__bluetooth__host.a(smp.c.obj)
 .text.smp_pairing_req
                0x0000e99c      0x3f4 zephyr/subsys/bluetooth/host/libsubsys__bluetooth__host.a(smp.c.obj)
 .text.compute_and_check_and_send_slave_dhcheck
                0x0000ed90      0x23c zephyr/subsys/bluetooth/host/libsubsys__bluetooth__host.a(smp.c.obj)
 .text.smp_send_pairing_confirm
                0x0000efcc       0xa0 zephyr/subsys/bluetooth/host/libsubsys__bluetooth__host.a(smp.c.obj)
 .text.smp_public_key_slave
                0x0000f06c      0x164 zephyr/subsys/bluetooth/host/libsubsys__bluetooth__host.a(smp.c.obj)
 .text.smp_public_key
                0x0000f1d0       0xb0 zephyr/subsys/bluetooth/host/libsubsys__bluetooth__host.a(smp.c.obj)
 .text.bt_smp_connected
                0x0000f280       0x24 zephyr/subsys/bluetooth/host/libsubsys__bluetooth__host.a(smp.c.obj)
 .text.smp_pairing_confirm
                0x0000f2a4       0x90 zephyr/subsys/bluetooth/host/libsubsys__bluetooth__host.a(smp.c.obj)
 .text.smp_pairing_random
                0x0000f334      0x280 zephyr/subsys/bluetooth/host/libsubsys__bluetooth__host.a(smp.c.obj)
 .text.bt_smp_sign_verify
                0x0000f5b4       0xf8 zephyr/subsys/bluetooth/host/libsubsys__bluetooth__host.a(smp.c.obj)
                0x0000f5b4                bt_smp_sign_verify
 .text.bt_smp_sign
                0x0000f6ac       0xb4 zephyr/subsys/bluetooth/host/libsubsys__bluetooth__host.a(smp.c.obj)
                0x0000f6ac                bt_smp_sign
 .text.bt_smp_start_security
                0x0000f760      0x178 zephyr/subsys/bluetooth/host/libsubsys__bluetooth__host.a(smp.c.obj)
                0x0000f760                bt_smp_start_security
 .text.smp_pairing_complete
                0x0000f8d8       0xbc zephyr/subsys/bluetooth/host/libsubsys__bluetooth__host.a(smp.c.obj)
 .text.bt_smp_recv
                0x0000f994      0x118 zephyr/subsys/bluetooth/host/libsubsys__bluetooth__host.a(smp.c.obj)
 .text.bt_smp_pkey_ready
                0x0000faac       0x68 zephyr/subsys/bluetooth/host/libsubsys__bluetooth__host.a(smp.c.obj)
 .text.smp_signing_info
                0x0000fb14       0x80 zephyr/subsys/bluetooth/host/libsubsys__bluetooth__host.a(smp.c.obj)
 .text.smp_ident_addr_info
                0x0000fb94      0x13c zephyr/subsys/bluetooth/host/libsubsys__bluetooth__host.a(smp.c.obj)
 .text.smp_master_ident
                0x0000fcd0       0xa8 zephyr/subsys/bluetooth/host/libsubsys__bluetooth__host.a(smp.c.obj)
 .text.smp_pairing_failed
                0x0000fd78       0x68 zephyr/subsys/bluetooth/host/libsubsys__bluetooth__host.a(smp.c.obj)
 .text.bt_smp_encrypt_change
                0x0000fde0      0x34c zephyr/subsys/bluetooth/host/libsubsys__bluetooth__host.a(smp.c.obj)
 .text.smp_timeout
                0x0001012c       0x3c zephyr/subsys/bluetooth/host/libsubsys__bluetooth__host.a(smp.c.obj)
 .text.bt_smp_update_keys
                0x00010168      0x120 zephyr/subsys/bluetooth/host/libsubsys__bluetooth__host.a(smp.c.obj)
                0x00010168                bt_smp_update_keys
 .text.bt_smp_init
                0x00010288       0x2c zephyr/subsys/bluetooth/host/libsubsys__bluetooth__host.a(smp.c.obj)
                0x00010288                bt_smp_init
 .text.bt_keys_get_addr
                0x000102b4       0x90 zephyr/subsys/bluetooth/host/libsubsys__bluetooth__host.a(keys.c.obj)
                0x000102b4                bt_keys_get_addr
 .text.bt_foreach_bond
                0x00010344       0x2c zephyr/subsys/bluetooth/host/libsubsys__bluetooth__host.a(keys.c.obj)
                0x00010344                bt_foreach_bond
 .text.bt_keys_foreach
                0x00010370       0x1c zephyr/subsys/bluetooth/host/libsubsys__bluetooth__host.a(keys.c.obj)
                0x00010370                bt_keys_foreach
 .text.keys_commit
                0x0001038c       0x14 zephyr/subsys/bluetooth/host/libsubsys__bluetooth__host.a(keys.c.obj)
 .text.bt_keys_find
                0x000103a0       0x2c zephyr/subsys/bluetooth/host/libsubsys__bluetooth__host.a(keys.c.obj)
                0x000103a0                bt_keys_find
 .text.bt_keys_find_irk
                0x000103cc       0x70 zephyr/subsys/bluetooth/host/libsubsys__bluetooth__host.a(keys.c.obj)
                0x000103cc                bt_keys_find_irk
 .text.bt_keys_find_addr
                0x0001043c       0x20 zephyr/subsys/bluetooth/host/libsubsys__bluetooth__host.a(keys.c.obj)
                0x0001043c                bt_keys_find_addr
 .text.bt_keys_clear
                0x0001045c       0x50 zephyr/subsys/bluetooth/host/libsubsys__bluetooth__host.a(keys.c.obj)
                0x0001045c                bt_keys_clear
 .text.keys_set
                0x000104ac      0x17c zephyr/subsys/bluetooth/host/libsubsys__bluetooth__host.a(keys.c.obj)
 .text.bt_keys_store
                0x00010628       0x68 zephyr/subsys/bluetooth/host/libsubsys__bluetooth__host.a(keys.c.obj)
                0x00010628                bt_keys_store
 .text.bt_keys_update_usage
                0x00010690       0x28 zephyr/subsys/bluetooth/host/libsubsys__bluetooth__host.a(keys.c.obj)
                0x00010690                bt_keys_update_usage
 .text.mem_init
                0x000106b8       0x60 zephyr/subsys/bluetooth/controller/libsubsys__bluetooth__controller.a(mem.c.obj)
                0x000106b8                mem_init
 .text.mem_acquire
                0x00010718       0x34 zephyr/subsys/bluetooth/controller/libsubsys__bluetooth__controller.a(mem.c.obj)
                0x00010718                mem_acquire
 .text.mem_release
                0x0001074c       0x30 zephyr/subsys/bluetooth/controller/libsubsys__bluetooth__controller.a(mem.c.obj)
                0x0001074c                mem_release
 .text.mem_get  0x0001077c        0x8 zephyr/subsys/bluetooth/controller/libsubsys__bluetooth__controller.a(mem.c.obj)
                0x0001077c                mem_get
 .text.mem_index_get
                0x00010784        0xc zephyr/subsys/bluetooth/controller/libsubsys__bluetooth__controller.a(mem.c.obj)
                0x00010784                mem_index_get
 .text.mem_rcopy
                0x00010790       0x1c zephyr/subsys/bluetooth/controller/libsubsys__bluetooth__controller.a(mem.c.obj)
                0x00010790                mem_rcopy
 .text.mem_nz   0x000107ac       0x18 zephyr/subsys/bluetooth/controller/libsubsys__bluetooth__controller.a(mem.c.obj)
                0x000107ac                mem_nz
 .text.memq_init
                0x000107c4        0x8 zephyr/subsys/bluetooth/controller/libsubsys__bluetooth__controller.a(memq.c.obj)
                0x000107c4                memq_init
 .text.memq_deinit
                0x000107cc       0x14 zephyr/subsys/bluetooth/controller/libsubsys__bluetooth__controller.a(memq.c.obj)
                0x000107cc                memq_deinit
 .text.memq_enqueue
                0x000107e0       0x14 zephyr/subsys/bluetooth/controller/libsubsys__bluetooth__controller.a(memq.c.obj)
                0x000107e0                memq_enqueue
 .text.memq_peek
                0x000107f4       0x10 zephyr/subsys/bluetooth/controller/libsubsys__bluetooth__controller.a(memq.c.obj)
                0x000107f4                memq_peek
 .text.memq_dequeue
                0x00010804       0x20 zephyr/subsys/bluetooth/controller/libsubsys__bluetooth__controller.a(memq.c.obj)
                0x00010804                memq_dequeue
 .text.mayfly_init
                0x00010824       0x40 zephyr/subsys/bluetooth/controller/libsubsys__bluetooth__controller.a(mayfly.c.obj)
                0x00010824                mayfly_init
 .text.mayfly_enable
                0x00010864       0x64 zephyr/subsys/bluetooth/controller/libsubsys__bluetooth__controller.a(mayfly.c.obj)
                0x00010864                mayfly_enable
 .text.mayfly_enqueue
                0x000108c8       0xa8 zephyr/subsys/bluetooth/controller/libsubsys__bluetooth__controller.a(mayfly.c.obj)
                0x000108c8                mayfly_enqueue
 .text.mayfly_run
                0x00010970      0x148 zephyr/subsys/bluetooth/controller/libsubsys__bluetooth__controller.a(mayfly.c.obj)
                0x00010970                mayfly_run
 .text.util_ones_count_get
                0x00010ab8       0x30 zephyr/subsys/bluetooth/controller/libsubsys__bluetooth__controller.a(util.c.obj)
                0x00010ab8                util_ones_count_get
 .text.ticks_to_expire_prep
                0x00010ae8       0x48 zephyr/subsys/bluetooth/controller/libsubsys__bluetooth__controller.a(ticker.c.obj)
 .text.ticker_job_list_insert
                0x00010b30      0x20c zephyr/subsys/bluetooth/controller/libsubsys__bluetooth__controller.a(ticker.c.obj)
 .text.ticker_worker
                0x00010d3c      0x2d0 zephyr/subsys/bluetooth/controller/libsubsys__bluetooth__controller.a(ticker.c.obj)
                0x00010d3c                ticker_worker
 .text.ticker_job
                0x0001100c      0xa20 zephyr/subsys/bluetooth/controller/libsubsys__bluetooth__controller.a(ticker.c.obj)
                0x0001100c                ticker_job
 .text.ticker_init
                0x00011a2c       0x88 zephyr/subsys/bluetooth/controller/libsubsys__bluetooth__controller.a(ticker.c.obj)
                0x00011a2c                ticker_init
 .text.ticker_is_initialized
                0x00011ab4       0x18 zephyr/subsys/bluetooth/controller/libsubsys__bluetooth__controller.a(ticker.c.obj)
                0x00011ab4                ticker_is_initialized
 .text.ticker_trigger
                0x00011acc       0x30 zephyr/subsys/bluetooth/controller/libsubsys__bluetooth__controller.a(ticker.c.obj)
                0x00011acc                ticker_trigger
 .text.ticker_start_ext
                0x00011afc       0xac zephyr/subsys/bluetooth/controller/libsubsys__bluetooth__controller.a(ticker.c.obj)
                0x00011afc                ticker_start_ext
 .text.ticker_start
                0x00011ba8       0x38 zephyr/subsys/bluetooth/controller/libsubsys__bluetooth__controller.a(ticker.c.obj)
                0x00011ba8                ticker_start
 .text.ticker_update_ext
                0x00011be0       0xac zephyr/subsys/bluetooth/controller/libsubsys__bluetooth__controller.a(ticker.c.obj)
                0x00011be0                ticker_update_ext
 .text.ticker_update
                0x00011c8c       0x30 zephyr/subsys/bluetooth/controller/libsubsys__bluetooth__controller.a(ticker.c.obj)
                0x00011c8c                ticker_update
 .text.ticker_stop
                0x00011cbc       0x84 zephyr/subsys/bluetooth/controller/libsubsys__bluetooth__controller.a(ticker.c.obj)
                0x00011cbc                ticker_stop
 .text.ticker_ticks_now_get
                0x00011d40        0x4 zephyr/subsys/bluetooth/controller/libsubsys__bluetooth__controller.a(ticker.c.obj)
                0x00011d40                ticker_ticks_now_get
 .text.ticker_ticks_diff_get
                0x00011d44        0x8 zephyr/subsys/bluetooth/controller/libsubsys__bluetooth__controller.a(ticker.c.obj)
                0x00011d44                ticker_ticks_diff_get
 .text.ll_addr_get
                0x00011d4c       0x3c zephyr/subsys/bluetooth/controller/libsubsys__bluetooth__controller.a(ll_addr.c.obj)
                0x00011d4c                ll_addr_get
 .text.ll_addr_set
                0x00011d88       0x3c zephyr/subsys/bluetooth/controller/libsubsys__bluetooth__controller.a(ll_addr.c.obj)
                0x00011d88                ll_addr_set
 .text.ll_tx_pwr_lvl_get
                0x00011dc4       0x20 zephyr/subsys/bluetooth/controller/libsubsys__bluetooth__controller.a(ll_tx_pwr.c.obj)
                0x00011dc4                ll_tx_pwr_lvl_get
 .text.ll_tx_pwr_get
                0x00011de4        0x8 zephyr/subsys/bluetooth/controller/libsubsys__bluetooth__controller.a(ll_tx_pwr.c.obj)
                0x00011de4                ll_tx_pwr_get
 .text.hci_driver_init
                0x00011dec       0x10 zephyr/subsys/bluetooth/controller/libsubsys__bluetooth__controller.a(hci_driver.c.obj)
 .text.hci_driver_send
                0x00011dfc       0xb0 zephyr/subsys/bluetooth/controller/libsubsys__bluetooth__controller.a(hci_driver.c.obj)
 .text.recv_thread
                0x00011eac       0xf0 zephyr/subsys/bluetooth/controller/libsubsys__bluetooth__controller.a(hci_driver.c.obj)
 .text.prio_recv_thread
                0x00011f9c       0xc0 zephyr/subsys/bluetooth/controller/libsubsys__bluetooth__controller.a(hci_driver.c.obj)
 .text.hci_driver_open
                0x0001205c       0xb8 zephyr/subsys/bluetooth/controller/libsubsys__bluetooth__controller.a(hci_driver.c.obj)
 .text.le_remote_feat_complete
                0x00012114       0x70 zephyr/subsys/bluetooth/controller/libsubsys__bluetooth__controller.a(hci.c.obj)
 .text.hci_vendor_cmd_handle_common
                0x00012184      0x180 zephyr/subsys/bluetooth/controller/libsubsys__bluetooth__controller.a(hci.c.obj)
                0x00012184                hci_vendor_cmd_handle_common
 .text.hci_cmd_handle
                0x00012304      0x9b0 zephyr/subsys/bluetooth/controller/libsubsys__bluetooth__controller.a(hci.c.obj)
                0x00012304                hci_cmd_handle
 .text.hci_acl_handle
                0x00012cb4      0x12c zephyr/subsys/bluetooth/controller/libsubsys__bluetooth__controller.a(hci.c.obj)
                0x00012cb4                hci_acl_handle
 .text.hci_disconn_complete_encode
                0x00012de0       0x40 zephyr/subsys/bluetooth/controller/libsubsys__bluetooth__controller.a(hci.c.obj)
                0x00012de0                hci_disconn_complete_encode
 .text.hci_disconn_complete_process
                0x00012e20       0x10 zephyr/subsys/bluetooth/controller/libsubsys__bluetooth__controller.a(hci.c.obj)
                0x00012e20                hci_disconn_complete_process
 .text.hci_acl_encode
                0x00012e30       0x74 zephyr/subsys/bluetooth/controller/libsubsys__bluetooth__controller.a(hci.c.obj)
                0x00012e30                hci_acl_encode
 .text.hci_evt_encode
                0x00012ea4      0x5d4 zephyr/subsys/bluetooth/controller/libsubsys__bluetooth__controller.a(hci.c.obj)
                0x00012ea4                hci_evt_encode
 .text.hci_num_cmplt_encode
                0x00013478       0x30 zephyr/subsys/bluetooth/controller/libsubsys__bluetooth__controller.a(hci.c.obj)
                0x00013478                hci_num_cmplt_encode
 .text.hci_get_class
                0x000134a8       0x2c zephyr/subsys/bluetooth/controller/libsubsys__bluetooth__controller.a(hci.c.obj)
                0x000134a8                hci_get_class
 .text.hci_init
                0x000134d4       0x40 zephyr/subsys/bluetooth/controller/libsubsys__bluetooth__controller.a(hci.c.obj)
                0x000134d4                hci_init
 .text.bt_rand  0x00013514        0x4 zephyr/subsys/bluetooth/controller/libsubsys__bluetooth__controller.a(crypto.c.obj)
                0x00013514                bt_rand
 .text.bt_encrypt_le
                0x00013518        0xc zephyr/subsys/bluetooth/controller/libsubsys__bluetooth__controller.a(crypto.c.obj)
                0x00013518                bt_encrypt_le
 .text.perform_lll_reset
                0x00013524       0x94 zephyr/subsys/bluetooth/controller/libsubsys__bluetooth__controller.a(ull.c.obj)
 .text.ull_ticker_status_give
                0x000135b8        0xc zephyr/subsys/bluetooth/controller/libsubsys__bluetooth__controller.a(ull.c.obj)
                0x000135b8                ull_ticker_status_give
 .text.disabled_cb
                0x000135c4        0x4 zephyr/subsys/bluetooth/controller/libsubsys__bluetooth__controller.a(ull.c.obj)
 .text.tx_cmplt_get
                0x000135c8       0xcc zephyr/subsys/bluetooth/controller/libsubsys__bluetooth__controller.a(ull.c.obj)
 .text.rx_alloc
                0x00013694       0xf8 zephyr/subsys/bluetooth/controller/libsubsys__bluetooth__controller.a(ull.c.obj)
 .text.init_reset
                0x0001378c      0x118 zephyr/subsys/bluetooth/controller/libsubsys__bluetooth__controller.a(ull.c.obj)
 .text.rx_demux
                0x000138a4      0x364 zephyr/subsys/bluetooth/controller/libsubsys__bluetooth__controller.a(ull.c.obj)
 .text.ll_init  0x00013c08       0xdc zephyr/subsys/bluetooth/controller/libsubsys__bluetooth__controller.a(ull.c.obj)
                0x00013c08                ll_init
 .text.ll_reset
                0x00013ce4      0x12c zephyr/subsys/bluetooth/controller/libsubsys__bluetooth__controller.a(ull.c.obj)
                0x00013ce4                ll_reset
 .text.ll_rx_get
                0x00013e10      0x1cc zephyr/subsys/bluetooth/controller/libsubsys__bluetooth__controller.a(ull.c.obj)
                0x00013e10                ll_rx_get
 .text.ll_rx_dequeue
                0x00013fdc      0x19c zephyr/subsys/bluetooth/controller/libsubsys__bluetooth__controller.a(ull.c.obj)
                0x00013fdc                ll_rx_dequeue
 .text.ll_rx_mem_release
                0x00014178      0x184 zephyr/subsys/bluetooth/controller/libsubsys__bluetooth__controller.a(ull.c.obj)
                0x00014178                ll_rx_mem_release
 .text.ll_rx_link_alloc
                0x000142fc        0xc zephyr/subsys/bluetooth/controller/libsubsys__bluetooth__controller.a(ull.c.obj)
                0x000142fc                ll_rx_link_alloc
 .text.ll_rx_link_release
                0x00014308        0xc zephyr/subsys/bluetooth/controller/libsubsys__bluetooth__controller.a(ull.c.obj)
                0x00014308                ll_rx_link_release
 .text.ll_rx_alloc
                0x00014314        0xc zephyr/subsys/bluetooth/controller/libsubsys__bluetooth__controller.a(ull.c.obj)
                0x00014314                ll_rx_alloc
 .text.ll_rx_release
                0x00014320        0xc zephyr/subsys/bluetooth/controller/libsubsys__bluetooth__controller.a(ull.c.obj)
                0x00014320                ll_rx_release
 .text.ll_rx_put
                0x0001432c       0x14 zephyr/subsys/bluetooth/controller/libsubsys__bluetooth__controller.a(ull.c.obj)
                0x0001432c                ll_rx_put
 .text.ll_rx_sched
                0x00014340        0xc zephyr/subsys/bluetooth/controller/libsubsys__bluetooth__controller.a(ull.c.obj)
                0x00014340                ll_rx_sched
 .text.ll_pdu_rx_alloc_peek
                0x0001434c       0x3c zephyr/subsys/bluetooth/controller/libsubsys__bluetooth__controller.a(ull.c.obj)
                0x0001434c                ll_pdu_rx_alloc_peek
 .text.ll_pdu_rx_alloc
                0x00014388       0x2c zephyr/subsys/bluetooth/controller/libsubsys__bluetooth__controller.a(ull.c.obj)
                0x00014388                ll_pdu_rx_alloc
 .text.ll_tx_ack_put
                0x000143b4       0x68 zephyr/subsys/bluetooth/controller/libsubsys__bluetooth__controller.a(ull.c.obj)
                0x000143b4                ll_tx_ack_put
 .text.ll_timeslice_ticker_id_get
                0x0001441c        0xc zephyr/subsys/bluetooth/controller/libsubsys__bluetooth__controller.a(ull.c.obj)
                0x0001441c                ll_timeslice_ticker_id_get
 .text.ll_radio_state_abort
                0x00014428       0x40 zephyr/subsys/bluetooth/controller/libsubsys__bluetooth__controller.a(ull.c.obj)
                0x00014428                ll_radio_state_abort
 .text.ull_ticker_status_take
                0x00014468       0x50 zephyr/subsys/bluetooth/controller/libsubsys__bluetooth__controller.a(ull.c.obj)
                0x00014468                ull_ticker_status_take
 .text.ull_disable_mark
                0x000144b8       0x14 zephyr/subsys/bluetooth/controller/libsubsys__bluetooth__controller.a(ull.c.obj)
                0x000144b8                ull_disable_mark
 .text.ull_disable_unmark
                0x000144cc       0x18 zephyr/subsys/bluetooth/controller/libsubsys__bluetooth__controller.a(ull.c.obj)
                0x000144cc                ull_disable_unmark
 .text.ull_disable_mark_get
                0x000144e4        0xc zephyr/subsys/bluetooth/controller/libsubsys__bluetooth__controller.a(ull.c.obj)
                0x000144e4                ull_disable_mark_get
 .text.ull_update_mark
                0x000144f0       0x14 zephyr/subsys/bluetooth/controller/libsubsys__bluetooth__controller.a(ull.c.obj)
                0x000144f0                ull_update_mark
 .text.ull_update_unmark
                0x00014504       0x18 zephyr/subsys/bluetooth/controller/libsubsys__bluetooth__controller.a(ull.c.obj)
                0x00014504                ull_update_unmark
 .text.ull_update_mark_get
                0x0001451c        0xc zephyr/subsys/bluetooth/controller/libsubsys__bluetooth__controller.a(ull.c.obj)
                0x0001451c                ull_update_mark_get
 .text.ull_disable
                0x00014528       0x7c zephyr/subsys/bluetooth/controller/libsubsys__bluetooth__controller.a(ull.c.obj)
                0x00014528                ull_disable
 .text.ull_ticker_stop_with_mark
                0x000145a4       0x80 zephyr/subsys/bluetooth/controller/libsubsys__bluetooth__controller.a(ull.c.obj)
                0x000145a4                ull_ticker_stop_with_mark
 .text.ull_pdu_rx_alloc_peek
                0x00014624       0x3c zephyr/subsys/bluetooth/controller/libsubsys__bluetooth__controller.a(ull.c.obj)
                0x00014624                ull_pdu_rx_alloc_peek
 .text.ull_pdu_rx_alloc
                0x00014660       0x2c zephyr/subsys/bluetooth/controller/libsubsys__bluetooth__controller.a(ull.c.obj)
                0x00014660                ull_pdu_rx_alloc
 .text.ull_rx_put
                0x0001468c       0x20 zephyr/subsys/bluetooth/controller/libsubsys__bluetooth__controller.a(ull.c.obj)
                0x0001468c                ull_rx_put
 .text.ull_rx_sched
                0x000146ac       0x10 zephyr/subsys/bluetooth/controller/libsubsys__bluetooth__controller.a(ull.c.obj)
                0x000146ac                ull_rx_sched
 .text.ull_prepare_enqueue
                0x000146bc       0x6c zephyr/subsys/bluetooth/controller/libsubsys__bluetooth__controller.a(ull.c.obj)
                0x000146bc                ull_prepare_enqueue
 .text.ull_prepare_dequeue_get
                0x00014728       0x1c zephyr/subsys/bluetooth/controller/libsubsys__bluetooth__controller.a(ull.c.obj)
                0x00014728                ull_prepare_dequeue_get
 .text.ull_prepare_dequeue_iter
                0x00014744       0x40 zephyr/subsys/bluetooth/controller/libsubsys__bluetooth__controller.a(ull.c.obj)
                0x00014744                ull_prepare_dequeue_iter
 .text.ull_event_done_extra_get
                0x00014784       0x20 zephyr/subsys/bluetooth/controller/libsubsys__bluetooth__controller.a(ull.c.obj)
                0x00014784                ull_event_done_extra_get
 .text.ull_event_done
                0x000147a4       0x60 zephyr/subsys/bluetooth/controller/libsubsys__bluetooth__controller.a(ull.c.obj)
                0x000147a4                ull_event_done
 .text.ticker_stop_cb
                0x00014804       0x88 zephyr/subsys/bluetooth/controller/libsubsys__bluetooth__controller.a(ull_adv.c.obj)
 .text.disabled_cb
                0x0001488c       0x94 zephyr/subsys/bluetooth/controller/libsubsys__bluetooth__controller.a(ull_adv.c.obj)
 .text.ticker_cb
                0x00014920      0x12c zephyr/subsys/bluetooth/controller/libsubsys__bluetooth__controller.a(ull_adv.c.obj)
 .text.ticker_op_stop_cb
                0x00014a4c       0xbc zephyr/subsys/bluetooth/controller/libsubsys__bluetooth__controller.a(ull_adv.c.obj)
 .text.ticker_op_update_cb
                0x00014b08       0x38 zephyr/subsys/bluetooth/controller/libsubsys__bluetooth__controller.a(ull_adv.c.obj)
 .text.conn_release.constprop.0
                0x00014b40       0x84 zephyr/subsys/bluetooth/controller/libsubsys__bluetooth__controller.a(ull_adv.c.obj)
 .text.disable.part.0