Archive member included to satisfy reference by file (symbol)

app/libapp.a(main.c.obj)      (--whole-archive)
app/libapp.a(bma_sensor.c.obj)
                              (--whole-archive)
app/libapp.a(bma4.c.obj)      (--whole-archive)
app/libapp.a(bma456.c.obj)    (--whole-archive)
app/libapp.a(max30102.c.obj)  (--whole-archive)
app/libapp.a(latchSensor.c.obj)
                              (--whole-archive)
app/libapp.a(max30208.c.obj)  (--whole-archive)
app/libapp.a(lightSensor.c.obj)
                              (--whole-archive)
app/libapp.a(algorithm.c.obj)
                              (--whole-archive)
app/libapp.a(display.c.obj)   (--whole-archive)
app/libapp.a(lcd.c.obj)       (--whole-archive)
app/libapp.a(digitalPins.c.obj)
                              (--whole-archive)
app/libapp.a(hts.c.obj)       (--whole-archive)
zephyr/libzephyr.a(cbprintf.c.obj)
                              (--whole-archive)
zephyr/libzephyr.a(crc32_sw.c.obj)
                              (--whole-archive)
zephyr/libzephyr.a(crc16_sw.c.obj)
                              (--whole-archive)
zephyr/libzephyr.a(crc8_sw.c.obj)
                              (--whole-archive)
zephyr/libzephyr.a(crc7_sw.c.obj)
                              (--whole-archive)
zephyr/libzephyr.a(dec.c.obj)
                              (--whole-archive)
zephyr/libzephyr.a(fdtable.c.obj)
                              (--whole-archive)
zephyr/libzephyr.a(hex.c.obj)
                              (--whole-archive)
zephyr/libzephyr.a(notify.c.obj)
                              (--whole-archive)
zephyr/libzephyr.a(printk.c.obj)
                              (--whole-archive)
zephyr/libzephyr.a(onoff.c.obj)
                              (--whole-archive)
zephyr/libzephyr.a(rb.c.obj)  (--whole-archive)
zephyr/libzephyr.a(sem.c.obj)
                              (--whole-archive)
zephyr/libzephyr.a(thread_entry.c.obj)
                              (--whole-archive)
zephyr/libzephyr.a(timeutil.c.obj)
                              (--whole-archive)
zephyr/libzephyr.a(work_q.c.obj)
                              (--whole-archive)
zephyr/libzephyr.a(heap.c.obj)
                              (--whole-archive)
zephyr/libzephyr.a(heap-validate.c.obj)
                              (--whole-archive)
zephyr/libzephyr.a(cbprintf_complete.c.obj)
                              (--whole-archive)
zephyr/libzephyr.a(configs.c.obj)
                              (--whole-archive)
zephyr/libzephyr.a(validate_base_addresses.c.obj)
                              (--whole-archive)
zephyr/libzephyr.a(validate_enabled_instances.c.obj)
                              (--whole-archive)
zephyr/libzephyr.a(log_list.c.obj)
                              (--whole-archive)
zephyr/libzephyr.a(log_core.c.obj)
                              (--whole-archive)
zephyr/libzephyr.a(log_msg.c.obj)
                              (--whole-archive)
zephyr/libzephyr.a(log_output.c.obj)
                              (--whole-archive)
zephyr/libzephyr.a(log_backend_uart.c.obj)
                              (--whole-archive)
zephyr/libzephyr.a(log_backend_rtt.c.obj)
                              (--whole-archive)
zephyr/libzephyr.a(hrs.c.obj)
                              (--whole-archive)
zephyr/libzephyr.a(nvs.c.obj)
                              (--whole-archive)
zephyr/libzephyr.a(addr_utils.c.obj)
                              (--whole-archive)
zephyr/libzephyr.a(flash_map.c.obj)
                              (--whole-archive)
zephyr/libzephyr.a(flash_map_default.c.obj)
                              (--whole-archive)
zephyr/libzephyr.a(settings_store.c.obj)
                              (--whole-archive)
zephyr/libzephyr.a(settings.c.obj)
                              (--whole-archive)
zephyr/libzephyr.a(settings_init.c.obj)
                              (--whole-archive)
zephyr/libzephyr.a(settings_line.c.obj)
                              (--whole-archive)
zephyr/libzephyr.a(settings_nvs.c.obj)
                              (--whole-archive)
zephyr/libzephyr.a(power.c.obj)
                              (--whole-archive)
zephyr/libzephyr.a(policy_residency.c.obj)
                              (--whole-archive)
zephyr/libzephyr.a(uart_console.c.obj)
                              (--whole-archive)
zephyr/libzephyr.a(clock_control_nrf.c.obj)
                              (--whole-archive)
zephyr/libzephyr.a(sys_clock_init.c.obj)
                              (--whole-archive)
zephyr/libzephyr.a(nrf_rtc_timer.c.obj)
                              (--whole-archive)
zephyr/libzephyr.a(SEGGER_RTT.c.obj)
                              (--whole-archive)
zephyr/libzephyr.a(SEGGER_RTT_zephyr.c.obj)
                              (--whole-archive)
zephyr/libzephyr.a(utils.c.obj)
                              (--whole-archive)
zephyr/libzephyr.a(ecc_dh.c.obj)
                              (--whole-archive)
zephyr/libzephyr.a(ecc.c.obj)
                              (--whole-archive)
[...]
Memory Configuration

Name             Origin             Length             Attributes
FLASH            0x00000000         0x00100000         xr
SRAM             0x20000000         0x00040000         xw
IDT_LIST         0x20040000         0x00000800         xw
*default*        0x00000000         0xffffffff

Linker script and memory map

LOAD zephyr/CMakeFiles/zephyr_prebuilt.dir/misc/empty_file.c.obj
                0x00000020                _region_min_align = 0x20

.rel.plt        0x00000000        0x0
 *(SORT_BY_ALIGNMENT(.rel.plt))
                [!provide]                PROVIDE (__rel_iplt_start = .)
 *(SORT_BY_ALIGNMENT(.rel.iplt))
 .rel.iplt      0x00000000        0x0 app/libapp.a(main.c.obj)
                [!provide]                PROVIDE (__rel_iplt_end = .)

.rela.plt       0x00000000        0x0
 *(SORT_BY_ALIGNMENT(.rela.plt))
                [!provide]                PROVIDE (__rela_iplt_start = .)
 *(SORT_BY_ALIGNMENT(.rela.iplt))
                [!provide]                PROVIDE (__rela_iplt_end = .)

.rel.dyn
 *(SORT_BY_ALIGNMENT(.rel.*))

.rela.dyn
 *(SORT_BY_ALIGNMENT(.rela.*))

/DISCARD/
 *(SORT_BY_ALIGNMENT(.plt))
 *(SORT_BY_ALIGNMENT(.iplt))
 *(SORT_BY_ALIGNMENT(.got.plt))
 *(SORT_BY_ALIGNMENT(.igot.plt))
 *(SORT_BY_ALIGNMENT(.got))
 *(SORT_BY_ALIGNMENT(.igot))
 *(SORT_BY_ALIGNMENT(.note.GNU-stack))
                0x00000000                _image_rom_start = 0x0

rom_start       0x00000000      0x100
                0x00000000                . = 0x0
                0x00000000                . = ALIGN (0x4)
                0x00000000                . = ALIGN (0x80)
                0x00000000                . = ALIGN (0x100)
                0x00000000                _vector_start = .
 *(SORT_BY_ALIGNMENT(.exc_vector_table))
 *(SORT_BY_ALIGNMENT(.exc_vector_table.*))
 .exc_vector_table._vector_table_section
                0x00000000       0x40 zephyr/arch/arch/arm/core/aarch32/cortex_m/libarch__arm__core__aarch32__cortex_m.a(vector_table.S.obj)
                0x00000000                _vector_table
 *(SORT_BY_ALIGNMENT(.gnu.linkonce.irq_vector_table*))
 .gnu.linkonce.irq_vector_table
                0x00000040       0xc0 zephyr/arch/common/libisr_tables.a(isr_tables.c.obj)
                0x00000040                _irq_vector_table
 *(SORT_BY_ALIGNMENT(.vectors))
                0x00000100                _vector_end = .
 *(SORT_BY_ALIGNMENT(.openocd_dbg))
 *(SORT_BY_ALIGNMENT(.openocd_dbg.*))

text            0x00000100    0x2736e
                0x00000100                _image_text_start = .
 *(SORT_BY_ALIGNMENT(.text))
 .text          0x00000100      0x378 c:/gnu_arm_embedded/bin/../lib/gcc/arm-none-eabi/10.2.1/thumb/v7e-m/nofp\libgcc.a(_arm_addsubdf3.o)
                0x00000100                __aeabi_drsub
                0x00000108                __aeabi_dsub
                0x00000108                __subdf3
                0x0000010c                __aeabi_dadd
                0x0000010c                __adddf3
                0x00000384                __floatunsidf
                0x00000384                __aeabi_ui2d
                0x000003a4                __floatsidf
                0x000003a4                __aeabi_i2d
                0x000003c8                __aeabi_f2d
                0x000003c8                __extendsfdf2
                0x0000040c                __floatundidf
                0x0000040c                __aeabi_ul2d
                0x0000041c                __floatdidf
                0x0000041c                __aeabi_l2d
 .text          0x00000478      0x424 c:/gnu_arm_embedded/bin/../lib/gcc/arm-none-eabi/10.2.1/thumb/v7e-m/nofp\libgcc.a(_arm_muldivdf3.o)
                0x00000478                __aeabi_dmul
                0x00000478                __muldf3
                0x000006cc                __divdf3
                0x000006cc                __aeabi_ddiv
 .text          0x0000089c       0x50 c:/gnu_arm_embedded/bin/../lib/gcc/arm-none-eabi/10.2.1/thumb/v7e-m/nofp\libgcc.a(_arm_fixdfsi.o)
                0x0000089c                __aeabi_d2iz
                0x0000089c                __fixdfsi
 .text          0x000008ec       0x40 c:/gnu_arm_embedded/bin/../lib/gcc/arm-none-eabi/10.2.1/thumb/v7e-m/nofp\libgcc.a(_arm_fixunsdfsi.o)
                0x000008ec                __aeabi_d2uiz
                0x000008ec                __fixunsdfsi
 .text          0x0000092c       0xa0 c:/gnu_arm_embedded/bin/../lib/gcc/arm-none-eabi/10.2.1/thumb/v7e-m/nofp\libgcc.a(_arm_truncdfsf2.o)
                0x0000092c                __truncdfsf2
                0x0000092c                __aeabi_d2f
 .text          0x000009cc      0x21c c:/gnu_arm_embedded/bin/../lib/gcc/arm-none-eabi/10.2.1/thumb/v7e-m/nofp\libgcc.a(_arm_addsubsf3.o)
                0x000009cc                __aeabi_frsub
                0x000009d4                __subsf3
                0x000009d4                __aeabi_fsub
                0x000009d8                __aeabi_fadd
                0x000009d8                __addsf3
                0x00000b38                __aeabi_ui2f
                0x00000b38                __floatunsisf
                0x00000b40                __aeabi_i2f
                0x00000b40                __floatsisf
                0x00000b5c                __aeabi_ul2f
                0x00000b5c                __floatundisf
                0x00000b6c                __aeabi_l2f
                0x00000b6c                __floatdisf
 .text          0x00000be8      0x2a0 c:/gnu_arm_embedded/bin/../lib/gcc/arm-none-eabi/10.2.1/thumb/v7e-m/nofp\libgcc.a(_arm_muldivsf3.o)
                0x00000be8                __mulsf3
                0x00000be8                __aeabi_fmul
                0x00000d50                __aeabi_fdiv
                0x00000d50                __divsf3
 .text          0x00000e88       0x30 c:/gnu_arm_embedded/bin/../lib/gcc/arm-none-eabi/10.2.1/thumb/v7e-m/nofp\libgcc.a(_aeabi_uldivmod.o)
                0x00000e88                __aeabi_uldivmod
 .text          0x00000eb8      0x2d0 c:/gnu_arm_embedded/bin/../lib/gcc/arm-none-eabi/10.2.1/thumb/v7e-m/nofp\libgcc.a(_udivmoddi4.o)
                0x00000eb8                __udivmoddi4
 .text          0x00001188        0x4 c:/gnu_arm_embedded/bin/../lib/gcc/arm-none-eabi/10.2.1/thumb/v7e-m/nofp\libgcc.a(_dvmd_tls.o)
                0x00001188                __aeabi_idiv0
                0x00001188                __aeabi_ldiv0
 *(SORT_BY_ALIGNMENT(.text.*))
 *fill*         0x0000118c        0x4 
 .text.brightness_task
                0x00001190       0x88 app/libapp.a(main.c.obj)
                0x00001190                brightness_task
 .text.main     0x00001218       0xdc app/libapp.a(main.c.obj)
                0x00001218                main
 *fill*         0x000012f4        0x4 
 .text.max30208_read_temp
                0x000012f8       0x40 app/libapp.a(max30208.c.obj)
                0x000012f8                max30208_read_temp
 .text.AnalogRead
                0x00001338       0xc8 app/libapp.a(lightSensor.c.obj)
                0x00001338                AnalogRead
 .text.bt_init  0x00001400      0x554 zephyr/subsys/bluetooth/host/libsubsys__bluetooth__host.a(hci_core.c.obj)
 *fill*         0x00001954        0x4 
 .text.ull_drift_ticks_get
                0x00001958       0x8c zephyr/subsys/bluetooth/controller/libsubsys__bluetooth__controller.a(ull.c.obj)
                0x00001958                ull_drift_ticks_get
 *fill*         0x000019e4        0x4 
 .text.ll_adv_enable
                0x000019e8      0x498 zephyr/subsys/bluetooth/controller/libsubsys__bluetooth__controller.a(ull_adv.c.obj)
                0x000019e8                ll_adv_enable
 .text.event_conn_upd_prep
                0x00001e80      0x540 zephyr/subsys/bluetooth/controller/libsubsys__bluetooth__controller.a(ull_conn.c.obj)
 .text.ull_slave_setup
                0x000023c0      0x3f8 zephyr/subsys/bluetooth/controller/libsubsys__bluetooth__controller.a(ull_slave.c.obj)
                0x000023c0                ull_slave_setup
 .text.nrf_flash_sync_exe
                0x000027b8       0xf8 zephyr/drivers/flash/libdrivers__flash.a(soc_flash_nrf_ticker.c.obj)
                0x000027b8                nrf_flash_sync_exe
 .text.nrf_flash_sync_check_time_limit
                0x000028b0       0x48 zephyr/drivers/flash/libdrivers__flash.a(soc_flash_nrf_ticker.c.obj)
                0x000028b0                nrf_flash_sync_check_time_limit
 .text.vnd_ccc_cfg_changed
                0x000028f8       0x20 app/libapp.a(main.c.obj)
 .text.disconnected
                0x00002918        0xc app/libapp.a(main.c.obj)
 .text.connected
                0x00002924       0x18 app/libapp.a(main.c.obj)
 .text.hrs_notify
                0x0000293c       0x18 app/libapp.a(main.c.obj)
 .text.bt_addr_le_to_str.constprop.0.isra.0
                0x00002954       0x78 app/libapp.a(main.c.obj)
 .text.auth_cancel
                0x000029cc       0x20 app/libapp.a(main.c.obj)
 .text.auth_passkey_display
                0x000029ec       0x24 app/libapp.a(main.c.obj)
 .text.buzzer_task
                0x00002a10       0x1c app/libapp.a(main.c.obj)
                0x00002a10                buzzer_task
 .text.vibration_task
                0x00002a2c       0x20 app/libapp.a(main.c.obj)
                0x00002a2c                vibration_task
 .text.latch_sensor_task
                0x00002a4c       0x20 app/libapp.a(main.c.obj)
                0x00002a4c                latch_sensor_task
 .text.sensors_read_task
                0x00002a6c       0x8c app/libapp.a(main.c.obj)
                0x00002a6c                sensors_read_task
 .text.refresh_display
                0x00002af8       0x20 app/libapp.a(main.c.obj)
                0x00002af8                refresh_display
 .text.display_task
                0x00002b18      0x2c8 app/libapp.a(main.c.obj)
                0x00002b18                display_task
 .text.bma_i2c_read
                0x00002de0       0x44 app/libapp.a(bma_sensor.c.obj)
 .text.bma_i2c_write
                0x00002e24       0x44 app/libapp.a(bma_sensor.c.obj)
 .text.initialize_bma
                0x00002e68       0xb8 app/libapp.a(bma_sensor.c.obj)
                0x00002e68                initialize_bma
 .text.stepCounterEnable
                0x00002f20      0x114 app/libapp.a(bma_sensor.c.obj)
                0x00002f20                stepCounterEnable
 .text.getStepCounterOutput
                0x00003034       0x3c app/libapp.a(bma_sensor.c.obj)
                0x00003034                getStepCounterOutput
 .text.bma4_write_config_file
                0x00003070      0x154 app/libapp.a(bma4.c.obj)
                0x00003070                bma4_write_config_file
 .text.bma4_map_interrupt
                0x000031c4       0x90 app/libapp.a(bma4.c.obj)
                0x000031c4                bma4_map_interrupt
 .text.bma456_write_config_file
                0x00003254       0x40 app/libapp.a(bma456.c.obj)
                0x00003254                bma456_write_config_file
 .text.max30102_i2c_write.constprop.0
                0x00003294       0x38 app/libapp.a(max30102.c.obj)
 .text.max30102_i2c_read.constprop.0
                0x000032cc       0x44 app/libapp.a(max30102.c.obj)
 .text.max30102_reset
                0x00003310       0x28 app/libapp.a(max30102.c.obj)
                0x00003310                max30102_reset
 .text.init_max30102
                0x00003338       0x50 app/libapp.a(max30102.c.obj)
                0x00003338                init_max30102
 .text.max30102_read_fifo
                0x00003388       0xbc app/libapp.a(max30102.c.obj)
                0x00003388                max30102_read_fifo
 .text.first_data_read
                0x00003444       0xc0 app/libapp.a(max30102.c.obj)
                0x00003444                first_data_read
 .text.read_heart_rate_spio2
                0x00003504      0x134 app/libapp.a(max30102.c.obj)
                0x00003504                read_heart_rate_spio2
 .text.button_pressed
                0x00003638        0xc app/libapp.a(latchSensor.c.obj)
                0x00003638                button_pressed
 .text.init_latch
                0x00003644       0xd0 app/libapp.a(latchSensor.c.obj)
                0x00003644                init_latch
 .text.detect_latch
                0x00003714       0x14 app/libapp.a(latchSensor.c.obj)
                0x00003714                detect_latch
 .text.max30208_i2c_write.constprop.0
                0x00003728       0x38 app/libapp.a(max30208.c.obj)
 .text.max30208_i2c_read.constprop.0
                0x00003760       0x40 app/libapp.a(max30208.c.obj)
 .text.mpu6050_i2c_write.constprop.0.isra.0
                0x000037a0       0x34 app/libapp.a(max30208.c.obj)
 .text.mpu6050_i2c_read.constprop.0
                0x000037d4       0x40 app/libapp.a(max30208.c.obj)
 .text.init_max30208
                0x00003814       0x3c app/libapp.a(max30208.c.obj)
                0x00003814                init_max30208
 .text.configure_max30208
                0x00003850       0x6c app/libapp.a(max30208.c.obj)
                0x00003850                configure_max30208
 .text.configure_mpu6050
                0x000038bc       0x38 app/libapp.a(max30208.c.obj)
                0x000038bc                configure_mpu6050
 .text.getAdcDevice
                0x000038f4        0xc app/libapp.a(lightSensor.c.obj)
                0x000038f4                getAdcDevice
 .text.maxim_heart_rate_and_oxygen_saturation
                0x00003900      0x378 app/libapp.a(algorithm.c.obj)
                0x00003900                maxim_heart_rate_and_oxygen_saturation
 .text.init_lcd_output
                0x00003c78       0xc8 app/libapp.a(display.c.obj)
                0x00003c78                init_lcd_output
 .text.setOutputcs
                0x00003d40       0x24 app/libapp.a(display.c.obj)
                0x00003d40                setOutputcs
 .text.setOutputLcdRst
                0x00003d64       0x24 app/libapp.a(display.c.obj)
                0x00003d64                setOutputLcdRst
 .text.setOutputVciEn
                0x00003d88       0x24 app/libapp.a(display.c.obj)
                0x00003d88                setOutputVciEn
 .text.setOutputDcx
                0x00003dac       0x24 app/libapp.a(display.c.obj)
                0x00003dac                setOutputDcx
 .text.write_bytes
                0x00003dd0       0x30 app/libapp.a(display.c.obj)
                0x00003dd0                write_bytes
 .text.device_get_binding.constprop.0
                0x00003e00        0xc app/libapp.a(lcd.c.obj)
 .text.WriteComm
                0x00003e0c       0x70 app/libapp.a(lcd.c.obj)
                0x00003e0c                WriteComm
 .text.WriteData
                0x00003e7c       0x70 app/libapp.a(lcd.c.obj)
                0x00003e7c                WriteData
 .text.DispLogo
                0x00003eec       0xd4 app/libapp.a(lcd.c.obj)
                0x00003eec                DispLogo
 .text.DispIcon
                0x00003fc0       0xe4 app/libapp.a(lcd.c.obj)
                0x00003fc0                DispIcon
 .text.LCD_Init
                0x000040a4       0x70 app/libapp.a(lcd.c.obj)
                0x000040a4                LCD_Init
 .text.WriteOneDot
                0x00004114       0x70 app/libapp.a(lcd.c.obj)
                0x00004114                WriteOneDot
 .text.DispOneChar
                0x00004184       0x50 app/libapp.a(lcd.c.obj)
                0x00004184                DispOneChar
 .text.init_output
                0x000041d4       0x78 app/libapp.a(digitalPins.c.obj)
                0x000041d4                init_output
 .text.toggle_buzzer
                0x0000424c       0x34 app/libapp.a(digitalPins.c.obj)
                0x0000424c                toggle_buzzer
 .text.toggle_motor
                0x00004280       0x2c app/libapp.a(digitalPins.c.obj)
                0x00004280                toggle_motor
 .text.htmc_ccc_cfg_changed
                0x000042ac       0x10 app/libapp.a(hts.c.obj)
 .text.indicate_destroy
                0x000042bc       0x18 app/libapp.a(hts.c.obj)
 .text.indicate_cb
                0x000042d4       0x1c app/libapp.a(hts.c.obj)
 .text.hts_init
                0x000042f0       0x38 app/libapp.a(hts.c.obj)
                0x000042f0                hts_init
 .text.hts_indicate
                0x00004328       0xc8 app/libapp.a(hts.c.obj)
                0x00004328                hts_indicate
 .text.crc8_ccitt
                0x000043f0       0x30 zephyr/libzephyr.a(crc8_sw.c.obj)
                0x000043f0                crc8_ccitt
 .text.char_out
                0x00004420       0x10 zephyr/libzephyr.a(printk.c.obj)
 .text.__printk_hook_install
                0x00004430        0xc zephyr/libzephyr.a(printk.c.obj)
                0x00004430                __printk_hook_install
 .text.vprintk  0x0000443c       0x1c zephyr/libzephyr.a(printk.c.obj)
                0x0000443c                vprintk
 .text.vsnprintk
                0x00004458       0x28 zephyr/libzephyr.a(printk.c.obj)
                0x00004458                vsnprintk
 .text.process_event
                0x00004480      0x1c0 zephyr/libzephyr.a(onoff.c.obj)
 .text.cbvprintf
                0x00004640      0xd08 zephyr/libzephyr.a(cbprintf_complete.c.obj)
                0x00004640                cbvprintf
 .text.enable_logger
                0x00005348       0x5c zephyr/libzephyr.a(log_core.c.obj)
 .text.log_process_thread_timer_expiry_fn
                0x000053a4        0xc zephyr/libzephyr.a(log_core.c.obj)
 .text.log_core_init
                0x000053b0       0x40 zephyr/libzephyr.a(log_core.c.obj)
                0x000053b0                log_core_init
 .text.dropped_notify
                0x000053f0       0x4c zephyr/libzephyr.a(log_core.c.obj)
                0x000053f0                dropped_notify
 .text.log_dropped
                0x0000543c       0x20 zephyr/libzephyr.a(log_core.c.obj)
                0x0000543c                log_dropped
 .text.log_source_name_get
                0x0000545c       0x1c zephyr/libzephyr.a(log_core.c.obj)
                0x0000545c                log_source_name_get
 .text.log_backend_enable
                0x00005478       0x34 zephyr/libzephyr.a(log_core.c.obj)
                0x00005478                log_backend_enable
 .text.log_init
                0x000054ac       0x54 zephyr/libzephyr.a(log_core.c.obj)
                0x000054ac                log_init
 .text.log_strdup
                0x00005500       0x6c zephyr/libzephyr.a(log_core.c.obj)
                0x00005500                log_strdup
 .text.log_is_strdup
                0x0000556c       0x1c zephyr/libzephyr.a(log_core.c.obj)
                0x0000556c                log_is_strdup
 .text.z_impl_log_process
                0x00005588      0x174 zephyr/libzephyr.a(log_core.c.obj)
                0x00005588                z_impl_log_process
 .text.log_process_thread_func
                0x000056fc       0x48 zephyr/libzephyr.a(log_core.c.obj)
 .text.msg_finalize
                0x00005744       0xc4 zephyr/libzephyr.a(log_core.c.obj)
 .text.z_impl_log_panic
                0x00005808       0x48 zephyr/libzephyr.a(log_core.c.obj)
                0x00005808                z_impl_log_panic
 .text.log_free
                0x00005850       0x34 zephyr/libzephyr.a(log_core.c.obj)
                0x00005850                log_free
 .text.log_msg_pool_init
                0x00005884       0x14 zephyr/libzephyr.a(log_msg.c.obj)
                0x00005884                log_msg_pool_init
 .text.log_msg_no_space_handle
                0x00005898       0x30 zephyr/libzephyr.a(log_msg.c.obj)
                0x00005898                log_msg_no_space_handle
 .text.log_msg_chunk_alloc
                0x000058c8       0x28 zephyr/libzephyr.a(log_msg.c.obj)
                0x000058c8                log_msg_chunk_alloc
 .text.msg_free
                0x000058f0       0x7c zephyr/libzephyr.a(log_msg.c.obj)
 .text.print_formatted
                0x0000596c       0x24 zephyr/libzephyr.a(log_output.c.obj)
 .text.hexdump_line_print
                0x00005990       0xdc zephyr/libzephyr.a(log_output.c.obj)
 .text.prefix_print
                0x00005a6c      0x11c zephyr/libzephyr.a(log_output.c.obj)
 .text.postfix_print
                0x00005b88       0x3c zephyr/libzephyr.a(log_output.c.obj)
 .text.log_output_msg_process
                0x00005bc4       0xf8 zephyr/libzephyr.a(log_output.c.obj)
                0x00005bc4                log_output_msg_process
 .text.log_output_dropped_process
                0x00005cbc       0x58 zephyr/libzephyr.a(log_output.c.obj)
                0x00005cbc                log_output_dropped_process
 .text.log_output_timestamp_freq_set
                0x00005d14       0x30 zephyr/libzephyr.a(log_output.c.obj)
                0x00005d14                log_output_timestamp_freq_set
 .text.char_out
                0x00005d44       0x24 zephyr/libzephyr.a(log_backend_uart.c.obj)
 .text.panic    0x00005d68        0xc zephyr/libzephyr.a(log_backend_uart.c.obj)
 .text.dropped  0x00005d74        0xc zephyr/libzephyr.a(log_backend_uart.c.obj)
 .text.log_backend_uart_init
                0x00005d80       0x18 zephyr/libzephyr.a(log_backend_uart.c.obj)
 .text.put      0x00005d98       0x24 zephyr/libzephyr.a(log_backend_uart.c.obj)
 .text.log_backend_rtt_init
                0x00005dbc        0xc zephyr/libzephyr.a(log_backend_rtt.c.obj)
 .text.panic    0x00005dc8       0x14 zephyr/libzephyr.a(log_backend_rtt.c.obj)
 .text.dropped  0x00005ddc        0xc zephyr/libzephyr.a(log_backend_rtt.c.obj)
 .text.put      0x00005de8       0x24 zephyr/libzephyr.a(log_backend_rtt.c.obj)
 .text.on_failed_write.part.0
                0x00005e0c       0x1c zephyr/libzephyr.a(log_backend_rtt.c.obj)
 .text.data_out_block_mode
                0x00005e28       0x9c zephyr/libzephyr.a(log_backend_rtt.c.obj)
 .text.hrs_init
                0x00005ec4       0x10 zephyr/libzephyr.a(hrs.c.obj)
 .text.read_blsc
                0x00005ed4       0x1c zephyr/libzephyr.a(hrs.c.obj)
 .text.hrmc_ccc_cfg_changed
                0x00005ef0       0x34 zephyr/libzephyr.a(hrs.c.obj)
 .text.bt_hrs_notify
                0x00005f24       0x40 zephyr/libzephyr.a(hrs.c.obj)
                0x00005f24                bt_hrs_notify
 .text.nvs_recover_last_ate
                0x00005f64       0x60 zephyr/libzephyr.a(nvs.c.obj)
 .text.nvs_gc   0x00005fc4      0x150 zephyr/libzephyr.a(nvs.c.obj)
 .text.nvs_init
                0x00006114      0x2d8 zephyr/libzephyr.a(nvs.c.obj)
                0x00006114                nvs_init
 .text.nvs_write
                0x000063ec      0x1a8 zephyr/libzephyr.a(nvs.c.obj)
                0x000063ec                nvs_write
 .text.nvs_read_hist
                0x00006594       0xd0 zephyr/libzephyr.a(nvs.c.obj)
                0x00006594                nvs_read_hist
 .text.get_flash_area_from_id
                0x00006664       0x2c zephyr/libzephyr.a(flash_map.c.obj)
 .text.flash_area_open
                0x00006690       0x28 zephyr/libzephyr.a(flash_map.c.obj)
                0x00006690                flash_area_open
 .text.flash_area_get_sectors
                0x000066b8       0x50 zephyr/libzephyr.a(flash_map.c.obj)
                0x000066b8                flash_area_get_sectors
 .text.settings_save_one
                0x00006708       0x4c zephyr/libzephyr.a(settings_store.c.obj)
                0x00006708                settings_save_one
 .text.settings_src_register
                0x00006754       0x1c zephyr/libzephyr.a(settings_store.c.obj)
                0x00006754                settings_src_register
 .text.settings_dst_register
                0x00006770        0xc zephyr/libzephyr.a(settings_store.c.obj)
                0x00006770                settings_dst_register
 .text.settings_load_subtree
                0x0000677c       0x4c zephyr/libzephyr.a(settings_store.c.obj)
                0x0000677c                settings_load_subtree
 .text.settings_load_subtree_direct
                0x000067c8       0x40 zephyr/libzephyr.a(settings_store.c.obj)
                0x000067c8                settings_load_subtree_direct
 .text.settings_store_init
                0x00006808       0x10 zephyr/libzephyr.a(settings_store.c.obj)
                0x00006808                settings_store_init
 .text.settings_init
                0x00006818       0x10 zephyr/libzephyr.a(settings.c.obj)
                0x00006818                settings_init
 .text.settings_parse_and_lookup
                0x00006828       0x94 zephyr/libzephyr.a(settings.c.obj)
                0x00006828                settings_parse_and_lookup
 .text.settings_call_set_handler
                0x000068bc       0x9c zephyr/libzephyr.a(settings.c.obj)
                0x000068bc                settings_call_set_handler
 .text.settings_commit_subtree
                0x00006958       0x78 zephyr/libzephyr.a(settings.c.obj)
                0x00006958                settings_commit_subtree
 .text.settings_subsys_init
                0x000069d0       0x20 zephyr/libzephyr.a(settings_init.c.obj)
                0x000069d0                settings_subsys_init
 .text.settings_nvs_load
                0x000069f0       0xb8 zephyr/libzephyr.a(settings_nvs.c.obj)
 .text.settings_backend_init
                0x00006aa8       0x98 zephyr/libzephyr.a(settings_nvs.c.obj)
                0x00006aa8                settings_backend_init
 .text.pm_state_notify
                0x00006b40       0x44 zephyr/libzephyr.a(power.c.obj)
 .text.pm_system_suspend
                0x00006b84       0x78 zephyr/libzephyr.a(power.c.obj)
                0x00006b84                pm_system_suspend
 .text.pm_system_resume
                0x00006bfc       0x24 zephyr/libzephyr.a(power.c.obj)
                0x00006bfc                pm_system_resume
 .text.uart_console_init
                0x00006c20       0x2c zephyr/libzephyr.a(uart_console.c.obj)
 .text.console_out
                0x00006c4c       0x28 zephyr/libzephyr.a(uart_console.c.obj)
 .text.onoff_stop
                0x00006c74       0x30 zephyr/libzephyr.a(clock_control_nrf.c.obj)
 .text.onoff_start
                0x00006ca4       0x44 zephyr/libzephyr.a(clock_control_nrf.c.obj)
 .text.clk_init
                0x00006ce8       0x60 zephyr/libzephyr.a(clock_control_nrf.c.obj)
 .text.clkstarted_handle.constprop.0
                0x00006d48       0x34 zephyr/libzephyr.a(clock_control_nrf.c.obj)
 .text.clock_event_handler
                0x00006d7c       0x1c zephyr/libzephyr.a(clock_control_nrf.c.obj)
 .text.generic_hfclk_start
                0x00006d98       0x64 zephyr/libzephyr.a(clock_control_nrf.c.obj)
 .text.api_blocking_start
                0x00006dfc       0x3c zephyr/libzephyr.a(clock_control_nrf.c.obj)
 .text.generic_hfclk_stop
                0x00006e38       0x2c zephyr/libzephyr.a(clock_control_nrf.c.obj)
 .text.z_nrf_clock_control_get_onoff
                0x00006e64       0x10 zephyr/libzephyr.a(clock_control_nrf.c.obj)
                0x00006e64                z_nrf_clock_control_get_onoff
 .text.z_nrf_clock_bt_ctlr_hf_request
                0x00006e74       0x2c zephyr/libzephyr.a(clock_control_nrf.c.obj)
                0x00006e74                z_nrf_clock_bt_ctlr_hf_request
 .text.z_nrf_clock_bt_ctlr_hf_release
                0x00006ea0       0x2c zephyr/libzephyr.a(clock_control_nrf.c.obj)
                0x00006ea0                z_nrf_clock_bt_ctlr_hf_release
 .text.z_nrf_clock_control_lf_on
                0x00006ecc      0x100 zephyr/libzephyr.a(clock_control_nrf.c.obj)
                0x00006ecc                z_nrf_clock_control_lf_on
 .text.sys_clock_timeout_handler
                0x00006fcc       0x18 zephyr/libzephyr.a(nrf_rtc_timer.c.obj)
 .text.set_absolute_alarm
                0x00006fe4       0x94 zephyr/libzephyr.a(nrf_rtc_timer.c.obj)
 .text.rtc_nrf_isr
                0x00007078       0x50 zephyr/libzephyr.a(nrf_rtc_timer.c.obj)
                0x00007078                rtc_nrf_isr
 .text.z_clock_driver_init
                0x000070c8       0x4c zephyr/libzephyr.a(nrf_rtc_timer.c.obj)
                0x000070c8                z_clock_driver_init
 .text.z_clock_set_timeout
                0x00007114       0x64 zephyr/libzephyr.a(nrf_rtc_timer.c.obj)
                0x00007114                z_clock_set_timeout
 .text.z_clock_elapsed
                0x00007178       0x34 zephyr/libzephyr.a(nrf_rtc_timer.c.obj)
                0x00007178                z_clock_elapsed
 .text.z_timer_cycle_get_32
                0x000071ac       0x34 zephyr/libzephyr.a(nrf_rtc_timer.c.obj)
                0x000071ac                z_timer_cycle_get_32
 .text._DoInit  0x000071e0       0x60 zephyr/libzephyr.a(SEGGER_RTT.c.obj)
 .text.SEGGER_RTT_WriteSkipNoLock
                0x00007240       0x98 zephyr/libzephyr.a(SEGGER_RTT.c.obj)
                0x00007240                SEGGER_RTT_WriteSkipNoLock
 .text.SEGGER_RTT_HasDataUp
                0x000072d8       0x14 zephyr/libzephyr.a(SEGGER_RTT.c.obj)
                0x000072d8                SEGGER_RTT_HasDataUp
 .text.uECC_get_rng
                0x000072ec        0xc zephyr/libzephyr.a(ecc.c.obj)
                0x000072ec                uECC_get_rng
 .text.vli_mmod_fast_secp256r1
                0x000072f8      0x188 zephyr/libzephyr.a(ecc.c.obj)
                0x000072f8                vli_mmod_fast_secp256r1
 .text.sub_bytes
                0x00007480       0x18 zephyr/libzephyr.a(aes_encrypt.c.obj)
 .text.tc_aes128_set_encrypt_key
                0x00007498       0xa4 zephyr/libzephyr.a(aes_encrypt.c.obj)
                0x00007498                tc_aes128_set_encrypt_key
 .text.arch_swap
                0x0000753c       0x38 zephyr/arch/arch/arm/core/aarch32/libarch__arm__core__aarch32.a(swap.c.obj)
                0x0000753c                arch_swap
 .text.z_arm_pendsv
                0x00007574       0x54 zephyr/arch/arch/arm/core/aarch32/libarch__arm__core__aarch32.a(swap_helper.S.obj)
                0x00007574                z_arm_pendsv
 .text.z_arm_svc
                0x000075c8       0x20 zephyr/arch/arch/arm/core/aarch32/libarch__arm__core__aarch32.a(swap_helper.S.obj)
                0x000075c8                z_arm_svc
 .text.arch_irq_enable
                0x000075e8       0x20 zephyr/arch/arch/arm/core/aarch32/libarch__arm__core__aarch32.a(irq_manage.c.obj)
                0x000075e8                arch_irq_enable
 .text.arch_irq_disable
                0x00007608       0x28 zephyr/arch/arch/arm/core/aarch32/libarch__arm__core__aarch32.a(irq_manage.c.obj)
                0x00007608                arch_irq_disable
 .text.arch_irq_is_enabled
                0x00007630       0x1c zephyr/arch/arch/arm/core/aarch32/libarch__arm__core__aarch32.a(irq_manage.c.obj)
                0x00007630                arch_irq_is_enabled
 .text.z_arm_irq_priority_set
                0x0000764c       0x30 zephyr/arch/arch/arm/core/aarch32/libarch__arm__core__aarch32.a(irq_manage.c.obj)
                0x0000764c                z_arm_irq_priority_set
 .text._arch_isr_direct_pm
                0x0000767c       0x1c zephyr/arch/arch/arm/core/aarch32/libarch__arm__core__aarch32.a(irq_manage.c.obj)
                0x0000767c                _arch_isr_direct_pm
 .text.arch_new_thread
                0x00007698       0x38 zephyr/arch/arch/arm/core/aarch32/libarch__arm__core__aarch32.a(thread.c.obj)
                0x00007698                arch_new_thread
 .text.z_check_thread_stack_fail
                0x000076d0       0x2c zephyr/arch/arch/arm/core/aarch32/libarch__arm__core__aarch32.a(thread.c.obj)
                0x000076d0                z_check_thread_stack_fail
 .text.arch_switch_to_main_thread
                0x000076fc       0x34 zephyr/arch/arch/arm/core/aarch32/libarch__arm__core__aarch32.a(thread.c.obj)
                0x000076fc                arch_switch_to_main_thread
 .text.z_arm_cpu_idle_init
                0x00007730        0xc zephyr/arch/arch/arm/core/aarch32/libarch__arm__core__aarch32.a(cpu_idle.S.obj)
                0x00007730                z_arm_cpu_idle_init
 .text.arch_cpu_idle
                0x0000773c       0x1c zephyr/arch/arch/arm/core/aarch32/libarch__arm__core__aarch32.a(cpu_idle.S.obj)
                0x0000773c                arch_cpu_idle
 .text.arch_cpu_atomic_idle
                0x00007758       0x14 zephyr/arch/arch/arm/core/aarch32/libarch__arm__core__aarch32.a(cpu_idle.S.obj)
                0x00007758                arch_cpu_atomic_idle
 .text.z_arm_fatal_error
                0x0000776c       0x70 zephyr/arch/arch/arm/core/aarch32/libarch__arm__core__aarch32.a(fatal.c.obj)
                0x0000776c                z_arm_fatal_error
 .text.z_SysNmiOnReset
                0x000077dc        0x8 zephyr/arch/arch/arm/core/aarch32/libarch__arm__core__aarch32.a(nmi_on_reset.S.obj)
                0x000077dc                z_SysNmiOnReset
 .text.z_arm_prep_c
                0x000077e4       0x44 zephyr/arch/arch/arm/core/aarch32/libarch__arm__core__aarch32.a(prep_c.c.obj)
                0x000077e4                z_arm_prep_c
 .text._isr_wrapper
                0x00007828       0x40 zephyr/arch/arch/arm/core/aarch32/libarch__arm__core__aarch32.a(isr_wrapper.S.obj)
                0x00007828                _isr_wrapper
 .text._reset_section
                0x00007868       0x30 zephyr/arch/arch/arm/core/aarch32/cortex_m/libarch__arm__core__aarch32__cortex_m.a(reset.S.obj)
                0x00007868                __start
                0x00007868                z_arm_reset
 .text.__fault  0x00007898       0x14 zephyr/arch/arch/arm/core/aarch32/cortex_m/libarch__arm__core__aarch32__cortex_m.a(fault_s.S.obj)
                0x00007898                z_arm_usage_fault
                0x00007898                z_arm_mpu_fault
                0x00007898                z_arm_exc_spurious
                0x00007898                z_arm_debug_monitor
                0x00007898                z_arm_hard_fault
                0x00007898                z_arm_bus_fault
 .text.mem_manage_fault
                0x000078ac      0x104 zephyr/arch/arch/arm/core/aarch32/cortex_m/libarch__arm__core__aarch32__cortex_m.a(fault.c.obj)
 .text.usage_fault.constprop.0
                0x000079b0       0xb8 zephyr/arch/arch/arm/core/aarch32/cortex_m/libarch__arm__core__aarch32__cortex_m.a(fault.c.obj)
 .text.bus_fault.constprop.0
                0x00007a68       0xdc zephyr/arch/arch/arm/core/aarch32/cortex_m/libarch__arm__core__aarch32__cortex_m.a(fault.c.obj)
 .text.z_arm_fault
                0x00007b44      0x194 zephyr/arch/arch/arm/core/aarch32/cortex_m/libarch__arm__core__aarch32__cortex_m.a(fault.c.obj)
                0x00007b44                z_arm_fault
 .text.z_arm_fault_init
                0x00007cd8       0x10 zephyr/arch/arch/arm/core/aarch32/cortex_m/libarch__arm__core__aarch32__cortex_m.a(fault.c.obj)
                0x00007cd8                z_arm_fault_init
 .text._HandlerModeExit
                0x00007ce8       0x1c zephyr/arch/arch/arm/core/aarch32/cortex_m/libarch__arm__core__aarch32__cortex_m.a(exc_exit.S.obj)
                0x00007ce8                z_arm_int_exit
                0x00007ce8                z_arm_exc_exit
 .text.z_arm_interrupt_init
                0x00007d04       0x18 zephyr/arch/arch/arm/core/aarch32/cortex_m/libarch__arm__core__aarch32__cortex_m.a(irq_init.c.obj)
                0x00007d04                z_arm_interrupt_init
 .text.z_impl_k_thread_abort
                0x00007d1c       0x44 zephyr/arch/arch/arm/core/aarch32/cortex_m/libarch__arm__core__aarch32__cortex_m.a(thread_abort.c.obj)
                0x00007d1c                z_impl_k_thread_abort
 .text.z_arm_configure_static_mpu_regions
                0x00007d60       0x18 zephyr/arch/arch/arm/core/aarch32/cortex_m/mpu/libarch__arm__core__aarch32__cortex_m__mpu.a(arm_core_mpu.c.obj)
                0x00007d60                z_arm_configure_static_mpu_regions
 .text.z_arm_configure_dynamic_mpu_regions
                0x00007d78       0x20 zephyr/arch/arch/arm/core/aarch32/cortex_m/mpu/libarch__arm__core__aarch32__cortex_m__mpu.a(arm_core_mpu.c.obj)
                0x00007d78                z_arm_configure_dynamic_mpu_regions
 .text.mpu_configure_regions
                0x00007d98       0xc0 zephyr/arch/arch/arm/core/aarch32/cortex_m/mpu/libarch__arm__core__aarch32__cortex_m__mpu.a(arm_mpu.c.obj)
 .text.arm_core_mpu_enable
                0x00007e58       0x18 zephyr/arch/arch/arm/core/aarch32/cortex_m/mpu/libarch__arm__core__aarch32__cortex_m__mpu.a(arm_mpu.c.obj)
                0x00007e58                arm_core_mpu_enable
 .text.arm_core_mpu_disable
                0x00007e70       0x14 zephyr/arch/arch/arm/core/aarch32/cortex_m/mpu/libarch__arm__core__aarch32__cortex_m__mpu.a(arm_mpu.c.obj)
                0x00007e70                arm_core_mpu_disable
 .text.arm_mpu_init
                0x00007e84       0x60 zephyr/arch/arch/arm/core/aarch32/cortex_m/mpu/libarch__arm__core__aarch32__cortex_m__mpu.a(arm_mpu.c.obj)
 .text.arm_core_mpu_configure_static_mpu_regions
                0x00007ee4       0x14 zephyr/arch/arch/arm/core/aarch32/cortex_m/mpu/libarch__arm__core__aarch32__cortex_m__mpu.a(arm_mpu.c.obj)
                0x00007ee4                arm_core_mpu_configure_static_mpu_regions
 .text.arm_core_mpu_configure_dynamic_mpu_regions
                0x00007ef8       0x30 zephyr/arch/arch/arm/core/aarch32/cortex_m/mpu/libarch__arm__core__aarch32__cortex_m__mpu.a(arm_mpu.c.obj)
                0x00007ef8                arm_core_mpu_configure_dynamic_mpu_regions
 .text.__stdout_hook_install
                0x00007f28        0xc zephyr/lib/libc/minimal/liblib__libc__minimal.a(stdout_console.c.obj)
                0x00007f28                __stdout_hook_install
 .text.z_impl_zephyr_fputc
                0x00007f34       0x18 zephyr/lib/libc/minimal/liblib__libc__minimal.a(stdout_console.c.obj)
                0x00007f34                z_impl_zephyr_fputc
 .text.sprintf  0x00007f4c       0x30 zephyr/lib/libc/minimal/liblib__libc__minimal.a(sprintf.c.obj)
                0x00007f4c                sprintf
 .text.printf   0x00007f7c       0x24 zephyr/lib/libc/minimal/liblib__libc__minimal.a(fprintf.c.obj)
                0x00007f7c                printf
 .text.nordicsemi_nrf52_init
                0x00007fa0       0x30 zephyr/soc/arm/nordic_nrf/nrf52/libsoc__arm__nordic_nrf__nrf52.a(soc.c.obj)
 .text.arch_busy_wait
                0x00007fd0       0x14 zephyr/soc/arm/nordic_nrf/nrf52/libsoc__arm__nordic_nrf__nrf52.a(soc.c.obj)
                0x00007fd0                arch_busy_wait
 .text.bt_hex_real
                0x00007fe4       0x44 zephyr/subsys/bluetooth/common/libsubsys__bluetooth__common.a(log.c.obj)
                0x00007fe4                bt_hex_real
 .text.bt_addr_le_str_real
                0x00008028       0x7c zephyr/subsys/bluetooth/common/libsubsys__bluetooth__common.a(log.c.obj)
                0x00008028                bt_addr_le_str_real
 .text.ecc_thread
                0x000080a4      0x1c0 zephyr/subsys/bluetooth/host/libsubsys__bluetooth__host.a(hci_ecc.c.obj)
 .text.bt_hci_ecc_send
                0x00008264      0x110 zephyr/subsys/bluetooth/host/libsubsys__bluetooth__host.a(hci_ecc.c.obj)
                0x00008264                bt_hci_ecc_send
 .text.bt_hci_ecc_init
                0x00008374       0x48 zephyr/subsys/bluetooth/host/libsubsys__bluetooth__host.a(hci_ecc.c.obj)
                0x00008374                bt_hci_ecc_init
 .text.save_id  0x000083bc       0x78 zephyr/subsys/bluetooth/host/libsubsys__bluetooth__host.a(settings.c.obj)
 .text.set      0x00008434      0x150 zephyr/subsys/bluetooth/host/libsubsys__bluetooth__host.a(settings.c.obj)
 .text.bt_settings_encode_key
                0x00008584       0x60 zephyr/subsys/bluetooth/host/libsubsys__bluetooth__host.a(settings.c.obj)
                0x00008584                bt_settings_encode_key
 .text.bt_settings_save_id
                0x000085e4       0x30 zephyr/subsys/bluetooth/host/libsubsys__bluetooth__host.a(settings.c.obj)
                0x000085e4                bt_settings_save_id
 .text.commit   0x00008614       0x90 zephyr/subsys/bluetooth/host/libsubsys__bluetooth__host.a(settings.c.obj)
 .text.bt_settings_init
                0x000086a4       0x30 zephyr/subsys/bluetooth/host/libsubsys__bluetooth__host.a(settings.c.obj)
                0x000086a4                bt_settings_init
 .text.uuid_to_uuid128
                0x000086d4       0x6c zephyr/subsys/bluetooth/host/libsubsys__bluetooth__host.a(uuid.c.obj)
 .text.bt_buf_get_rx
                0x00008740       0x20 zephyr/subsys/bluetooth/host/libsubsys__bluetooth__host.a(buf.c.obj)
                0x00008740                bt_buf_get_rx
 .text.bt_buf_get_cmd_complete
                0x00008760       0x4c zephyr/subsys/bluetooth/host/libsubsys__bluetooth__host.a(buf.c.obj)
                0x00008760                bt_buf_get_cmd_complete
 .text.bt_buf_get_evt
                0x000087ac       0x54 zephyr/subsys/bluetooth/host/libsubsys__bluetooth__host.a(buf.c.obj)
                0x000087ac                bt_buf_get_evt
 .text.bt_adv_foreach
                0x00008800        0xc zephyr/subsys/bluetooth/host/libsubsys__bluetooth__host.a(hci_core.c.obj)
 .text.le_dhkey_complete
                0x0000880c       0x1c zephyr/subsys/bluetooth/host/libsubsys__bluetooth__host.a(hci_core.c.obj)
 .text.ver_str  0x00008828       0x38 zephyr/subsys/bluetooth/host/libsubsys__bluetooth__host.a(hci_core.c.obj)
 .text.le_rpa_invalidate
                0x00008860       0x2c zephyr/subsys/bluetooth/host/libsubsys__bluetooth__host.a(hci_core.c.obj)
 .text.hci_data_buf_overflow
                0x0000888c       0x24 zephyr/subsys/bluetooth/host/libsubsys__bluetooth__host.a(hci_core.c.obj)
 .text.id_find  0x000088b0       0x30 zephyr/subsys/bluetooth/host/libsubsys__bluetooth__host.a(hci_core.c.obj)
 .text.valid_adv_param
                0x000088e0       0x90 zephyr/subsys/bluetooth/host/libsubsys__bluetooth__host.a(hci_core.c.obj)
 .text.le_pkey_complete
                0x00008970       0x50 zephyr/subsys/bluetooth/host/libsubsys__bluetooth__host.a(hci_core.c.obj)
 .text.unpair   0x000089c0       0x70 zephyr/subsys/bluetooth/host/libsubsys__bluetooth__host.a(hci_core.c.obj)
 .text.le_data_len_change
                0x00008a30       0x3c zephyr/subsys/bluetooth/host/libsubsys__bluetooth__host.a(hci_core.c.obj)
 .text.hci_disconn_complete_prio
                0x00008a6c       0x50 zephyr/subsys/bluetooth/host/libsubsys__bluetooth__host.a(hci_core.c.obj)
 .text.hci_disconn_complete
                0x00008abc       0x54 zephyr/subsys/bluetooth/host/libsubsys__bluetooth__host.a(hci_core.c.obj)
 .text.hci_hardware_error
                0x00008b10       0x30 zephyr/subsys/bluetooth/host/libsubsys__bluetooth__host.a(hci_core.c.obj)
 .text.hci_vendor_event
                0x00008b40       0x38 zephyr/subsys/bluetooth/host/libsubsys__bluetooth__host.a(hci_core.c.obj)
 .text.le_conn_update_complete
                0x00008b78       0xb4 zephyr/subsys/bluetooth/host/libsubsys__bluetooth__host.a(hci_core.c.obj)
 .text.id_create
                0x00008c2c       0xb0 zephyr/subsys/bluetooth/host/libsubsys__bluetooth__host.a(hci_core.c.obj)
 .text.le_adv_start_add_conn
                0x00008cdc       0xac zephyr/subsys/bluetooth/host/libsubsys__bluetooth__host.a(hci_core.c.obj)
 .text.find_pending_connect.part.0
                0x00008d88       0x40 zephyr/subsys/bluetooth/host/libsubsys__bluetooth__host.a(hci_core.c.obj)
 .text.handle_event
                0x00008dc8       0x84 zephyr/subsys/bluetooth/host/libsubsys__bluetooth__host.a(hci_core.c.obj)
 .text.hci_le_meta_event
                0x00008e4c       0x20 zephyr/subsys/bluetooth/host/libsubsys__bluetooth__host.a(hci_core.c.obj)
 .text.hci_cmd_done
                0x00008e6c       0xf8 zephyr/subsys/bluetooth/host/libsubsys__bluetooth__host.a(hci_core.c.obj)
 .text.hci_cmd_status
                0x00008f64       0x2c zephyr/subsys/bluetooth/host/libsubsys__bluetooth__host.a(hci_core.c.obj)
 .text.hci_cmd_complete
                0x00008f90       0x30 zephyr/subsys/bluetooth/host/libsubsys__bluetooth__host.a(hci_core.c.obj)
 .text.hci_tx_thread
                0x00008fc0      0x188 zephyr/subsys/bluetooth/host/libsubsys__bluetooth__host.a(hci_core.c.obj)
 .text.hci_num_completed_packets
                0x00009148      0x110 zephyr/subsys/bluetooth/host/libsubsys__bluetooth__host.a(hci_core.c.obj)
 .text.bt_hci_cmd_create
                0x00009258       0x74 zephyr/subsys/bluetooth/host/libsubsys__bluetooth__host.a(hci_core.c.obj)
                0x00009258                bt_hci_cmd_create
 .text.bt_hci_cmd_send
                0x000092cc       0x64 zephyr/subsys/bluetooth/host/libsubsys__bluetooth__host.a(hci_core.c.obj)
                0x000092cc                bt_hci_cmd_send
 .text.le_ltk_request
                0x00009330       0xc4 zephyr/subsys/bluetooth/host/libsubsys__bluetooth__host.a(hci_core.c.obj)
 .text.le_conn_param_neg_reply
                0x000093f4       0x54 zephyr/subsys/bluetooth/host/libsubsys__bluetooth__host.a(hci_core.c.obj)
 .text.le_conn_param_req
                0x00009448       0xd0 zephyr/subsys/bluetooth/host/libsubsys__bluetooth__host.a(hci_core.c.obj)
 .text.bt_hci_cmd_send_sync
                0x00009518       0xf4 zephyr/subsys/bluetooth/host/libsubsys__bluetooth__host.a(hci_core.c.obj)
                0x00009518                bt_hci_cmd_send_sync
 .text.set_random_address
                0x0000960c       0x5c zephyr/subsys/bluetooth/host/libsubsys__bluetooth__host.a(hci_core.c.obj)
 .text.le_set_private_addr
                0x00009668       0x6c zephyr/subsys/bluetooth/host/libsubsys__bluetooth__host.a(hci_core.c.obj)
 .text.le_adv_set_random_addr.isra.0
                0x000096d4       0xc0 zephyr/subsys/bluetooth/host/libsubsys__bluetooth__host.a(hci_core.c.obj)
 .text.set_le_adv_enable_legacy
                0x00009794       0x5c zephyr/subsys/bluetooth/host/libsubsys__bluetooth__host.a(hci_core.c.obj)
 .text.le_update_private_addr
                0x000097f0       0x7c zephyr/subsys/bluetooth/host/libsubsys__bluetooth__host.a(hci_core.c.obj)
 .text.rpa_timeout
                0x0000986c       0x4c zephyr/subsys/bluetooth/host/libsubsys__bluetooth__host.a(hci_core.c.obj)
 .text.hci_le_read_max_data_len
                0x000098b8       0x54 zephyr/subsys/bluetooth/host/libsubsys__bluetooth__host.a(hci_core.c.obj)
 .text.hci_id_add
                0x0000990c       0x60 zephyr/subsys/bluetooth/host/libsubsys__bluetooth__host.a(hci_core.c.obj)
 .text.hci_set_ad
                0x0000996c       0xe4 zephyr/subsys/bluetooth/host/libsubsys__bluetooth__host.a(hci_core.c.obj)
 .text.le_adv_update.constprop.0
                0x00009a50       0xe8 zephyr/subsys/bluetooth/host/libsubsys__bluetooth__host.a(hci_core.c.obj)
 .text.conn_auto_initiate
                0x00009b38       0xf8 zephyr/subsys/bluetooth/host/libsubsys__bluetooth__host.a(hci_core.c.obj)
 .text.le_phy_update_complete
                0x00009c30       0x64 zephyr/subsys/bluetooth/host/libsubsys__bluetooth__host.a(hci_core.c.obj)
 .text.le_remote_feat_complete
                0x00009c94       0x60 zephyr/subsys/bluetooth/host/libsubsys__bluetooth__host.a(hci_core.c.obj)
 .text.bt_unpair
                0x00009cf4       0x4c zephyr/subsys/bluetooth/host/libsubsys__bluetooth__host.a(hci_core.c.obj)
                0x00009cf4                bt_unpair
 .text.bt_security_err_get
                0x00009d40       0x10 zephyr/subsys/bluetooth/host/libsubsys__bluetooth__host.a(hci_core.c.obj)
                0x00009d40                bt_security_err_get
 .text.hci_encrypt_key_refresh_complete
                0x00009d50       0xa4 zephyr/subsys/bluetooth/host/libsubsys__bluetooth__host.a(hci_core.c.obj)
 .text.hci_encrypt_change
                0x00009df4       0xa8 zephyr/subsys/bluetooth/host/libsubsys__bluetooth__host.a(hci_core.c.obj)
 .text.bt_id_add
                0x00009e9c      0x1a4 zephyr/subsys/bluetooth/host/libsubsys__bluetooth__host.a(hci_core.c.obj)
                0x00009e9c                bt_id_add
 .text.bt_id_del
                0x0000a040      0x138 zephyr/subsys/bluetooth/host/libsubsys__bluetooth__host.a(hci_core.c.obj)
                0x0000a040                bt_id_del
 .text.hci_event_prio
                0x0000a178       0xa4 zephyr/subsys/bluetooth/host/libsubsys__bluetooth__host.a(hci_core.c.obj)
                0x0000a178                hci_event_prio
 .text.bt_recv  0x0000a21c      0x148 zephyr/subsys/bluetooth/host/libsubsys__bluetooth__host.a(hci_core.c.obj)
                0x0000a21c                bt_recv
 .text.bt_recv_prio
                0x0000a364       0x3c zephyr/subsys/bluetooth/host/libsubsys__bluetooth__host.a(hci_core.c.obj)
                0x0000a364                bt_recv_prio
 .text.bt_hci_driver_register
                0x0000a3a0       0x28 zephyr/subsys/bluetooth/host/libsubsys__bluetooth__host.a(hci_core.c.obj)
                0x0000a3a0                bt_hci_driver_register
 .text.bt_finalize_init
                0x0000a3c8       0xd8 zephyr/subsys/bluetooth/host/libsubsys__bluetooth__host.a(hci_core.c.obj)
                0x0000a3c8                bt_finalize_init
 .text.init_work
                0x0000a4a0       0x18 zephyr/subsys/bluetooth/host/libsubsys__bluetooth__host.a(hci_core.c.obj)
 .text.bt_enable
                0x0000a4b8       0xf4 zephyr/subsys/bluetooth/host/libsubsys__bluetooth__host.a(hci_core.c.obj)
                0x0000a4b8                bt_enable
 .text.bt_set_name
                0x0000a5ac       0xa4 zephyr/subsys/bluetooth/host/libsubsys__bluetooth__host.a(hci_core.c.obj)
                0x0000a5ac                bt_set_name
 .text.bt_get_name
                0x0000a650        0x8 zephyr/subsys/bluetooth/host/libsubsys__bluetooth__host.a(hci_core.c.obj)
                0x0000a650                bt_get_name
 .text.bt_id_create
                0x0000a658       0xc8 zephyr/subsys/bluetooth/host/libsubsys__bluetooth__host.a(hci_core.c.obj)
                0x0000a658                bt_id_create
 .text.bt_setup_public_id_addr
                0x0000a720      0x118 zephyr/subsys/bluetooth/host/libsubsys__bluetooth__host.a(hci_core.c.obj)
                0x0000a720                bt_setup_public_id_addr
 .text.bt_read_static_addr
                0x0000a838       0xb4 zephyr/subsys/bluetooth/host/libsubsys__bluetooth__host.a(hci_core.c.obj)
                0x0000a838                bt_read_static_addr
 .text.bt_setup_random_id_addr
                0x0000a8ec       0x9c zephyr/subsys/bluetooth/host/libsubsys__bluetooth__host.a(hci_core.c.obj)
                0x0000a8ec                bt_setup_random_id_addr
 .text.bt_le_adv_start_legacy
                0x0000a988      0x234 zephyr/subsys/bluetooth/host/libsubsys__bluetooth__host.a(hci_core.c.obj)
                0x0000a988                bt_le_adv_start_legacy
 .text.bt_le_adv_start
                0x0000abbc       0x1c zephyr/subsys/bluetooth/host/libsubsys__bluetooth__host.a(hci_core.c.obj)
                0x0000abbc                bt_le_adv_start
 .text.bt_le_adv_resume
                0x0000abd8       0x8c zephyr/subsys/bluetooth/host/libsubsys__bluetooth__host.a(hci_core.c.obj)
                0x0000abd8                bt_le_adv_resume
 .text.enh_conn_complete
                0x0000ac64      0x210 zephyr/subsys/bluetooth/host/libsubsys__bluetooth__host.a(hci_core.c.obj)
 .text.le_legacy_conn_complete
                0x0000ae74       0x6c zephyr/subsys/bluetooth/host/libsubsys__bluetooth__host.a(hci_core.c.obj)
 .text.bt_pub_key_gen
                0x0000aee0       0xa0 zephyr/subsys/bluetooth/host/libsubsys__bluetooth__host.a(hci_core.c.obj)
                0x0000aee0                bt_pub_key_gen
 .text.bt_pub_key_get
                0x0000af80       0x1c zephyr/subsys/bluetooth/host/libsubsys__bluetooth__host.a(hci_core.c.obj)
                0x0000af80                bt_pub_key_get
 .text.bt_dh_key_gen
                0x0000af9c       0x7c zephyr/subsys/bluetooth/host/libsubsys__bluetooth__host.a(hci_core.c.obj)
                0x0000af9c                bt_dh_key_gen
 .text.tx_free  0x0000b018       0x14 zephyr/subsys/bluetooth/host/libsubsys__bluetooth__host.a(conn.c.obj)
 .text.notify_connected
                0x0000b02c       0x2c zephyr/subsys/bluetooth/host/libsubsys__bluetooth__host.a(conn.c.obj)
 .text.send_frag
                0x0000b058      0x134 zephyr/subsys/bluetooth/host/libsubsys__bluetooth__host.a(conn.c.obj)
 .text.bt_conn_get_pkts
                0x0000b18c        0x8 zephyr/subsys/bluetooth/host/libsubsys__bluetooth__host.a(conn.c.obj)
                0x0000b18c                bt_conn_get_pkts
 .text.notify_le_param_updated
                0x0000b194       0x60 zephyr/subsys/bluetooth/host/libsubsys__bluetooth__host.a(conn.c.obj)
                0x0000b194                notify_le_param_updated
 .text.le_param_req
                0x0000b1f4       0x40 zephyr/subsys/bluetooth/host/libsubsys__bluetooth__host.a(conn.c.obj)
                0x0000b1f4                le_param_req
 .text.bt_conn_identity_resolved
                0x0000b234       0x34 zephyr/subsys/bluetooth/host/libsubsys__bluetooth__host.a(conn.c.obj)
                0x0000b234                bt_conn_identity_resolved
 .text.bt_conn_security_changed
                0x0000b268       0x48 zephyr/subsys/bluetooth/host/libsubsys__bluetooth__host.a(conn.c.obj)
                0x0000b268                bt_conn_security_changed
 .text.bt_conn_cb_register
                0x0000b2b0       0x10 zephyr/subsys/bluetooth/host/libsubsys__bluetooth__host.a(conn.c.obj)
                0x0000b2b0                bt_conn_cb_register
 .text.conn_cleanup
                0x0000b2c0       0x44 zephyr/subsys/bluetooth/host/libsubsys__bluetooth__host.a(conn.c.obj)
 .text.bt_conn_recv
                0x0000b304      0x10c zephyr/subsys/bluetooth/host/libsubsys__bluetooth__host.a(conn.c.obj)
                0x0000b304                bt_conn_recv
 .text.bt_conn_send_cb
                0x0000b410       0xd8 zephyr/subsys/bluetooth/host/libsubsys__bluetooth__host.a(conn.c.obj)
                0x0000b410                bt_conn_send_cb
 .text.bt_conn_prepare_events
                0x0000b4e8       0x6c zephyr/subsys/bluetooth/host/libsubsys__bluetooth__host.a(conn.c.obj)
                0x0000b4e8                bt_conn_prepare_events
 .text.bt_conn_add_le
                0x0000b554       0x5c zephyr/subsys/bluetooth/host/libsubsys__bluetooth__host.a(conn.c.obj)
                0x0000b554                bt_conn_add_le
 .text.bt_conn_lookup_handle
                0x0000b5b0       0x10 zephyr/subsys/bluetooth/host/libsubsys__bluetooth__host.a(conn.c.obj)
                0x0000b5b0                bt_conn_lookup_handle
 .text.bt_conn_set_state
                0x0000b5c0      0x1d8 zephyr/subsys/bluetooth/host/libsubsys__bluetooth__host.a(conn.c.obj)
                0x0000b5c0                bt_conn_set_state
 .text.bt_conn_lookup_addr_le
                0x0000b798       0x3c zephyr/subsys/bluetooth/host/libsubsys__bluetooth__host.a(conn.c.obj)
                0x0000b798                bt_conn_lookup_addr_le
 .text.bt_conn_exists_le
                0x0000b7d4       0x4c zephyr/subsys/bluetooth/host/libsubsys__bluetooth__host.a(conn.c.obj)
                0x0000b7d4                bt_conn_exists_le
 .text.bt_conn_lookup_state_le
                0x0000b820       0x48 zephyr/subsys/bluetooth/host/libsubsys__bluetooth__host.a(conn.c.obj)
                0x0000b820                bt_conn_lookup_state_le
 .text.send_conn_le_param_update
                0x0000b868       0x60 zephyr/subsys/bluetooth/host/libsubsys__bluetooth__host.a(conn.c.obj)
 .text.deferred_work
                0x0000b8c8       0xa8 zephyr/subsys/bluetooth/host/libsubsys__bluetooth__host.a(conn.c.obj)
 .text.bt_conn_create_pdu_timeout
                0x0000b970       0x48 zephyr/subsys/bluetooth/host/libsubsys__bluetooth__host.a(conn.c.obj)
                0x0000b970                bt_conn_create_pdu_timeout
 .text.bt_conn_create_frag_timeout
                0x0000b9b8        0xc zephyr/subsys/bluetooth/host/libsubsys__bluetooth__host.a(conn.c.obj)
                0x0000b9b8                bt_conn_create_frag_timeout
 .text.create_frag
                0x0000b9c4       0x6c zephyr/subsys/bluetooth/host/libsubsys__bluetooth__host.a(conn.c.obj)
 .text.bt_conn_process_tx
                0x0000ba30       0xc0 zephyr/subsys/bluetooth/host/libsubsys__bluetooth__host.a(conn.c.obj)
                0x0000ba30                bt_conn_process_tx
 .text.bt_conn_auth_cb_register
                0x0000baf0       0x38 zephyr/subsys/bluetooth/host/libsubsys__bluetooth__host.a(conn.c.obj)
                0x0000baf0                bt_conn_auth_cb_register
 .text.bt_conn_index
                0x0000bb28       0x18 zephyr/subsys/bluetooth/host/libsubsys__bluetooth__host.a(conn.c.obj)
                0x0000bb28                bt_conn_index
 .text.bt_conn_init
                0x0000bb40       0x40 zephyr/subsys/bluetooth/host/libsubsys__bluetooth__host.a(conn.c.obj)
                0x0000bb40                bt_conn_init
 .text.l2cap_accept
                0x0000bb80       0x44 zephyr/subsys/bluetooth/host/libsubsys__bluetooth__host.a(l2cap.c.obj)
 .text.l2cap_create_le_sig_pdu.constprop.0
                0x0000bbc4       0x50 zephyr/subsys/bluetooth/host/libsubsys__bluetooth__host.a(l2cap.c.obj)
 .text.l2cap_rtx_timeout
                0x0000bc14       0x3c zephyr/subsys/bluetooth/host/libsubsys__bluetooth__host.a(l2cap.c.obj)
 .text.bt_l2cap_connected
                0x0000bc50       0xbc zephyr/subsys/bluetooth/host/libsubsys__bluetooth__host.a(l2cap.c.obj)
                0x0000bc50                bt_l2cap_connected
 .text.l2cap_recv
                0x0000bd0c       0xe4 zephyr/subsys/bluetooth/host/libsubsys__bluetooth__host.a(l2cap.c.obj)
 .text.bt_l2cap_recv
                0x0000bdf0       0x70 zephyr/subsys/bluetooth/host/libsubsys__bluetooth__host.a(l2cap.c.obj)
                0x0000bdf0                bt_l2cap_recv
 .text.bt_l2cap_update_conn_param
                0x0000be60       0x5c zephyr/subsys/bluetooth/host/libsubsys__bluetooth__host.a(l2cap.c.obj)
                0x0000be60                bt_l2cap_update_conn_param
 .text.att_cfm_sent
                0x0000bebc       0x10 zephyr/subsys/bluetooth/host/libsubsys__bluetooth__host.a(att.c.obj)
 .text.att_rsp_sent
                0x0000becc       0x10 zephyr/subsys/bluetooth/host/libsubsys__bluetooth__host.a(att.c.obj)
 .text.att_req_sent
                0x0000bedc       0x10 zephyr/subsys/bluetooth/host/libsubsys__bluetooth__host.a(att.c.obj)
 .text.att_get  0x0000beec       0x80 zephyr/subsys/bluetooth/host/libsubsys__bluetooth__host.a(att.c.obj)
 .text.bt_att_released
                0x0000bf6c       0x18 zephyr/subsys/bluetooth/host/libsubsys__bluetooth__host.a(att.c.obj)
 .text.find_type_cb
                0x0000bf84      0x164 zephyr/subsys/bluetooth/host/libsubsys__bluetooth__host.a(att.c.obj)
 .text.chan_req_sent
                0x0000c0e8       0x1c zephyr/subsys/bluetooth/host/libsubsys__bluetooth__host.a(att.c.obj)
 .text.chan_send
                0x0000c104       0xdc zephyr/subsys/bluetooth/host/libsubsys__bluetooth__host.a(att.c.obj)
 .text.bt_att_chan_send_rsp.constprop.0
                0x0000c1e0       0x24 zephyr/subsys/bluetooth/host/libsubsys__bluetooth__host.a(att.c.obj)
 .text.read_group_cb
                0x0000c204       0xac zephyr/subsys/bluetooth/host/libsubsys__bluetooth__host.a(att.c.obj)
 .text.read_type_cb
                0x0000c2b0       0xa8 zephyr/subsys/bluetooth/host/libsubsys__bluetooth__host.a(att.c.obj)
 .text.prep_write_cb
                0x0000c358       0x84 zephyr/subsys/bluetooth/host/libsubsys__bluetooth__host.a(att.c.obj)
 .text.bt_att_accept
                0x0000c3dc       0xc8 zephyr/subsys/bluetooth/host/libsubsys__bluetooth__host.a(att.c.obj)
 .text.bt_att_connected
                0x0000c4a4       0x68 zephyr/subsys/bluetooth/host/libsubsys__bluetooth__host.a(att.c.obj)
 .text.bt_att_chan_create_pdu
                0x0000c50c       0x88 zephyr/subsys/bluetooth/host/libsubsys__bluetooth__host.a(att.c.obj)
                0x0000c50c                bt_att_chan_create_pdu
 .text.bt_att_recv
                0x0000c594      0x160 zephyr/subsys/bluetooth/host/libsubsys__bluetooth__host.a(att.c.obj)
 .text.att_write_rsp
                0x0000c6f4       0xc8 zephyr/subsys/bluetooth/host/libsubsys__bluetooth__host.a(att.c.obj)
 .text.att_signed_write_cmd
                0x0000c7bc       0x7c zephyr/subsys/bluetooth/host/libsubsys__bluetooth__host.a(att.c.obj)
 .text.bt_att_create_pdu
                0x0000c838       0x70 zephyr/subsys/bluetooth/host/libsubsys__bluetooth__host.a(att.c.obj)
                0x0000c838                bt_att_create_pdu
 .text.att_prepare_write_req
                0x0000c8a8       0xdc zephyr/subsys/bluetooth/host/libsubsys__bluetooth__host.a(att.c.obj)
 .text.att_read_group_req
                0x0000c984      0x104 zephyr/subsys/bluetooth/host/libsubsys__bluetooth__host.a(att.c.obj)
 .text.att_read_mult_req
                0x0000ca88       0x84 zephyr/subsys/bluetooth/host/libsubsys__bluetooth__host.a(att.c.obj)
 .text.att_read_rsp
                0x0000cb0c       0x90 zephyr/subsys/bluetooth/host/libsubsys__bluetooth__host.a(att.c.obj)
 .text.att_read_type_req
                0x0000cb9c       0xc0 zephyr/subsys/bluetooth/host/libsubsys__bluetooth__host.a(att.c.obj)
 .text.att_find_type_req
                0x0000cc5c       0xd4 zephyr/subsys/bluetooth/host/libsubsys__bluetooth__host.a(att.c.obj)
 .text.att_find_info_req
                0x0000cd30       0x70 zephyr/subsys/bluetooth/host/libsubsys__bluetooth__host.a(att.c.obj)
 .text.bt_att_req_alloc
                0x0000cda0       0x2c zephyr/subsys/bluetooth/host/libsubsys__bluetooth__host.a(att.c.obj)
                0x0000cda0                bt_att_req_alloc
 .text.bt_att_req_free
                0x0000cdcc       0x24 zephyr/subsys/bluetooth/host/libsubsys__bluetooth__host.a(att.c.obj)
                0x0000cdcc                bt_att_req_free
 .text.att_handle_rsp
                0x0000cdf0       0xe4 zephyr/subsys/bluetooth/host/libsubsys__bluetooth__host.a(att.c.obj)
 .text.bt_att_disconnected
                0x0000ced4       0xc4 zephyr/subsys/bluetooth/host/libsubsys__bluetooth__host.a(att.c.obj)
 .text.att_timeout
                0x0000cf98       0x30 zephyr/subsys/bluetooth/host/libsubsys__bluetooth__host.a(att.c.obj)
 .text.db_hash_store
                0x0000cfc8       0x40 zephyr/subsys/bluetooth/host/libsubsys__bluetooth__host.a(gatt.c.obj)
 .text.db_hash_set
                0x0000d008       0x40 zephyr/subsys/bluetooth/host/libsubsys__bluetooth__host.a(gatt.c.obj)
 .text.find_cf_cfg
                0x0000d048       0x44 zephyr/subsys/bluetooth/host/libsubsys__bluetooth__host.a(gatt.c.obj)
 .text.cf_write
                0x0000d08c       0xc8 zephyr/subsys/bluetooth/host/libsubsys__bluetooth__host.a(gatt.c.obj)
 .text.sc_store
                0x0000d154       0x64 zephyr/subsys/bluetooth/host/libsubsys__bluetooth__host.a(gatt.c.obj)
 .text.gatt_indicate
                0x0000d1b8       0xac zephyr/subsys/bluetooth/host/libsubsys__bluetooth__host.a(gatt.c.obj)
 .text.gatt_notify
                0x0000d264       0x74 zephyr/subsys/bluetooth/host/libsubsys__bluetooth__host.a(gatt.c.obj)
 .text.find_cf_cfg_by_addr
                0x0000d2d8       0x44 zephyr/subsys/bluetooth/host/libsubsys__bluetooth__host.a(gatt.c.obj)
 .text.cf_set   0x0000d31c       0xfc zephyr/subsys/bluetooth/host/libsubsys__bluetooth__host.a(gatt.c.obj)
 .text.remove_peer_from_attr
                0x0000d418       0x28 zephyr/subsys/bluetooth/host/libsubsys__bluetooth__host.a(gatt.c.obj)
 .text.ccc_save
                0x0000d440       0x38 zephyr/subsys/bluetooth/host/libsubsys__bluetooth__host.a(gatt.c.obj)
 .text.ccc_load
                0x0000d478       0x8c zephyr/subsys/bluetooth/host/libsubsys__bluetooth__host.a(gatt.c.obj)
 .text.bt_gatt_attr_write_ccc
                0x0000d504       0xc0 zephyr/subsys/bluetooth/host/libsubsys__bluetooth__host.a(gatt.c.obj)
                0x0000d504                bt_gatt_attr_write_ccc
 .text.find_sc_cfg
                0x0000d5c4       0x44 zephyr/subsys/bluetooth/host/libsubsys__bluetooth__host.a(gatt.c.obj)
 .text.sc_save  0x0000d608       0x8c zephyr/subsys/bluetooth/host/libsubsys__bluetooth__host.a(gatt.c.obj)
 .text.notify_cb
                0x0000d694       0xe0 zephyr/subsys/bluetooth/host/libsubsys__bluetooth__host.a(gatt.c.obj)
 .text.bt_gatt_clear_sc
                0x0000d774       0x70 zephyr/subsys/bluetooth/host/libsubsys__bluetooth__host.a(gatt.c.obj)
 .text.sc_clear
                0x0000d7e4       0x58 zephyr/subsys/bluetooth/host/libsubsys__bluetooth__host.a(gatt.c.obj)
 .text.disconnected_cb
                0x0000d83c       0x8c zephyr/subsys/bluetooth/host/libsubsys__bluetooth__host.a(gatt.c.obj)
 .text.sc_set   0x0000d8c8      0x108 zephyr/subsys/bluetooth/host/libsubsys__bluetooth__host.a(gatt.c.obj)
 .text.sc_commit
                0x0000d9d0       0x3c zephyr/subsys/bluetooth/host/libsubsys__bluetooth__host.a(gatt.c.obj)
 .text.sc_indicate_rsp
                0x0000da0c       0x54 zephyr/subsys/bluetooth/host/libsubsys__bluetooth__host.a(gatt.c.obj)
 .text.bt_gatt_init
                0x0000da60       0xc4 zephyr/subsys/bluetooth/host/libsubsys__bluetooth__host.a(gatt.c.obj)
                0x0000da60                bt_gatt_init
 .text.bt_gatt_attr_get_handle
                0x0000db24       0x60 zephyr/subsys/bluetooth/host/libsubsys__bluetooth__host.a(gatt.c.obj)
                0x0000db24                bt_gatt_attr_get_handle
 .text.bt_gatt_foreach_attr_type
                0x0000db84       0xb4 zephyr/subsys/bluetooth/host/libsubsys__bluetooth__host.a(gatt.c.obj)
                0x0000db84                bt_gatt_foreach_attr_type
 .text.db_hash_gen
                0x0000dc38       0x98 zephyr/subsys/bluetooth/host/libsubsys__bluetooth__host.a(gatt.c.obj)
 .text.db_hash_commit
                0x0000dcd0       0xa4 zephyr/subsys/bluetooth/host/libsubsys__bluetooth__host.a(gatt.c.obj)
 .text.ccc_set_direct
                0x0000dd74      0x110 zephyr/subsys/bluetooth/host/libsubsys__bluetooth__host.a(gatt.c.obj)
 .text.bt_gatt_notify_cb
                0x0000de84       0xec zephyr/subsys/bluetooth/host/libsubsys__bluetooth__host.a(gatt.c.obj)
                0x0000de84                bt_gatt_notify_cb
 .text.bt_gatt_indicate
                0x0000df70       0xf4 zephyr/subsys/bluetooth/host/libsubsys__bluetooth__host.a(gatt.c.obj)
                0x0000df70                bt_gatt_indicate
 .text.sc_process
                0x0000e064       0x64 zephyr/subsys/bluetooth/host/libsubsys__bluetooth__host.a(gatt.c.obj)
 .text.update_ccc
                0x0000e0c8      0x124 zephyr/subsys/bluetooth/host/libsubsys__bluetooth__host.a(gatt.c.obj)
 .text.bt_gatt_connected
                0x0000e1ec       0x78 zephyr/subsys/bluetooth/host/libsubsys__bluetooth__host.a(gatt.c.obj)
                0x0000e1ec                bt_gatt_connected
 .text.bt_gatt_encrypt_change
                0x0000e264       0x20 zephyr/subsys/bluetooth/host/libsubsys__bluetooth__host.a(gatt.c.obj)
                0x0000e264                bt_gatt_encrypt_change
 .text.db_hash_read
                0x0000e284       0x50 zephyr/subsys/bluetooth/host/libsubsys__bluetooth__host.a(gatt.c.obj)
 .text.bt_gatt_store_ccc
                0x0000e2d4       0x88 zephyr/subsys/bluetooth/host/libsubsys__bluetooth__host.a(gatt.c.obj)
                0x0000e2d4                bt_gatt_store_ccc
 .text.bt_gatt_clear
                0x0000e35c       0x9c zephyr/subsys/bluetooth/host/libsubsys__bluetooth__host.a(gatt.c.obj)
                0x0000e35c                bt_gatt_clear
 .text.bt_gatt_disconnected
                0x0000e3f8      0x110 zephyr/subsys/bluetooth/host/libsubsys__bluetooth__host.a(gatt.c.obj)
                0x0000e3f8                bt_gatt_disconnected
 .text.get_io_capa
                0x0000e508       0x4c zephyr/subsys/bluetooth/host/libsubsys__bluetooth__host.a(smp.c.obj)
 .text.smp_sign_buf
                0x0000e554       0x80 zephyr/subsys/bluetooth/host/libsubsys__bluetooth__host.a(smp.c.obj)
 .text.smp_chan_get
                0x0000e5d4       0x30 zephyr/subsys/bluetooth/host/libsubsys__bluetooth__host.a(smp.c.obj)
 .text.bt_smp_accept
                0x0000e604       0x44 zephyr/subsys/bluetooth/host/libsubsys__bluetooth__host.a(smp.c.obj)
 .text.get_auth.constprop.0
                0x0000e648       0x3c zephyr/subsys/bluetooth/host/libsubsys__bluetooth__host.a(smp.c.obj)
 .text.smp_send.constprop.0
                0x0000e684       0x30 zephyr/subsys/bluetooth/host/libsubsys__bluetooth__host.a(smp.c.obj)
 .text.smp_init
                0x0000e6b4       0x3c zephyr/subsys/bluetooth/host/libsubsys__bluetooth__host.a(smp.c.obj)
 .text.smp_dhkey_generate
                0x0000e6f0       0x4c zephyr/subsys/bluetooth/host/libsubsys__bluetooth__host.a(smp.c.obj)
 .text.smp_find
                0x0000e73c       0x1c zephyr/subsys/bluetooth/host/libsubsys__bluetooth__host.a(smp.c.obj)
 .text.smp_ident_info
                0x0000e758       0x70 zephyr/subsys/bluetooth/host/libsubsys__bluetooth__host.a(smp.c.obj)
 .text.smp_encrypt_info
                0x0000e7c8       0x70 zephyr/subsys/bluetooth/host/libsubsys__bluetooth__host.a(smp.c.obj)
 .text.smp_pairing_req
                0x0000e838      0x3f4 zephyr/subsys/bluetooth/host/libsubsys__bluetooth__host.a(smp.c.obj)
 .text.compute_and_check_and_send_slave_dhcheck
                0x0000ec2c      0x23c zephyr/subsys/bluetooth/host/libsubsys__bluetooth__host.a(smp.c.obj)
 .text.smp_send_pairing_confirm
                0x0000ee68       0xa0 zephyr/subsys/bluetooth/host/libsubsys__bluetooth__host.a(smp.c.obj)
 .text.smp_public_key_slave
                0x0000ef08      0x164 zephyr/subsys/bluetooth/host/libsubsys__bluetooth__host.a(smp.c.obj)
 .text.smp_public_key
                0x0000f06c       0xb0 zephyr/subsys/bluetooth/host/libsubsys__bluetooth__host.a(smp.c.obj)
 .text.bt_smp_connected
                0x0000f11c       0x24 zephyr/subsys/bluetooth/host/libsubsys__bluetooth__host.a(smp.c.obj)
 .text.smp_pairing_confirm
                0x0000f140       0x90 zephyr/subsys/bluetooth/host/libsubsys__bluetooth__host.a(smp.c.obj)
 .text.smp_pairing_random
                0x0000f1d0      0x280 zephyr/subsys/bluetooth/host/libsubsys__bluetooth__host.a(smp.c.obj)
 .text.bt_smp_sign_verify
                0x0000f450       0xf8 zephyr/subsys/bluetooth/host/libsubsys__bluetooth__host.a(smp.c.obj)
                0x0000f450                bt_smp_sign_verify
 .text.bt_smp_sign
                0x0000f548       0xb4 zephyr/subsys/bluetooth/host/libsubsys__bluetooth__host.a(smp.c.obj)
                0x0000f548                bt_smp_sign
 .text.bt_smp_start_security
                0x0000f5fc      0x178 zephyr/subsys/bluetooth/host/libsubsys__bluetooth__host.a(smp.c.obj)
                0x0000f5fc                bt_smp_start_security
 .text.smp_pairing_complete
                0x0000f774       0xbc zephyr/subsys/bluetooth/host/libsubsys__bluetooth__host.a(smp.c.obj)
 .text.bt_smp_recv
                0x0000f830      0x118 zephyr/subsys/bluetooth/host/libsubsys__bluetooth__host.a(smp.c.obj)
 .text.bt_smp_pkey_ready
                0x0000f948       0x68 zephyr/subsys/bluetooth/host/libsubsys__bluetooth__host.a(smp.c.obj)
 .text.smp_signing_info
                0x0000f9b0       0x80 zephyr/subsys/bluetooth/host/libsubsys__bluetooth__host.a(smp.c.obj)
 .text.smp_ident_addr_info
                0x0000fa30      0x13c zephyr/subsys/bluetooth/host/libsubsys__bluetooth__host.a(smp.c.obj)
 .text.smp_master_ident
                0x0000fb6c       0xa8 zephyr/subsys/bluetooth/host/libsubsys__bluetooth__host.a(smp.c.obj)
 .text.smp_pairing_failed
                0x0000fc14       0x68 zephyr/subsys/bluetooth/host/libsubsys__bluetooth__host.a(smp.c.obj)
 .text.bt_smp_encrypt_change
                0x0000fc7c      0x34c zephyr/subsys/bluetooth/host/libsubsys__bluetooth__host.a(smp.c.obj)
 .text.smp_timeout
                0x0000ffc8       0x3c zephyr/subsys/bluetooth/host/libsubsys__bluetooth__host.a(smp.c.obj)
 .text.bt_smp_update_keys
                0x00010004      0x120 zephyr/subsys/bluetooth/host/libsubsys__bluetooth__host.a(smp.c.obj)
                0x00010004                bt_smp_update_keys
 .text.bt_smp_init
                0x00010124       0x2c zephyr/subsys/bluetooth/host/libsubsys__bluetooth__host.a(smp.c.obj)
                0x00010124                bt_smp_init
 .text.bt_keys_get_addr
                0x00010150       0x90 zephyr/subsys/bluetooth/host/libsubsys__bluetooth__host.a(keys.c.obj)
                0x00010150                bt_keys_get_addr
 .text.bt_foreach_bond
                0x000101e0       0x2c zephyr/subsys/bluetooth/host/libsubsys__bluetooth__host.a(keys.c.obj)
                0x000101e0                bt_foreach_bond
 .text.bt_keys_foreach
                0x0001020c       0x1c zephyr/subsys/bluetooth/host/libsubsys__bluetooth__host.a(keys.c.obj)
                0x0001020c                bt_keys_foreach
 .text.keys_commit
                0x00010228       0x14 zephyr/subsys/bluetooth/host/libsubsys__bluetooth__host.a(keys.c.obj)
 .text.bt_keys_find
                0x0001023c       0x2c zephyr/subsys/bluetooth/host/libsubsys__bluetooth__host.a(keys.c.obj)
                0x0001023c                bt_keys_find
 .text.bt_keys_find_irk
                0x00010268       0x70 zephyr/subsys/bluetooth/host/libsubsys__bluetooth__host.a(keys.c.obj)
                0x00010268                bt_keys_find_irk
 .text.bt_keys_find_addr
                0x000102d8       0x20 zephyr/subsys/bluetooth/host/libsubsys__bluetooth__host.a(keys.c.obj)
                0x000102d8                bt_keys_find_addr
 .text.bt_keys_clear
                0x000102f8       0x50 zephyr/subsys/bluetooth/host/libsubsys__bluetooth__host.a(keys.c.obj)
                0x000102f8                bt_keys_clear
 .text.keys_set
                0x00010348      0x17c zephyr/subsys/bluetooth/host/libsubsys__bluetooth__host.a(keys.c.obj)
 .text.bt_keys_store
                0x000104c4       0x68 zephyr/subsys/bluetooth/host/libsubsys__bluetooth__host.a(keys.c.obj)
                0x000104c4                bt_keys_store
 .text.bt_keys_update_usage
                0x0001052c       0x28 zephyr/subsys/bluetooth/host/libsubsys__bluetooth__host.a(keys.c.obj)
                0x0001052c                bt_keys_update_usage
 .text.mem_init
                0x00010554       0x60 zephyr/subsys/bluetooth/controller/libsubsys__bluetooth__controller.a(mem.c.obj)
                0x00010554                mem_init
 .text.mem_acquire
                0x000105b4       0x34 zephyr/subsys/bluetooth/controller/libsubsys__bluetooth__controller.a(mem.c.obj)
                0x000105b4                mem_acquire
 .text.mem_release
                0x000105e8       0x30 zephyr/subsys/bluetooth/controller/libsubsys__bluetooth__controller.a(mem.c.obj)
                0x000105e8                mem_release
 .text.mem_get  0x00010618        0x8 zephyr/subsys/bluetooth/controller/libsubsys__bluetooth__controller.a(mem.c.obj)
                0x00010618                mem_get
 .text.mem_index_get
                0x00010620        0xc zephyr/subsys/bluetooth/controller/libsubsys__bluetooth__controller.a(mem.c.obj)
                0x00010620                mem_index_get
 .text.mem_rcopy
                0x0001062c       0x1c zephyr/subsys/bluetooth/controller/libsubsys__bluetooth__controller.a(mem.c.obj)
                0x0001062c                mem_rcopy
 .text.mem_nz   0x00010648       0x18 zephyr/subsys/bluetooth/controller/libsubsys__bluetooth__controller.a(mem.c.obj)
                0x00010648                mem_nz
 .text.memq_init
                0x00010660        0x8 zephyr/subsys/bluetooth/controller/libsubsys__bluetooth__controller.a(memq.c.obj)
                0x00010660                memq_init
 .text.memq_deinit
                0x00010668       0x14 zephyr/subsys/bluetooth/controller/libsubsys__bluetooth__controller.a(memq.c.obj)
                0x00010668                memq_deinit
 .text.memq_enqueue
                0x0001067c       0x14 zephyr/subsys/bluetooth/controller/libsubsys__bluetooth__controller.a(memq.c.obj)
                0x0001067c                memq_enqueue
 .text.memq_peek
                0x00010690       0x10 zephyr/subsys/bluetooth/controller/libsubsys__bluetooth__controller.a(memq.c.obj)
                0x00010690                memq_peek
 .text.memq_dequeue
                0x000106a0       0x20 zephyr/subsys/bluetooth/controller/libsubsys__bluetooth__controller.a(memq.c.obj)
                0x000106a0                memq_dequeue
 .text.mayfly_init
                0x000106c0       0x40 zephyr/subsys/bluetooth/controller/libsubsys__bluetooth__controller.a(mayfly.c.obj)
                0x000106c0                mayfly_init
 .text.mayfly_enable
                0x00010700       0x64 zephyr/subsys/bluetooth/controller/libsubsys__bluetooth__controller.a(mayfly.c.obj)
                0x00010700                mayfly_enable
 .text.mayfly_enqueue
                0x00010764       0xa8 zephyr/subsys/bluetooth/controller/libsubsys__bluetooth__controller.a(mayfly.c.obj)
                0x00010764                mayfly_enqueue
 .text.mayfly_run
                0x0001080c      0x148 zephyr/subsys/bluetooth/controller/libsubsys__bluetooth__controller.a(mayfly.c.obj)
                0x0001080c                mayfly_run
 .text.util_ones_count_get
                0x00010954       0x30 zephyr/subsys/bluetooth/controller/libsubsys__bluetooth__controller.a(util.c.obj)
                0x00010954                util_ones_count_get
 .text.ticks_to_expire_prep
                0x00010984       0x48 zephyr/subsys/bluetooth/controller/libsubsys__bluetooth__controller.a(ticker.c.obj)
 .text.ticker_job_list_insert
                0x000109cc      0x20c zephyr/subsys/bluetooth/controller/libsubsys__bluetooth__controller.a(ticker.c.obj)
 .text.ticker_worker
                0x00010bd8      0x2d0 zephyr/subsys/bluetooth/controller/libsubsys__bluetooth__controller.a(ticker.c.obj)
                0x00010bd8                ticker_worker
 .text.ticker_job
                0x00010ea8      0xa20 zephyr/subsys/bluetooth/controller/libsubsys__bluetooth__controller.a(ticker.c.obj)
                0x00010ea8                ticker_job
 .text.ticker_init
                0x000118c8       0x88 zephyr/subsys/bluetooth/controller/libsubsys__bluetooth__controller.a(ticker.c.obj)
                0x000118c8                ticker_init
 .text.ticker_is_initialized
                0x00011950       0x18 zephyr/subsys/bluetooth/controller/libsubsys__bluetooth__controller.a(ticker.c.obj)
                0x00011950                ticker_is_initialized
 .text.ticker_trigger
                0x00011968       0x30 zephyr/subsys/bluetooth/controller/libsubsys__bluetooth__controller.a(ticker.c.obj)
                0x00011968                ticker_trigger
 .text.ticker_start_ext
                0x00011998       0xac zephyr/subsys/bluetooth/controller/libsubsys__bluetooth__controller.a(ticker.c.obj)
                0x00011998                ticker_start_ext
 .text.ticker_start
                0x00011a44       0x38 zephyr/subsys/bluetooth/controller/libsubsys__bluetooth__controller.a(ticker.c.obj)
                0x00011a44                ticker_start
 .text.ticker_update_ext
                0x00011a7c       0xac zephyr/subsys/bluetooth/controller/libsubsys__bluetooth__controller.a(ticker.c.obj)
                0x00011a7c                ticker_update_ext
 .text.ticker_update
                0x00011b28       0x30 zephyr/subsys/bluetooth/controller/libsubsys__bluetooth__controller.a(ticker.c.obj)
                0x00011b28                ticker_update
 .text.ticker_stop
                0x00011b58       0x84 zephyr/subsys/bluetooth/controller/libsubsys__bluetooth__controller.a(ticker.c.obj)
                0x00011b58                ticker_stop
 .text.ticker_ticks_now_get
                0x00011bdc        0x4 zephyr/subsys/bluetooth/controller/libsubsys__bluetooth__controller.a(ticker.c.obj)
                0x00011bdc                ticker_ticks_now_get
 .text.ticker_ticks_diff_get
                0x00011be0        0x8 zephyr/subsys/bluetooth/controller/libsubsys__bluetooth__controller.a(ticker.c.obj)
                0x00011be0                ticker_ticks_diff_get
 .text.ll_addr_get
                0x00011be8       0x3c zephyr/subsys/bluetooth/controller/libsubsys__bluetooth__controller.a(ll_addr.c.obj)
                0x00011be8                ll_addr_get
 .text.ll_addr_set
                0x00011c24       0x3c zephyr/subsys/bluetooth/controller/libsubsys__bluetooth__controller.a(ll_addr.c.obj)
                0x00011c24                ll_addr_set
 .text.ll_tx_pwr_lvl_get
                0x00011c60       0x20 zephyr/subsys/bluetooth/controller/libsubsys__bluetooth__controller.a(ll_tx_pwr.c.obj)
                0x00011c60                ll_tx_pwr_lvl_get
 .text.ll_tx_pwr_get
                0x00011c80        0x8 zephyr/subsys/bluetooth/controller/libsubsys__bluetooth__controller.a(ll_tx_pwr.c.obj)
                0x00011c80                ll_tx_pwr_get
 .text.hci_driver_init
                0x00011c88       0x10 zephyr/subsys/bluetooth/controller/libsubsys__bluetooth__controller.a(hci_driver.c.obj)
 .text.hci_driver_send
                0x00011c98       0xb0 zephyr/subsys/bluetooth/controller/libsubsys__bluetooth__controller.a(hci_driver.c.obj)
 .text.recv_thread
                0x00011d48       0xf0 zephyr/subsys/bluetooth/controller/libsubsys__bluetooth__controller.a(hci_driver.c.obj)
 .text.prio_recv_thread
                0x00011e38       0xc0 zephyr/subsys/bluetooth/controller/libsubsys__bluetooth__controller.a(hci_driver.c.obj)
 .text.hci_driver_open
                0x00011ef8       0xb8 zephyr/subsys/bluetooth/controller/libsubsys__bluetooth__controller.a(hci_driver.c.obj)
 .text.le_remote_feat_complete
                0x00011fb0       0x70 zephyr/subsys/bluetooth/controller/libsubsys__bluetooth__controller.a(hci.c.obj)
 .text.hci_vendor_cmd_handle_common
                0x00012020      0x180 zephyr/subsys/bluetooth/controller/libsubsys__bluetooth__controller.a(hci.c.obj)
                0x00012020                hci_vendor_cmd_handle_common
 .text.hci_cmd_handle
                0x000121a0      0x9b0 zephyr/subsys/bluetooth/controller/libsubsys__bluetooth__controller.a(hci.c.obj)
                0x000121a0                hci_cmd_handle
 .text.hci_acl_handle
                0x00012b50      0x12c zephyr/subsys/bluetooth/controller/libsubsys__bluetooth__controller.a(hci.c.obj)
                0x00012b50                hci_acl_handle
 .text.hci_disconn_complete_encode
                0x00012c7c       0x40 zephyr/subsys/bluetooth/controller/libsubsys__bluetooth__controller.a(hci.c.obj)
                0x00012c7c                hci_disconn_complete_encode
 .text.hci_disconn_complete_process
                0x00012cbc       0x10 zephyr/subsys/bluetooth/controller/libsubsys__bluetooth__controller.a(hci.c.obj)
                0x00012cbc                hci_disconn_complete_process
 .text.hci_acl_encode
                0x00012ccc       0x74 zephyr/subsys/bluetooth/controller/libsubsys__bluetooth__controller.a(hci.c.obj)
                0x00012ccc                hci_acl_encode
 .text.hci_evt_encode
                0x00012d40      0x5d4 zephyr/subsys/bluetooth/controller/libsubsys__bluetooth__controller.a(hci.c.obj)
                0x00012d40                hci_evt_encode
 .text.hci_num_cmplt_encode
                0x00013314       0x30 zephyr/subsys/bluetooth/controller/libsubsys__bluetooth__controller.a(hci.c.obj)
                0x00013314                hci_num_cmplt_encode
 .text.hci_get_class
                0x00013344       0x2c zephyr/subsys/bluetooth/controller/libsubsys__bluetooth__controller.a(hci.c.obj)
                0x00013344                hci_get_class
 .text.hci_init
                0x00013370       0x40 zephyr/subsys/bluetooth/controller/libsubsys__bluetooth__controller.a(hci.c.obj)
                0x00013370                hci_init
 .text.bt_rand  0x000133b0        0x4 zephyr/subsys/bluetooth/controller/libsubsys__bluetooth__controller.a(crypto.c.obj)
                0x000133b0                bt_rand
 .text.bt_encrypt_le
                0x000133b4        0xc zephyr/subsys/bluetooth/controller/libsubsys__bluetooth__controller.a(crypto.c.obj)
                0x000133b4                bt_encrypt_le
 .text.perform_lll_reset
                0x000133c0       0x94 zephyr/subsys/bluetooth/controller/libsubsys__bluetooth__controller.a(ull.c.obj)
 .text.ull_ticker_status_give
                0x00013454        0xc zephyr/subsys/bluetooth/controller/libsubsys__bluetooth__controller.a(ull.c.obj)
                0x00013454                ull_ticker_status_give
 .text.disabled_cb
                0x00013460        0x4 zephyr/subsys/bluetooth/controller/libsubsys__bluetooth__controller.a(ull.c.obj)
 .text.tx_cmplt_get
                0x00013464       0xcc zephyr/subsys/bluetooth/controller/libsubsys__bluetooth__controller.a(ull.c.obj)
 .text.rx_alloc
                0x00013530       0xf8 zephyr/subsys/bluetooth/controller/libsubsys__bluetooth__controller.a(ull.c.obj)
 .text.init_reset
                0x00013628      0x118 zephyr/subsys/bluetooth/controller/libsubsys__bluetooth__controller.a(ull.c.obj)
 .text.rx_demux
                0x00013740      0x364 zephyr/subsys/bluetooth/controller/libsubsys__bluetooth__controller.a(ull.c.obj)
 .text.ll_init  0x00013aa4       0xdc zephyr/subsys/bluetooth/controller/libsubsys__bluetooth__controller.a(ull.c.obj)
                0x00013aa4                ll_init
 .text.ll_reset
                0x00013b80      0x12c zephyr/subsys/bluetooth/controller/libsubsys__bluetooth__controller.a(ull.c.obj)
                0x00013b80                ll_reset
 .text.ll_rx_get
                0x00013cac      0x1cc zephyr/subsys/bluetooth/controller/libsubsys__bluetooth__controller.a(ull.c.obj)
                0x00013cac                ll_rx_get
 .text.ll_rx_dequeue
                0x00013e78      0x19c zephyr/subsys/bluetooth/controller/libsubsys__bluetooth__controller.a(ull.c.obj)
                0x00013e78                ll_rx_dequeue
 .text.ll_rx_mem_release
                0x00014014      0x184 zephyr/subsys/bluetooth/controller/libsubsys__bluetooth__controller.a(ull.c.obj)
                0x00014014                ll_rx_mem_release
 .text.ll_rx_link_alloc
                0x00014198        0xc zephyr/subsys/bluetooth/controller/libsubsys__bluetooth__controller.a(ull.c.obj)
                0x00014198                ll_rx_link_alloc
 .text.ll_rx_link_release
                0x000141a4        0xc zephyr/subsys/bluetooth/controller/libsubsys__bluetooth__controller.a(ull.c.obj)
                0x000141a4                ll_rx_link_release
 .text.ll_rx_alloc
                0x000141b0        0xc zephyr/subsys/bluetooth/controller/libsubsys__bluetooth__controller.a(ull.c.obj)
                0x000141b0                ll_rx_alloc
 .text.ll_rx_release
                0x000141bc        0xc zephyr/subsys/bluetooth/controller/libsubsys__bluetooth__controller.a(ull.c.obj)
                0x000141bc                ll_rx_release
 .text.ll_rx_put
                0x000141c8       0x14 zephyr/subsys/bluetooth/controller/libsubsys__bluetooth__controller.a(ull.c.obj)
                0x000141c8                ll_rx_put
 .text.ll_rx_sched
                0x000141dc        0xc zephyr/subsys/bluetooth/controller/libsubsys__bluetooth__controller.a(ull.c.obj)
                0x000141dc                ll_rx_sched
 .text.ll_pdu_rx_alloc_peek
                0x000141e8       0x3c zephyr/subsys/bluetooth/controller/libsubsys__bluetooth__controller.a(ull.c.obj)
                0x000141e8                ll_pdu_rx_alloc_peek
 .text.ll_pdu_rx_alloc
                0x00014224       0x2c zephyr/subsys/bluetooth/controller/libsubsys__bluetooth__controller.a(ull.c.obj)
                0x00014224                ll_pdu_rx_alloc
 .text.ll_tx_ack_put
                0x00014250       0x68 zephyr/subsys/bluetooth/controller/libsubsys__bluetooth__controller.a(ull.c.obj)
                0x00014250                ll_tx_ack_put
 .text.ll_timeslice_ticker_id_get
                0x000142b8        0xc zephyr/subsys/bluetooth/controller/libsubsys__bluetooth__controller.a(ull.c.obj)
                0x000142b8                ll_timeslice_ticker_id_get
 .text.ll_radio_state_abort
                0x000142c4       0x40 zephyr/subsys/bluetooth/controller/libsubsys__bluetooth__controller.a(ull.c.obj)
                0x000142c4                ll_radio_state_abort
 .text.ull_ticker_status_take
                0x00014304       0x50 zephyr/subsys/bluetooth/controller/libsubsys__bluetooth__controller.a(ull.c.obj)
                0x00014304                ull_ticker_status_take
 .text.ull_disable_mark
                0x00014354       0x14 zephyr/subsys/bluetooth/controller/libsubsys__bluetooth__controller.a(ull.c.obj)
                0x00014354                ull_disable_mark
 .text.ull_disable_unmark
                0x00014368       0x18 zephyr/subsys/bluetooth/controller/libsubsys__bluetooth__controller.a(ull.c.obj)
                0x00014368                ull_disable_unmark
 .text.ull_disable_mark_get
                0x00014380        0xc zephyr/subsys/bluetooth/controller/libsubsys__bluetooth__controller.a(ull.c.obj)
                0x00014380                ull_disable_mark_get
 .text.ull_update_mark
                0x0001438c       0x14 zephyr/subsys/bluetooth/controller/libsubsys__bluetooth__controller.a(ull.c.obj)
                0x0001438c                ull_update_mark
 .text.ull_update_unmark
                0x000143a0       0x18 zephyr/subsys/bluetooth/controller/libsubsys__bluetooth__controller.a(ull.c.obj)
                0x000143a0                ull_update_unmark
 .text.ull_update_mark_get
                0x000143b8        0xc zephyr/subsys/bluetooth/controller/libsubsys__bluetooth__controller.a(ull.c.obj)
                0x000143b8                ull_update_mark_get
 .text.ull_disable
                0x000143c4       0x7c zephyr/subsys/bluetooth/controller/libsubsys__bluetooth__controller.a(ull.c.obj)
                0x000143c4                ull_disable
 .text.ull_ticker_stop_with_mark
                0x00014440       0x80 zephyr/subsys/bluetooth/controller/libsubsys__bluetooth__controller.a(ull.c.obj)
                0x00014440                ull_ticker_stop_with_mark
 .text.ull_pdu_rx_alloc_peek
                0x000144c0       0x3c zephyr/subsys/bluetooth/controller/libsubsys__bluetooth__controller.a(ull.c.obj)
                0x000144c0                ull_pdu_rx_alloc_peek
 .text.ull_pdu_rx_alloc
                0x000144fc       0x2c zephyr/subsys/bluetooth/controller/libsubsys__bluetooth__controller.a(ull.c.obj)
                0x000144fc                ull_pdu_rx_alloc
 .text.ull_rx_put
                0x00014528       0x20 zephyr/subsys/bluetooth/controller/libsubsys__bluetooth__controller.a(ull.c.obj)
                0x00014528                ull_rx_put
 .text.ull_rx_sched
                0x00014548       0x10 zephyr/subsys/bluetooth/controller/libsubsys__bluetooth__controller.a(ull.c.obj)
                0x00014548                ull_rx_sched
 .text.ull_prepare_enqueue
                0x00014558       0x6c zephyr/subsys/bluetooth/controller/libsubsys__bluetooth__controller.a(ull.c.obj)
                0x00014558                ull_prepare_enqueue
 .text.ull_prepare_dequeue_get
                0x000145c4       0x1c zephyr/subsys/bluetooth/controller/libsubsys__bluetooth__controller.a(ull.c.obj)
                0x000145c4                ull_prepare_dequeue_get
 .text.ull_prepare_dequeue_iter
                0x000145e0       0x40 zephyr/subsys/bluetooth/controller/libsubsys__bluetooth__controller.a(ull.c.obj)
                0x000145e0                ull_prepare_dequeue_iter
 .text.ull_event_done_extra_get
                0x00014620       0x20 zephyr/subsys/bluetooth/controller/libsubsys__bluetooth__controller.a(ull.c.obj)
                0x00014620                ull_event_done_extra_get
 .text.ull_event_done
                0x00014640       0x60 zephyr/subsys/bluetooth/controller/libsubsys__bluetooth__controller.a(ull.c.obj)
                0x00014640                ull_event_done
 .text.ticker_stop_cb
                0x000146a0       0x88 zephyr/subsys/bluetooth/controller/libsubsys__bluetooth__controller.a(ull_adv.c.obj)
 .text.disabled_cb
                0x00014728       0x94 zephyr/subsys/bluetooth/controller/libsubsys__bluetooth__controller.a(ull_adv.c.obj)
 .text.ticker_cb
                0x000147bc      0x12c zephyr/subsys/bluetooth/controller/libsubsys__bluetooth__controller.a(ull_adv.c.obj)
 .text.ticker_op_stop_cb
                0x000148e8       0xbc zephyr/subsys/bluetooth/controller/libsubsys__bluetooth__controller.a(ull_adv.c.obj)
 .text.ticker_op_update_cb
                0x000149a4       0x38 zephyr/subsys/bluetooth/controller/libsubsys__bluetooth__controller.a(ull_adv.c.obj)
 .text.conn_release.constprop.0
                0x000149dc       0x84 zephyr/subsys/bluetooth/controller/libsubsys__bluetooth__controller.a(ull_adv.c.obj)
 .text.disable.part.0
                0x00014a60      0x148 zephyr/subsys/bluetooth/controller/libsubsys__bluetooth__controller.a(ull_adv.c.obj)
 .text.ll_adv_params_set
                0x00014ba8      0x144 zephyr/subsys/bluetooth/controller/libsubsys__bluetooth__controller.a(ull_adv.c.obj)
                0x00014ba8                ll_adv_params_set
 .text.ll_adv_data_set
                0x00014cec       0x8c zephyr/subsys/bluetooth/controller/libsubsys__bluetooth__controller.a(ull_adv.c.obj)
                0x00014cec                ll_adv_data_set
 .text.ull_adv_init
                0x00014d78       0x1c zephyr/subsys/bluetooth/controller/libsubsys__bluetooth__controller.a(ull_adv.c.obj)
                0x00014d78                ull_adv_init
 .text.ull_adv_reset
                0x00014d94       0x18 zephyr/subsys/bluetooth/controller/libsubsys__bluetooth__controller.a(ull_adv.c.obj)
                0x00014d94                ull_adv_reset
 .text.ull_adv_reset_finalize
                0x00014dac       0x2c zephyr/subsys/bluetooth/controller/libsubsys__bluetooth__controller.a(ull_adv.c.obj)